188.29.164.69 - - [08/Nov/2013:00:00:18 +0000] "GET /jscript/min/1.1.2013.R09.00.02/yelldotcom/smartphone/all-global.js HTTP/1.1" 200 7944 "http://www.yell.com/s/day+nurseries-gillingham-kent.html" "Mozilla/5.0 (iPhone; CPU iPhone OS 7_0_2 like Mac OS X) AppleWebKit/537.51.1 (KHTML, like Gecko) Version/7.0 Mobile/11A501 Safari/9537.53"
124.168.115.93 - - [08/Nov/2013:00:00:18 +0000] "GET /static/image/86f19e67-6cfd-488b-881c-5d7cc2bcc09e_image_png?t=tr/w:80/h:60/m:FitPad HTTP/1.1" 200 4404 "http://www.yell.com/s/massage+therapy-belgrave-leicester.html" "Mozilla/5.0 (iPad; CPU OS 6_1_3 like Mac OS X) AppleWebKit/536.26 (KHTML, like Gecko) Version/6.0 Mobile/10B329 Safari/8536.25"
188.29.164.69 - - [08/Nov/2013:00:00:18 +0000] "GET /jscript/min/1.1.2013.R09.00.02/yelldotcom/smartphone/all-results.js HTTP/1.1" 200 965 "http://www.yell.com/s/day+nurseries-gillingham-kent.html" "Mozilla/5.0 (iPhone; CPU iPhone OS 7_0_2 like Mac OS X) AppleWebKit/537.51.1 (KHTML, like Gecko) Version/7.0 Mobile/11A501 Safari/9537.53"
192.168.92.21 - - [08/Nov/2013:00:00:18 +0000] "GET /yell/footer.html HTTP/1.1" 200 4308 "-" "Java/1.6.0_24"
192.168.92.21 - - [08/Nov/2013:00:00:18 +0000] "GET /yell/search_social.html HTTP/1.1" 200 1402 "-" "Java/1.6.0_24"
192.168.92.21 - - [08/Nov/2013:00:00:18 +0000] "GET /yell/header.html HTTP/1.1" 200 1401 "-" "Java/1.6.0_24"
192.168.92.20 - - [08/Nov/2013:00:00:18 +0000] "GET /yell/footer.html HTTP/1.1" 200 4308 "-" "Java/1.6.0_24"
94.9.105.231 - - [08/Nov/2013:00:00:18 +0000] "GET /biz/stewart-associates-largs-2872590/ HTTP/1.1" 200 7452 "-" "Mozilla/4.0 (compatible; MSIE 7.0; Windows NT 6.1; Trident/6.0; SLCC2; .NET CLR 2.0.50727; .NET CLR 3.5.30729; .NET CLR 3.0.30729; Media Center PC 6.0; .NET4.0C; InfoPath.2)"
151.229.149.138 - - [08/Nov/2013:00:00:17 +0000] "GET /ucs/UcsSearchAction.do?keywords=solicitors&location=lurgan%2C+craigavon&scrambleSeed=671870095&showOoa=10&pageNum=4 HTTP/1.1" 200 18381 "http://www.yell.com/ucs/UcsSearchAction.do?keywords=solicitors&location=lurgan%2C+craigavon&scrambleSeed=671870095&showOoa=10&pageNum=3" "Mozilla/5.0 (compatible; MSIE 9.0; Windows NT 6.1; Win64; x64; Trident/5.0)"
192.168.92.26 - - [08/Nov/2013:00:00:18 +0000] "GET /yell/search_social.html HTTP/1.1" 200 1402 "-" "Java/1.6.0_24"
124.168.115.93 - - [08/Nov/2013:00:00:18 +0000] "GET /static/image/57b4bbfe-edb3-4235-a3dd-680704f3da69_image_png?t=tr/w:80/h:60/m:FitPad HTTP/1.1" 200 6617 "http://www.yell.com/s/massage+therapy-belgrave-leicester.html" "Mozilla/5.0 (iPad; CPU OS 6_1_3 like Mac OS X) AppleWebKit/536.26 (KHTML, like Gecko) Version/6.0 Mobile/10B329 Safari/8536.25"
66.249.75.153 - - [08/Nov/2013:00:00:17 +0000] "GET /s/generators-garguston.html HTTP/1.1" 200 13281 "-" "Mozilla/5.0 (compatible; Googlebot/2.1; +http://www.google.com/bot.html)"
188.29.164.69 - - [08/Nov/2013:00:00:18 +0000] "GET /js/Omniture.H.22.1.js HTTP/1.1" 200 10068 "http://www.yell.com/s/day+nurseries-gillingham-kent.html" "Mozilla/5.0 (iPhone; CPU iPhone OS 7_0_2 like Mac OS X) AppleWebKit/537.51.1 (KHTML, like Gecko) Version/7.0 Mobile/11A501 Safari/9537.53"
87.106.91.228 - - [08/Nov/2013:00:00:17 +0000] "GET /ucs/UcsSearchAction.do?startAt=10&keywords=Family+Planning&location=CF10&scrambleSeed=39517908&ssm=1&showOoa=10&pageNum=3&advanced=true HTTP/1.1" 200 43479 "-" "Mozilla/5.0 (X11; Linux i686) AppleWebKit/534.34 (KHTML, like Gecko) rekonq Safari/534.342011-10-16 20:21:01"
157.55.35.43 - - [08/Nov/2013:00:00:18 +0000] "GET /b/Rochdale+Adoption+and+Fostering+Service-Adoption+and+Fostering-Rochdale-OL120ED-2173993/index.html HTTP/1.1" 301 20 "-" "Mozilla/5.0 (compatible; bingbot/2.0; +http://www.bing.com/bingbot.htm)"
66.249.66.126 - - [08/Nov/2013:00:00:17 +0000] "GET /ucs/UcsSearchAction.do;jsessionid=C03006E568858190C001939EB5C88C43?keywords=painters+and+decorators&location=nancekuke&scrambleSeed=390195028&targetName=&M=1&T=1&startOoaAt=0&pageNum=1 HTTP/1.1" 200 6910 "-" "Mozilla/5.0 (compatible; Googlebot/2.1; +http://www.google.com/bot.html)"
192.168.92.25 - - [08/Nov/2013:00:00:18 +0000] "GET /yell/footer.html HTTP/1.1" 200 4308 "-" "Java/1.6.0_24"
192.168.92.25 - - [08/Nov/2013:00:00:18 +0000] "GET /yell/header.html HTTP/1.1" 200 1401 "-" "Java/1.6.0_24"
66.249.66.99 - - [08/Nov/2013:00:00:18 +0000] "GET /b/Martin+Livsey+Building+Contractor-Pointing-thorntoncleveleys-FY52ZJ-901236883/index.html HTTP/1.1" 404 6514 "-" "Mozilla/5.0 (compatible; Googlebot/2.1; +http://www.google.com/bot.html)"
66.249.66.131 - - [08/Nov/2013:00:00:18 +0000] "GET /s/franchising-newtownhamilton.html HTTP/1.1" 200 14172 "-" "Mozilla/5.0 (compatible; Googlebot/2.1; +http://www.google.com/bot.html)"
192.168.92.26 - - [08/Nov/2013:00:00:18 +0000] "GET /yell/search_social.html HTTP/1.1" 200 1402 "-" "Java/1.6.0_24"
151.229.149.138 - - [08/Nov/2013:00:00:18 +0000] "GET /static/image/c6d89003-f8bf-4425-bbaf-3426c37f6855_image_jpeg?t=tr/w:80/h:60/m:FitPad HTTP/1.1" 200 1332 "http://www.yell.com/ucs/UcsSearchAction.do?keywords=solicitors&location=lurgan%2C+craigavon&scrambleSeed=671870095&showOoa=10&pageNum=4" "Mozilla/5.0 (compatible; MSIE 9.0; Windows NT 6.1; Win64; x64; Trident/5.0)"
151.229.149.138 - - [08/Nov/2013:00:00:18 +0000] "GET /static/image/abf28c9b-cb68-4c7e-aa97-5a78dfd25eb4_image_jpeg?t=tr/w:80/h:60/m:FitPad HTTP/1.1" 200 970 "http://www.yell.com/ucs/UcsSearchAction.do?keywords=solicitors&location=lurgan%2C+craigavon&scrambleSeed=671870095&showOoa=10&pageNum=4" "Mozilla/5.0 (compatible; MSIE 9.0; Windows NT 6.1; Win64; x64; Trident/5.0)"
192.168.92.26 - - [08/Nov/2013:00:00:18 +0000] "GET /yell/search_social.html HTTP/1.1" 200 1402 "-" "Java/1.6.0_24"
192.168.92.26 - - [08/Nov/2013:00:00:18 +0000] "GET /yell/search_social.html HTTP/1.1" 200 1402 "-" "Java/1.6.0_24"
192.168.92.26 - - [08/Nov/2013:00:00:18 +0000] "GET /yell/header.html HTTP/1.1" 200 1401 "-" "Java/1.6.0_24"
192.168.92.20 - - [08/Nov/2013:00:00:18 +0000] "GET /yell/header.html HTTP/1.1" 200 1401 "-" "Java/1.6.0_24"
192.168.92.25 - - [08/Nov/2013:00:00:18 +0000] "GET /yell/footer.html HTTP/1.1" 200 4308 "-" "Java/1.6.0_24"
157.56.93.41 - - [08/Nov/2013:00:00:18 +0000] "GET /s/buy+cars-grosebay-harris.html HTTP/1.1" 200 15339 "-" "Mozilla/5.0 (compatible; bingbot/2.0; +http://www.bing.com/bingbot.htm)"
199.30.24.14 - - [08/Nov/2013:00:00:18 +0000] "GET /ucs/ListingSnippets.do?natids=222726,6669046,169279,7030080,6667889,3405867,232800,6474553,265272,169828,4670707,6703290,2899594,6667957,6572009&keywords=farmers HTTP/1.1" 200 22 "http://www.yell.com/s/farmers-parrowfield.html" "Mozilla/5.0 (Windows NT 6.1; WOW64) AppleWebKit/534+ (KHTML, like Gecko) BingPreview/1.0b"
192.168.92.26 - - [08/Nov/2013:00:00:18 +0000] "GET /yell/footer.html HTTP/1.1" 200 4308 "-" "Java/1.6.0_24"
192.168.92.26 - - [08/Nov/2013:00:00:18 +0000] "GET /yell/footer.html HTTP/1.1" 200 4308 "-" "Java/1.6.0_24"
192.168.92.20 - - [08/Nov/2013:00:00:18 +0000] "GET /yell/search_social.html HTTP/1.1" 200 1402 "-" "Java/1.6.0_24"
81.110.248.84 - - [08/Nov/2013:00:00:18 +0000] "GET /autocomplete/autoComplete.do?type=keyword_2box&value=pree%20shool HTTP/1.1" 200 22 "http://www.yell.com/" "Mozilla/5.0 (Windows NT 6.1; rv:25.0) Gecko/20100101 Firefox/25.0"
192.168.92.20 - - [08/Nov/2013:00:00:18 +0000] "GET /yell/header.html HTTP/1.1" 200 1401 "-" "Java/1.6.0_24"
192.168.92.25 - - [08/Nov/2013:00:00:18 +0000] "GET /yell/header.html HTTP/1.1" 200 1401 "-" "Java/1.6.0_24"
192.168.92.20 - - [08/Nov/2013:00:00:18 +0000] "GET /yell/footer.html HTTP/1.1" 200 4308 "-" "Java/1.6.0_24"
192.168.92.21 - - [08/Nov/2013:00:00:18 +0000] "GET /yell/footer.html HTTP/1.1" 200 4308 "-" "Java/1.6.0_24"
192.168.92.21 - - [08/Nov/2013:00:00:18 +0000] "GET /yell/search_social.html HTTP/1.1" 200 1402 "-" "Java/1.6.0_24"
192.168.92.21 - - [08/Nov/2013:00:00:18 +0000] "GET /yell/header.html HTTP/1.1" 200 1401 "-" "Java/1.6.0_24"
192.168.92.26 - - [08/Nov/2013:00:00:18 +0000] "GET /yell/footer.html HTTP/1.1" 200 4308 "-" "Java/1.6.0_24"
81.111.232.92 - - [08/Nov/2013:00:00:18 +0000] "GET /biz/lestan-sewing-machines-nelson-1186430/ HTTP/1.1" 200 4144 "https://www.google.co.uk/" "Mozilla/5.0 (iPhone; CPU iPhone OS 7_0_3 like Mac OS X) AppleWebKit/537.51.1 (KHTML, like Gecko) Version/7.0 Mobile/11B511 Safari/9537.53"
192.168.92.20 - - [08/Nov/2013:00:00:18 +0000] "GET /yell/header.html HTTP/1.1" 200 1401 "-" "Java/1.6.0_24"
62.25.109.197 - - [08/Nov/2013:00:00:18 +0000] "GET /static/image/16b33714-cc3b-4bc4-9948-6023373427c3_image_jpeg?t=tr/w:80/h:60/m:FitPad HTTP/1.1" 200 1458 "http://www.yell.com/ucs/UcsSearchAction.do?keywords=crompton+and+harris&location=bury&scrambleSeed=50927092&searchType=&M=&bandedclarifyResults=&ssm=1" "Mozilla/4.0 (compatible; MSIE 6.0; Windows NT 5.1; SV1; .NET CLR 1.1.4322; .NET CLR 2.0.50727; .NET CLR 3.0.4506.2152; .NET CLR 3.5.30729; .NET4.0C; .NET4.0E)"
192.168.92.26 - - [08/Nov/2013:00:00:18 +0000] "GET /yell/footer.html HTTP/1.1" 200 4308 "-" "Java/1.6.0_24"
192.168.92.21 - - [08/Nov/2013:00:00:18 +0000] "GET /yell/search_social.html HTTP/1.1" 200 1402 "-" "Java/1.6.0_24"
192.168.92.20 - - [08/Nov/2013:00:00:18 +0000] "GET /yell/footer.html HTTP/1.1" 200 4308 "-" "Java/1.6.0_24"
192.168.92.21 - - [08/Nov/2013:00:00:18 +0000] "GET /yell/footer.html HTTP/1.1" 200 4308 "-" "Java/1.6.0_24"
62.25.109.197 - - [08/Nov/2013:00:00:18 +0000] "GET /static/image/19eb67ac-5c5b-4004-ac3f-30641156ae1d_image_jpeg?t=tr/w:80/h:60/m:FitPad HTTP/1.1" 200 1045 "http://www.yell.com/ucs/UcsSearchAction.do?keywords=crompton+and+harris&location=bury&scrambleSeed=50927092&searchType=&M=&bandedclarifyResults=&ssm=1" "Mozilla/4.0 (compatible; MSIE 6.0; Windows NT 5.1; SV1; .NET CLR 1.1.4322; .NET CLR 2.0.50727; .NET CLR 3.0.4506.2152; .NET CLR 3.5.30729; .NET4.0C; .NET4.0E)"
95.146.75.58 - - [08/Nov/2013:00:00:18 +0000] "GET /s/organ+builders+and+dealers-new+pudsey+station-pudsey.html HTTP/1.1" 200 15454 "https://www.google.co.uk/" "Mozilla/5.0 (Windows NT 6.1; WOW64) AppleWebKit/537.36 (KHTML, like Gecko) Chrome/30.0.1599.101 Safari/537.36"
192.168.92.20 - - [08/Nov/2013:00:00:18 +0000] "GET /yell/search_social.html HTTP/1.1" 200 1402 "-" "Java/1.6.0_24"
66.249.66.99 - - [08/Nov/2013:00:00:18 +0000] "GET /b/MH+Cleaning+Solution+Ltd-Carpet+and+Upholstery+Cleaners-900556062/index.html HTTP/1.1" 404 6514 "-" "Mozilla/5.0 (compatible; Googlebot/2.1; +http://www.google.com/bot.html)"
192.168.92.20 - - [08/Nov/2013:00:00:18 +0000] "GET /yell/header.html HTTP/1.1" 200 1401 "-" "Java/1.6.0_24"
87.106.91.228 - - [08/Nov/2013:00:00:17 +0000] "GET /ucs/UcsSearchAction.do?startAt=10&keywords=Electrical+Contractors&location=BH18&scrambleSeed=39517908&ssm=1&showOoa=10&pageNum=3&advanced=true HTTP/1.1" 200 114597 "-" "Mozilla/5.0 (compatible; MSIE 9.0; Windows NT 6.1; WOW64; Trident/5.0)2011-10-16 20:21:07"
81.111.232.92 - - [08/Nov/2013:00:00:18 +0000] "GET /css/min/1.1.2013.R09.00.02/yelldotcom/smartphone/all-global.css HTTP/1.1" 200 16943 "http://www.yell.com/biz/lestan-sewing-machines-nelson-1186430/" "Mozilla/5.0 (iPhone; CPU iPhone OS 7_0_3 like Mac OS X) AppleWebKit/537.51.1 (KHTML, like Gecko) Version/7.0 Mobile/11B511 Safari/9537.53"
94.11.6.176 - - [08/Nov/2013:00:00:17 +0000] "GET /s/t+shirt+printers-york.html HTTP/1.1" 200 18669 "http://www.google.co.uk/url?sa=t&rct=j&q=&esrc=s&source=web&cd=2&ved=0CFEQFjAB&url=http%3A%2F%2Fwww.yell.com%2Fs%2Ft%2Bshirt%2Bprinters-york.html&ei=OSl8UuHoNNCqhAe-8YHQCQ&usg=AFQjCNHe0FPiT__j4680pNrNNDxo5ruPlA&sig2=WZiFtaZmKVWMGG6O3368Xg&bvm=bv.56146854,d.ZG4" "Mozilla/5.0 (Macintosh; Intel Mac OS X 10_7_5) AppleWebKit/536.30.1 (KHTML, like Gecko) Version/6.0.5 Safari/536.30.1"
192.168.92.20 - - [08/Nov/2013:00:00:18 +0000] "GET /yell/search_social.html HTTP/1.1" 200 1402 "-" "Java/1.6.0_24"
192.168.92.20 - - [08/Nov/2013:00:00:18 +0000] "GET /yell/header.html HTTP/1.1" 200 1401 "-" "Java/1.6.0_24"
192.168.92.21 - - [08/Nov/2013:00:00:18 +0000] "GET /yell/header.html HTTP/1.1" 200 1401 "-" "Java/1.6.0_24"
192.168.92.20 - - [08/Nov/2013:00:00:18 +0000] "GET /yell/search_social.html HTTP/1.1" 200 1402 "-" "Java/1.6.0_24"
192.168.92.21 - - [08/Nov/2013:00:00:18 +0000] "GET /yell/header.html HTTP/1.1" 200 1401 "-" "Java/1.6.0_24"
192.168.92.21 - - [08/Nov/2013:00:00:18 +0000] "GET /yell/search_social.html HTTP/1.1" 200 1402 "-" "Java/1.6.0_24"
192.168.92.20 - - [08/Nov/2013:00:00:18 +0000] "GET /yell/search_social.html HTTP/1.1" 200 1402 "-" "Java/1.6.0_24"
192.168.92.21 - - [08/Nov/2013:00:00:18 +0000] "GET /yell/header.html HTTP/1.1" 200 1401 "-" "Java/1.6.0_24"
192.168.92.26 - - [08/Nov/2013:00:00:18 +0000] "GET /yell/search_social.html HTTP/1.1" 200 1402 "-" "Java/1.6.0_24"
192.168.92.26 - - [08/Nov/2013:00:00:18 +0000] "GET /yell/header.html HTTP/1.1" 200 1401 "-" "Java/1.6.0_24"
81.111.232.92 - - [08/Nov/2013:00:00:18 +0000] "GET /css/min/1.1.2013.R09.00.02/yelldotcom/smartphone/all-bip.css HTTP/1.1" 200 11487 "http://www.yell.com/biz/lestan-sewing-machines-nelson-1186430/" "Mozilla/5.0 (iPhone; CPU iPhone OS 7_0_3 like Mac OS X) AppleWebKit/537.51.1 (KHTML, like Gecko) Version/7.0 Mobile/11B511 Safari/9537.53"
87.106.91.228 - - [08/Nov/2013:00:00:17 +0000] "GET /ucs/UcsSearchAction.do?startAt=10&keywords=Driving+Schools&location=CF23&scrambleSeed=39517908&ssm=1&showOoa=10&pageNum=1&advanced=true HTTP/1.1" 200 116458 "-" "Mozilla/5.0 (Windows; U; Windows NT 6.1; en-US; rv:1.9.2.23) Gecko/20110920 Firefox/3.6.23 SearchToolbar/1.22011-10-16 20:20:07"
192.168.92.26 - - [08/Nov/2013:00:00:18 +0000] "GET /yell/search_social.html HTTP/1.1" 200 1402 "-" "Java/1.6.0_24"
192.168.92.26 - - [08/Nov/2013:00:00:18 +0000] "GET /yell/header.html HTTP/1.1" 200 1401 "-" "Java/1.6.0_24"
66.249.66.132 - - [08/Nov/2013:00:00:17 +0000] "GET /s/lpg-woodside+park+tube-woodside+park.html HTTP/1.1" 200 18106 "-" "Mozilla/5.0 (compatible; Googlebot/2.1; +http://www.google.com/bot.html)"
192.168.92.20 - - [08/Nov/2013:00:00:18 +0000] "GET /yell/footer.html HTTP/1.1" 200 4308 "-" "Java/1.6.0_24"
192.168.92.20 - - [08/Nov/2013:00:00:18 +0000] "GET /yell/footer.html HTTP/1.1" 200 4308 "-" "Java/1.6.0_24"
95.146.75.58 - - [08/Nov/2013:00:00:18 +0000] "GET /static/image/68e2e450-7595-447e-9977-f48e9b8942eb_image_gif?t=tr/w:80/h:60/m:FitPad HTTP/1.1" 200 2466 "http://www.yell.com/s/organ+builders+and+dealers-new+pudsey+station-pudsey.html" "Mozilla/5.0 (Windows NT 6.1; WOW64) AppleWebKit/537.36 (KHTML, like Gecko) Chrome/30.0.1599.101 Safari/537.36"
81.111.232.92 - - [08/Nov/2013:00:00:18 +0000] "GET /jscript/min/1.1.2013.R09.00.02/yelldotcom/smartphone/all-bip.js HTTP/1.1" 200 322 "http://www.yell.com/biz/lestan-sewing-machines-nelson-1186430/" "Mozilla/5.0 (iPhone; CPU iPhone OS 7_0_3 like Mac OS X) AppleWebKit/537.51.1 (KHTML, like Gecko) Version/7.0 Mobile/11B511 Safari/9537.53"
81.111.232.92 - - [08/Nov/2013:00:00:18 +0000] "GET /jscript/min/1.1.2013.R09.00.02/yelldotcom/smartphone/all-global.js HTTP/1.1" 200 7944 "http://www.yell.com/biz/lestan-sewing-machines-nelson-1186430/" "Mozilla/5.0 (iPhone; CPU iPhone OS 7_0_3 like Mac OS X) AppleWebKit/537.51.1 (KHTML, like Gecko) Version/7.0 Mobile/11B511 Safari/9537.53"
192.168.92.20 - - [08/Nov/2013:00:00:18 +0000] "GET /yell/footer.html HTTP/1.1" 200 4308 "-" "Java/1.6.0_24"
192.168.92.21 - - [08/Nov/2013:00:00:18 +0000] "GET /yell/footer.html HTTP/1.1" 200 4308 "-" "Java/1.6.0_24"
192.168.92.21 - - [08/Nov/2013:00:00:18 +0000] "GET /yell/footer.html HTTP/1.1" 200 4308 "-" "Java/1.6.0_24"
192.168.92.26 - - [08/Nov/2013:00:00:18 +0000] "GET /yell/footer.html HTTP/1.1" 200 4308 "-" "Java/1.6.0_24"
81.111.232.92 - - [08/Nov/2013:00:00:18 +0000] "GET /js/Omniture.H.22.1.js HTTP/1.1" 200 10068 "http://www.yell.com/biz/lestan-sewing-machines-nelson-1186430/" "Mozilla/5.0 (iPhone; CPU iPhone OS 7_0_3 like Mac OS X) AppleWebKit/537.51.1 (KHTML, like Gecko) Version/7.0 Mobile/11B511 Safari/9537.53"
192.168.92.26 - - [08/Nov/2013:00:00:18 +0000] "GET /yell/footer.html HTTP/1.1" 200 4308 "-" "Java/1.6.0_24"
192.168.92.26 - - [08/Nov/2013:00:00:18 +0000] "GET /yell/header.html HTTP/1.1" 200 1401 "-" "Java/1.6.0_24"
192.168.92.20 - - [08/Nov/2013:00:00:18 +0000] "GET /yell/footer.html HTTP/1.1" 200 4308 "-" "Java/1.6.0_24"
192.168.92.20 - - [08/Nov/2013:00:00:18 +0000] "GET /yell/search_social.html HTTP/1.1" 200 1402 "-" "Java/1.6.0_24"
192.168.92.20 - - [08/Nov/2013:00:00:18 +0000] "GET /yell/header.html HTTP/1.1" 200 1401 "-" "Java/1.6.0_24"
65.55.52.117 - - [08/Nov/2013:00:00:18 +0000] "GET /s/cleaners-saundersfoot.html HTTP/1.1" 200 20078 "-" "Mozilla/5.0 (compatible; bingbot/2.0; +http://www.bing.com/bingbot.htm)"
192.168.92.20 - - [08/Nov/2013:00:00:18 +0000] "GET /yell/footer.html HTTP/1.1" 200 4308 "-" "Java/1.6.0_24"
192.168.92.20 - - [08/Nov/2013:00:00:18 +0000] "GET /yell/footer.html HTTP/1.1" 200 4308 "-" "Java/1.6.0_24"
95.146.75.58 - - [08/Nov/2013:00:00:18 +0000] "GET /ucs/combined.js.h-1172771875.pack HTTP/1.1" 200 25019 "http://www.yell.com/s/organ+builders+and+dealers-new+pudsey+station-pudsey.html" "Mozilla/5.0 (Windows NT 6.1; WOW64) AppleWebKit/537.36 (KHTML, like Gecko) Chrome/30.0.1599.101 Safari/537.36"
157.55.35.43 - - [08/Nov/2013:00:00:18 +0000] "GET /reviews/esprit-1x56h86-r HTTP/1.1" 301 20 "-" "Mozilla/5.0 (compatible; bingbot/2.0; +http://www.bing.com/bingbot.htm)"
192.168.92.20 - - [08/Nov/2013:00:00:19 +0000] "GET /yell/footer.html HTTP/1.1" 200 4308 "-" "Java/1.6.0_24"
192.168.92.20 - - [08/Nov/2013:00:00:19 +0000] "GET /yell/footer.html HTTP/1.1" 200 4308 "-" "Java/1.6.0_24"
94.11.6.176 - - [08/Nov/2013:00:00:19 +0000] "GET /js/omniture-H.25.js HTTP/1.1" 200 14010 "http://www.yell.com/s/t+shirt+printers-york.html" "Mozilla/5.0 (Macintosh; Intel Mac OS X 10_7_5) AppleWebKit/536.30.1 (KHTML, like Gecko) Version/6.0.5 Safari/536.30.1"
192.168.92.20 - - [08/Nov/2013:00:00:19 +0000] "GET /yell/footer.html HTTP/1.1" 200 4308 "-" "Java/1.6.0_24"
192.168.92.20 - - [08/Nov/2013:00:00:19 +0000] "GET /yell/search_social.html HTTP/1.1" 200 1402 "-" "Java/1.6.0_24"
192.168.92.25 - - [08/Nov/2013:00:00:19 +0000] "GET /yell/header.html HTTP/1.1" 200 1401 "-" "Java/1.6.0_24"
192.168.92.20 - - [08/Nov/2013:00:00:19 +0000] "GET /yell/footer.html HTTP/1.1" 200 4308 "-" "Java/1.6.0_24"
37.221.160.203 - - [08/Nov/2013:00:00:19 +0000] "GET http://www.yell.com/biz/jackson-offshore-supply-ltd-peterhead-6570351/ HTTP/1.1" 200 23181 "-" "Mozilla/5.0 (X11; Linux x86_64) AppleWebKit/537.22 (KHTML, like Gecko) Ubuntu Chromium/25.0.1364.160 Chrome/25.0.1364.160 Safari/537.22"
178.108.168.237 - - [08/Nov/2013:00:00:19 +0000] "GET /ucs/combined.js.h-1172771875.pack HTTP/1.1" 200 25019 "http://www.yell.com/s/nursery+schools-chesterfield.html" "Mozilla/5.0 (compatible; MSIE 10.0; Windows NT 6.1; Trident/6.0)"
192.168.92.20 - - [08/Nov/2013:00:00:19 +0000] "GET /yell/search_social.html HTTP/1.1" 200 1402 "-" "Java/1.6.0_24"
192.168.92.20 - - [08/Nov/2013:00:00:19 +0000] "GET /yell/header.html HTTP/1.1" 200 1401 "-" "Java/1.6.0_24"
192.168.92.20 - - [08/Nov/2013:00:00:19 +0000] "GET /yell/footer.html HTTP/1.1" 200 4308 "-" "Java/1.6.0_24"
192.168.92.25 - - [08/Nov/2013:00:00:19 +0000] "GET /yell/search_social.html HTTP/1.1" 200 1402 "-" "Java/1.6.0_24"
192.168.92.25 - - [08/Nov/2013:00:00:19 +0000] "GET /yell/header.html HTTP/1.1" 200 1401 "-" "Java/1.6.0_24"
192.168.92.21 - - [08/Nov/2013:00:00:19 +0000] "GET /yell/footer.html HTTP/1.1" 200 4308 "-" "Java/1.6.0_24"
178.108.168.237 - - [08/Nov/2013:00:00:19 +0000] "GET /ucs/combined.css.h-1084000735.pack HTTP/1.1" 200 15308 "http://www.yell.com/s/nursery+schools-chesterfield.html" "Mozilla/5.0 (compatible; MSIE 10.0; Windows NT 6.1; Trident/6.0)"
192.168.92.20 - - [08/Nov/2013:00:00:19 +0000] "GET /yell/search_social.html HTTP/1.1" 200 1402 "-" "Java/1.6.0_24"
192.168.92.20 - - [08/Nov/2013:00:00:19 +0000] "GET /yell/header.html HTTP/1.1" 200 1401 "-" "Java/1.6.0_24"
81.110.248.84 - - [08/Nov/2013:00:00:19 +0000] "GET /autocomplete/autoComplete.do?type=keyword_2box&value=pree%20shools HTTP/1.1" 200 22 "http://www.yell.com/" "Mozilla/5.0 (Windows NT 6.1; rv:25.0) Gecko/20100101 Firefox/25.0"
178.108.168.237 - - [08/Nov/2013:00:00:19 +0000] "GET /ucs/combined.js.h-830824398.pack HTTP/1.1" 200 86122 "http://www.yell.com/s/nursery+schools-chesterfield.html" "Mozilla/5.0 (compatible; MSIE 10.0; Windows NT 6.1; Trident/6.0)"
82.132.228.11 - - [08/Nov/2013:00:00:18 +0000] "GET /s/pizza+delivery+and+takeaway-leven-fife.html HTTP/1.1" 200 2873 "http://www.google.co.uk/m/search?q=food+deliverys+after+12+in+leven&client=ms-hms-tef-uk&x=0&y=0" "BlackBerry8520/5.0.0.681 Profile/MIDP-2.1 Configuration/CLDC-1.1 VendorID/603"
192.168.92.20 - - [08/Nov/2013:00:00:19 +0000] "GET /yell/header.html HTTP/1.1" 200 1401 "-" "Java/1.6.0_24"
192.168.92.25 - - [08/Nov/2013:00:00:19 +0000] "GET /yell/header.html HTTP/1.1" 200 1401 "-" "Java/1.6.0_24"
37.221.160.203 - - [08/Nov/2013:00:00:19 +0000] "GET http://www.yell.com/biz/jackson-p-and-marsden-a-peterhead-630734/ HTTP/1.1" 200 22667 "-" "Mozilla/5.0 (X11; Linux x86_64) AppleWebKit/537.22 (KHTML, like Gecko) Ubuntu Chromium/25.0.1364.160 Chrome/25.0.1364.160 Safari/537.22"
192.168.92.20 - - [08/Nov/2013:00:00:19 +0000] "GET /yell/header.html HTTP/1.1" 200 1401 "-" "Java/1.6.0_24"
192.168.92.20 - - [08/Nov/2013:00:00:19 +0000] "GET /yell/homePromo.html HTTP/1.1" 200 2003 "-" "Java/1.6.0_24"
37.221.160.203 - - [08/Nov/2013:00:00:19 +0000] "GET http://www.yell.com/biz/jackson-p-j-s-bradford-957626/ HTTP/1.1" 200 23613 "-" "Mozilla/5.0 (X11; Linux x86_64) AppleWebKit/537.22 (KHTML, like Gecko) Ubuntu Chromium/25.0.1364.160 Chrome/25.0.1364.160 Safari/537.22"
192.168.92.20 - - [08/Nov/2013:00:00:19 +0000] "GET /yell/footer.html HTTP/1.1" 200 4308 "-" "Java/1.6.0_24"
192.168.92.25 - - [08/Nov/2013:00:00:19 +0000] "GET /yell/footer.html HTTP/1.1" 200 4308 "-" "Java/1.6.0_24"
192.168.92.20 - - [08/Nov/2013:00:00:19 +0000] "GET /yell/homepage_social.html HTTP/1.1" 200 140 "-" "Java/1.6.0_24"
87.106.91.228 - - [08/Nov/2013:00:00:18 +0000] "GET /ucs/UcsSearchAction.do?startAt=10&keywords=Electrical+Installation&location=CF99&scrambleSeed=39517908&ssm=1&showOoa=10&pageNum=1&advanced=true HTTP/1.1" 200 137278 "-" "Mozilla/5.0 (X11; Linux i686) AppleWebKit/534.34 (KHTML, like Gecko) rekonq Safari/534.342011-10-16 20:21:01"
192.168.92.21 - - [08/Nov/2013:00:00:19 +0000] "GET /yell/search_social.html HTTP/1.1" 200 1402 "-" "Java/1.6.0_24"
192.168.92.21 - - [08/Nov/2013:00:00:19 +0000] "GET /yell/header.html HTTP/1.1" 200 1401 "-" "Java/1.6.0_24"
87.106.91.228 - - [08/Nov/2013:00:00:18 +0000] "GET /ucs/UcsSearchAction.do?startAt=10&keywords=Electrician&location=CF31&scrambleSeed=39517908&ssm=1&showOoa=10&pageNum=1&advanced=true HTTP/1.1" 200 124896 "-" "Mozilla/5.0 (X11; Linux i686) AppleWebKit/534.34 (KHTML, like Gecko) rekonq Safari/534.342011-10-16 20:21:01"
87.106.91.228 - - [08/Nov/2013:00:00:18 +0000] "GET /ucs/UcsSearchAction.do?startAt=10&keywords=Electrical+Inspection&location=CF15&scrambleSeed=39517908&ssm=1&showOoa=10&pageNum=2&advanced=true HTTP/1.1" 200 119945 "-" "Mozilla/5.0 (Windows NT 6.1; rv:5.0) Gecko/20100101 Firefox/5.02011-10-16 20:21:42"
192.168.92.21 - - [08/Nov/2013:00:00:19 +0000] "GET /yell/search_social.html HTTP/1.1" 200 1402 "-" "Java/1.6.0_24"
192.168.92.21 - - [08/Nov/2013:00:00:19 +0000] "GET /yell/header.html HTTP/1.1" 200 1401 "-" "Java/1.6.0_24"
5.10.83.41 - - [08/Nov/2013:00:00:19 +0000] "GET /biz/united-furniture-uk-ltd-brandon-7079779/?view=map HTTP/1.1" 200 3914 "-" "Mozilla/5.0 (compatible; AhrefsBot/5.0; +http://ahrefs.com/robot/)"
37.221.160.203 - - [08/Nov/2013:00:00:19 +0000] "GET http://www.yell.com/biz/jacksonplan-ltd-hartlepool-4107743/ HTTP/1.1" 200 22571 "-" "Mozilla/5.0 (X11; Linux x86_64) AppleWebKit/537.22 (KHTML, like Gecko) Ubuntu Chromium/25.0.1364.160 Chrome/25.0.1364.160 Safari/537.22"
192.168.92.25 - - [08/Nov/2013:00:00:19 +0000] "GET /yell/search_social.html HTTP/1.1" 200 1402 "-" "Java/1.6.0_24"
192.168.92.25 - - [08/Nov/2013:00:00:19 +0000] "GET /yell/footer.html HTTP/1.1" 200 4308 "-" "Java/1.6.0_24"
192.168.92.21 - - [08/Nov/2013:00:00:19 +0000] "GET /yell/search_social.html HTTP/1.1" 200 1402 "-" "Java/1.6.0_24"
87.106.91.228 - - [08/Nov/2013:00:00:18 +0000] "GET /ucs/UcsSearchAction.do?startAt=10&keywords=Driving+Lesson&location=CF14&scrambleSeed=39517908&ssm=1&showOoa=10&pageNum=2&advanced=true HTTP/1.1" 200 111582 "-" "Mozilla/5.0 (Macintosh; Intel Mac OS X 10_7_2) AppleWebKit/535.1 (KHTML, like Gecko) Chrome/14.0.835.202 Safari/535.12011-10-16 20:21:13"
192.168.92.21 - - [08/Nov/2013:00:00:19 +0000] "GET /yell/header.html HTTP/1.1" 200 1401 "-" "Java/1.6.0_24"
192.168.92.21 - - [08/Nov/2013:00:00:19 +0000] "GET /yell/footer.html HTTP/1.1" 200 4308 "-" "Java/1.6.0_24"
81.7.13.161 - - [08/Nov/2013:00:00:18 +0000] "GET /s/painting+contractors-banbridge.html HTTP/1.1" 200 18129 "-" "Mozilla/5.0 (X11; Linux i686; rv:6.0) Gecko/20100101 Firefox/6.0"
192.168.92.26 - - [08/Nov/2013:00:00:19 +0000] "GET /yell/header.html HTTP/1.1" 200 1401 "-" "Java/1.6.0_24"
192.168.92.25 - - [08/Nov/2013:00:00:19 +0000] "GET /yell/search_social.html HTTP/1.1" 200 1402 "-" "Java/1.6.0_24"
66.249.66.132 - - [08/Nov/2013:00:00:18 +0000] "GET /s/association+of+residential+letting+agents-ramsey-huntingdon.html HTTP/1.1" 200 14897 "-" "Mozilla/5.0 (compatible; Googlebot/2.1; +http://www.google.com/bot.html)"
192.168.92.25 - - [08/Nov/2013:00:00:19 +0000] "GET /yell/footer.html HTTP/1.1" 200 4308 "-" "Java/1.6.0_24"
192.168.92.25 - - [08/Nov/2013:00:00:19 +0000] "GET /yell/header.html HTTP/1.1" 200 1401 "-" "Java/1.6.0_24"
66.249.66.112 - - [08/Nov/2013:00:00:18 +0000] "GET /s/car+dealers+new-ilston.html HTTP/1.1" 200 19586 "-" "Mozilla/5.0 (compatible; Googlebot/2.1; +http://www.google.com/bot.html)"
192.168.92.25 - - [08/Nov/2013:00:00:19 +0000] "GET /yell/footer.html HTTP/1.1" 200 4308 "-" "Java/1.6.0_24"
192.168.92.25 - - [08/Nov/2013:00:00:19 +0000] "GET /yell/search_social.html HTTP/1.1" 200 1402 "-" "Java/1.6.0_24"
192.168.92.25 - - [08/Nov/2013:00:00:19 +0000] "GET /yell/header.html HTTP/1.1" 200 1401 "-" "Java/1.6.0_24"
157.56.92.141 - - [08/Nov/2013:00:00:19 +0000] "GET /biz/spring-road-evangelical-church-southampton-6586115/ HTTP/1.1" 200 7459 "-" "Mozilla/5.0 (compatible; bingbot/2.0; +http://www.bing.com/bingbot.htm)"
192.168.92.25 - - [08/Nov/2013:00:00:19 +0000] "GET /yell/footer.html HTTP/1.1" 200 4308 "-" "Java/1.6.0_24"
87.106.91.228 - - [08/Nov/2013:00:00:18 +0000] "GET /ucs/UcsSearchAction.do?startAt=10&keywords=Garages&location=BH12&scrambleSeed=39517908&ssm=1&showOoa=10&pageNum=4&advanced=true HTTP/1.1" 200 128046 "-" "Mozilla/5.0 (compatible; MSIE 9.0; Windows NT 6.1; WOW64; Trident/5.0)2011-10-16 20:21:07"
5.70.218.22 - - [08/Nov/2013:00:00:19 +0000] "GET /img/apple-touch-icon.png HTTP/1.1" 200 2602 "-" "Mozilla/5.0 (Linux; U; Android 4.2.2; en-gb; HTC_One_mini/1.33.161.2 Build/JDQ39) AppleWebKit/534.30 (KHTML, like Gecko) Version/4.0 Mobile Safari/534.30"
157.56.93.49 - - [08/Nov/2013:00:00:18 +0000] "GET /s/office+equipment+servicing+and+repair-moelfre-gwynedd.html HTTP/1.1" 200 15491 "-" "Mozilla/5.0 (compatible; bingbot/2.0; +http://www.bing.com/bingbot.htm)"
192.168.92.20 - - [08/Nov/2013:00:00:19 +0000] "GET /yell/search_social.html HTTP/1.1" 200 1402 "-" "Java/1.6.0_24"
94.11.6.176 - - [08/Nov/2013:00:00:19 +0000] "GET /img/sm_000_oo.gif HTTP/1.1" 200 597 "http://www.yell.com/s/t+shirt+printers-york.html" "Mozilla/5.0 (Macintosh; Intel Mac OS X 10_7_5) AppleWebKit/536.30.1 (KHTML, like Gecko) Version/6.0.5 Safari/536.30.1"
192.168.92.20 - - [08/Nov/2013:00:00:19 +0000] "GET /yell/header.html HTTP/1.1" 200 1401 "-" "Java/1.6.0_24"
94.11.6.176 - - [08/Nov/2013:00:00:19 +0000] "GET /static/image/5a82401e-b1f0-4fc2-a747-5b037d566b18_image_jpeg?t=tr/w:80/h:60/m:FitPad HTTP/1.1" 200 1340 "http://www.yell.com/s/t+shirt+printers-york.html" "Mozilla/5.0 (Macintosh; Intel Mac OS X 10_7_5) AppleWebKit/536.30.1 (KHTML, like Gecko) Version/6.0.5 Safari/536.30.1"
2.121.151.73 - - [08/Nov/2013:00:00:19 +0000] "GET /img/2010r09_header-sprite.png HTTP/1.1" 200 10899 "http://www.yell.com/s/automatic+driving+lessons-london.html" "Mozilla/5.0 (Windows NT 6.0) AppleWebKit/537.36 (KHTML, like Gecko) Chrome/30.0.1599.101 Safari/537.36"
192.168.92.26 - - [08/Nov/2013:00:00:19 +0000] "GET /yell/footer.html HTTP/1.1" 200 4308 "-" "Java/1.6.0_24"
199.30.25.109 - - [08/Nov/2013:00:00:19 +0000] "GET /ucs/ListingSnippets.do?natids=901342127,7117646,7643268,6702773,4665594,4466073&keywords=beauty%20salons%20and%20consultants HTTP/1.1" 200 22 "http://www.yell.com/s/beauty+salons+and+consultants-taunton.html" "Mozilla/5.0 (Windows NT 6.1; WOW64) AppleWebKit/534+ (KHTML, like Gecko) BingPreview/1.0b"
192.168.92.26 - - [08/Nov/2013:00:00:19 +0000] "GET /yell/footer.html HTTP/1.1" 200 4308 "-" "Java/1.6.0_24"
192.168.92.26 - - [08/Nov/2013:00:00:19 +0000] "GET /yell/search_social.html HTTP/1.1" 200 1402 "-" "Java/1.6.0_24"
192.168.92.26 - - [08/Nov/2013:00:00:19 +0000] "GET /yell/header.html HTTP/1.1" 200 1401 "-" "Java/1.6.0_24"
94.11.6.176 - - [08/Nov/2013:00:00:19 +0000] "GET /static/image/e015d1d8-2522-427c-b74d-1679257f1ef2_image_jpeg?t=tr/w:80/h:60/m:FitPad HTTP/1.1" 200 1820 "http://www.yell.com/s/t+shirt+printers-york.html" "Mozilla/5.0 (Macintosh; Intel Mac OS X 10_7_5) AppleWebKit/536.30.1 (KHTML, like Gecko) Version/6.0.5 Safari/536.30.1"
66.249.66.126 - - [08/Nov/2013:00:00:19 +0000] "GET /b/Movin+Sound+Discos-Discos+_+Mobile-Cowdenbeath-KY49LL-900767663/map-directions.html HTTP/1.1" 301 371 "-" "Mozilla/5.0 (compatible; Googlebot/2.1; +http://www.google.com/bot.html)"
94.11.6.176 - - [08/Nov/2013:00:00:19 +0000] "GET /static/image/aa0b789b-688e-484e-9097-b7e47c5f985e_image_jpeg?t=tr/w:80/h:60/m:FitPad HTTP/1.1" 200 1890 "http://www.yell.com/s/t+shirt+printers-york.html" "Mozilla/5.0 (Macintosh; Intel Mac OS X 10_7_5) AppleWebKit/536.30.1 (KHTML, like Gecko) Version/6.0.5 Safari/536.30.1"
192.168.92.26 - - [08/Nov/2013:00:00:19 +0000] "GET /yell/header.html HTTP/1.1" 200 1401 "-" "Java/1.6.0_24"
94.11.6.176 - - [08/Nov/2013:00:00:19 +0000] "GET /static/image/d2d9c214-3a3e-4f21-824e-ecc459d4c42d_image_jpeg?t=tr/w:80/h:60/m:FitPad HTTP/1.1" 200 1360 "http://www.yell.com/s/t+shirt+printers-york.html" "Mozilla/5.0 (Macintosh; Intel Mac OS X 10_7_5) AppleWebKit/536.30.1 (KHTML, like Gecko) Version/6.0.5 Safari/536.30.1"
94.11.6.176 - - [08/Nov/2013:00:00:19 +0000] "GET /img/free-listing-promo.png HTTP/1.1" 200 64442 "http://www.yell.com/s/t+shirt+printers-york.html" "Mozilla/5.0 (Macintosh; Intel Mac OS X 10_7_5) AppleWebKit/536.30.1 (KHTML, like Gecko) Version/6.0.5 Safari/536.30.1"
87.106.91.228 - - [08/Nov/2013:00:00:18 +0000] "GET /ucs/UcsSearchAction.do?startAt=10&keywords=Electrolysis&location=CF24&scrambleSeed=39517908&ssm=1&showOoa=10&pageNum=2&advanced=true HTTP/1.1" 200 128280 "-" "Mozilla/5.0 (Windows; U; Windows NT 6.1; en-US; rv:1.9.2.23) Gecko/20110920 Firefox/3.6.23 SearchToolbar/1.22011-10-16 20:20:07"
94.11.6.176 - - [08/Nov/2013:00:00:19 +0000] "GET /static/image/6f40cf9b-ff12-47e7-ae62-30e626b47bf7_image_jpeg?t=tr/w:80/h:60/m:FitPad HTTP/1.1" 200 1247 "http://www.yell.com/s/t+shirt+printers-york.html" "Mozilla/5.0 (Macintosh; Intel Mac OS X 10_7_5) AppleWebKit/536.30.1 (KHTML, like Gecko) Version/6.0.5 Safari/536.30.1"
87.106.91.228 - - [08/Nov/2013:00:00:19 +0000] "GET /ucs/UcsSearchAction.do?startAt=10&keywords=Furniture+Shops&location=CF03&scrambleSeed=39517908&ssm=1&showOoa=10&pageNum=3&advanced=true HTTP/1.1" 200 43455 "-" "Mozilla/5.0 (Windows; U; Windows NT 6.1; en-US; rv:1.9.2.23) Gecko/20110920 Firefox/3.6.23 SearchToolbar/1.22011-10-16 20:20:07"
157.55.35.43 - - [08/Nov/2013:00:00:19 +0000] "GET /s/audiologists-middlesex.html HTTP/1.1" 200 17406 "-" "Mozilla/5.0 (compatible; bingbot/2.0; +http://www.bing.com/bingbot.htm)"
66.249.66.92 - - [08/Nov/2013:00:00:19 +0000] "GET /s/florists-fletchertown.html HTTP/1.1" 200 18732 "-" "Mozilla/5.0 (compatible; Googlebot/2.1; +http://www.google.com/bot.html)"
65.55.52.117 - - [08/Nov/2013:00:00:19 +0000] "GET /biz/slimming-world-sleaford-2672780/ HTTP/1.1" 200 7513 "-" "Mozilla/5.0 (compatible; bingbot/2.0; +http://www.bing.com/bingbot.htm)"
192.168.92.25 - - [08/Nov/2013:00:00:19 +0000] "GET /yell/search_social.html HTTP/1.1" 200 1402 "-" "Java/1.6.0_24"
192.168.92.25 - - [08/Nov/2013:00:00:19 +0000] "GET /yell/header.html HTTP/1.1" 200 1401 "-" "Java/1.6.0_24"
192.168.92.26 - - [08/Nov/2013:00:00:19 +0000] "GET /yell/footer.html HTTP/1.1" 200 4308 "-" "Java/1.6.0_24"
192.168.92.25 - - [08/Nov/2013:00:00:19 +0000] "GET /yell/footer.html HTTP/1.1" 200 4308 "-" "Java/1.6.0_24"
192.168.92.26 - - [08/Nov/2013:00:00:19 +0000] "GET /yell/footer.html HTTP/1.1" 200 4308 "-" "Java/1.6.0_24"
87.106.91.228 - - [08/Nov/2013:00:00:19 +0000] "GET /ucs/UcsSearchAction.do?startAt=10&keywords=Driving+Schools&location=CF23&scrambleSeed=39517908&ssm=1&showOoa=10&pageNum=2&advanced=true HTTP/1.1" 200 108612 "-" "Mozilla/4.0 (compatible; MSIE 8.0; Windows NT 6.1; Trident/4.0; GTB6; SLCC2; .NET CLR 2.0.50727; .NET CLR 3.5.30729; .NET CLR 3.0.30729; Media Center PC 6.0; OfficeLiveConnector.1.4; OfficeLivePatch.1.3)2011-10-16 20:20:48"
192.168.92.26 - - [08/Nov/2013:00:00:19 +0000] "GET /yell/header.html HTTP/1.1" 200 1401 "-" "Java/1.6.0_24"
124.168.115.93 - - [08/Nov/2013:00:00:19 +0000] "GET /static/image/b52c0111-f591-4a83-8ffc-1d2c07028f88_image_jpeg?t=tr/w:80/h:60/m:FitPad HTTP/1.1" 200 1115 "http://www.yell.com/s/massage+therapy-belgrave-leicester.html" "Mozilla/5.0 (iPad; CPU OS 6_1_3 like Mac OS X) AppleWebKit/536.26 (KHTML, like Gecko) Version/6.0 Mobile/10B329 Safari/8536.25"
192.168.92.20 - - [08/Nov/2013:00:00:19 +0000] "GET /yell/footer.html HTTP/1.1" 200 4308 "-" "Java/1.6.0_24"
192.168.92.26 - - [08/Nov/2013:00:00:19 +0000] "GET /yell/search_social.html HTTP/1.1" 200 1402 "-" "Java/1.6.0_24"
192.168.92.26 - - [08/Nov/2013:00:00:19 +0000] "GET /yell/header.html HTTP/1.1" 200 1401 "-" "Java/1.6.0_24"
192.168.92.25 - - [08/Nov/2013:00:00:19 +0000] "GET /yell/search_social.html HTTP/1.1" 200 1402 "-" "Java/1.6.0_24"
66.249.66.105 - - [08/Nov/2013:00:00:19 +0000] "GET /s/local+government-spennymoor.html HTTP/1.1" 200 4733 "-" "Mozilla/5.0 (iPhone; CPU iPhone OS 6_0 like Mac OS X) AppleWebKit/536.26 (KHTML, like Gecko) Version/6.0 Mobile/10A5376e Safari/8536.25 (compatible; Googlebot-Mobile/2.1; +http://www.google.com/bot.html)"
192.168.92.20 - - [08/Nov/2013:00:00:19 +0000] "GET /yell/footer.html HTTP/1.1" 200 4308 "-" "Java/1.6.0_24"
192.168.92.26 - - [08/Nov/2013:00:00:19 +0000] "GET /yell/footer.html HTTP/1.1" 200 4308 "-" "Java/1.6.0_24"
192.168.92.21 - - [08/Nov/2013:00:00:19 +0000] "GET /yell/header.html HTTP/1.1" 200 1401 "-" "Java/1.6.0_24"
192.168.92.21 - - [08/Nov/2013:00:00:19 +0000] "GET /yell/footer.html HTTP/1.1" 200 4308 "-" "Java/1.6.0_24"
192.168.92.26 - - [08/Nov/2013:00:00:19 +0000] "GET /yell/header.html HTTP/1.1" 200 1401 "-" "Java/1.6.0_24"
192.168.92.26 - - [08/Nov/2013:00:00:19 +0000] "GET /yell/footer.html HTTP/1.1" 200 4308 "-" "Java/1.6.0_24"
- - - [08/Nov/2013:00:00:19 +0000] "GET /css/searchresults.css HTTP/1.1" 200 49624 "-" "Lynx/2.8.4rel.1 libwww-FM/2.14"
94.9.105.231 - - [08/Nov/2013:00:00:20 +0000] "GET /img/2010r09_header-sprite.png HTTP/1.1" 206 2465 "http://www.yell.com/biz/stewart-associates-largs-2872590/" "Mozilla/4.0 (compatible; MSIE 7.0; Windows NT 6.1; Trident/6.0; SLCC2; .NET CLR 2.0.50727; .NET CLR 3.5.30729; .NET CLR 3.0.30729; Media Center PC 6.0; .NET4.0C; InfoPath.2)"
192.168.92.26 - - [08/Nov/2013:00:00:20 +0000] "GET /yell/footer.html HTTP/1.1" 200 4308 "-" "Java/1.6.0_24"
192.168.92.20 - - [08/Nov/2013:00:00:20 +0000] "GET /yell/search_social.html HTTP/1.1" 200 1402 "-" "Java/1.6.0_24"
192.168.92.20 - - [08/Nov/2013:00:00:20 +0000] "GET /yell/header.html HTTP/1.1" 200 1401 "-" "Java/1.6.0_24"
157.55.32.223 - - [08/Nov/2013:00:00:19 +0000] "GET /s/karting-pelsall.html HTTP/1.1" 200 17067 "-" "Mozilla/5.0 (compatible; bingbot/2.0; +http://www.bing.com/bingbot.htm)"
192.168.92.25 - - [08/Nov/2013:00:00:20 +0000] "GET /yell/search_social.html HTTP/1.1" 200 1402 "-" "Java/1.6.0_24"
94.9.105.231 - - [08/Nov/2013:00:00:20 +0000] "GET /img/footer-sprite-2011.jpg HTTP/1.1" 200 1216 "http://www.yell.com/biz/stewart-associates-largs-2872590/" "Mozilla/4.0 (compatible; MSIE 7.0; Windows NT 6.1; Trident/6.0; SLCC2; .NET CLR 2.0.50727; .NET CLR 3.5.30729; .NET CLR 3.0.30729; Media Center PC 6.0; .NET4.0C; InfoPath.2)"
192.168.92.25 - - [08/Nov/2013:00:00:20 +0000] "GET /yell/search_social.html HTTP/1.1" 200 1402 "-" "Java/1.6.0_24"
192.168.92.20 - - [08/Nov/2013:00:00:20 +0000] "GET /yell/search_social.html HTTP/1.1" 200 1402 "-" "Java/1.6.0_24"
192.168.92.20 - - [08/Nov/2013:00:00:20 +0000] "GET /yell/header.html HTTP/1.1" 200 1401 "-" "Java/1.6.0_24"
192.168.92.25 - - [08/Nov/2013:00:00:20 +0000] "GET /yell/footer.html HTTP/1.1" 200 4308 "-" "Java/1.6.0_24"
66.249.66.109 - - [08/Nov/2013:00:00:19 +0000] "GET /s/gear+cutters+and+makers-rashfield.html HTTP/1.1" 200 13607 "-" "Mozilla/5.0 (compatible; Googlebot/2.1; +http://www.google.com/bot.html)"
192.168.92.26 - - [08/Nov/2013:00:00:20 +0000] "GET /yell/footer.html HTTP/1.1" 200 4308 "-" "Java/1.6.0_24"
192.168.92.20 - - [08/Nov/2013:00:00:20 +0000] "GET /yell/header.html HTTP/1.1" 200 1401 "-" "Java/1.6.0_24"
87.106.91.228 - - [08/Nov/2013:00:00:19 +0000] "GET /ucs/UcsSearchAction.do?startAt=10&keywords=Electrician&location=CF31&scrambleSeed=39517908&ssm=1&showOoa=10&pageNum=2&advanced=true HTTP/1.1" 200 113291 "-" "Mozilla/5.0 (Windows NT 6.1; WOW64; rv:7.0.1) Gecko/20100101 Firefox/7.0.12011-10-16 20:23:00"
192.168.92.20 - - [08/Nov/2013:00:00:20 +0000] "GET /yell/footer.html HTTP/1.1" 200 4308 "-" "Java/1.6.0_24"
87.106.91.228 - - [08/Nov/2013:00:00:19 +0000] "GET /ucs/UcsSearchAction.do?startAt=10&keywords=Electrical+Inspection&location=CF15&scrambleSeed=39517908&ssm=1&showOoa=10&pageNum=3&advanced=true HTTP/1.1" 200 115333 "-" "Mozilla/4.0 (compatible; MSIE 8.0; Windows NT 6.1; Trident/4.0; GTB6; SLCC2; .NET CLR 2.0.50727; .NET CLR 3.5.30729; .NET CLR 3.0.30729; Media Center PC 6.0; OfficeLiveConnector.1.4; OfficeLivePatch.1.3)2011-10-16 20:20:48"
192.168.92.25 - - [08/Nov/2013:00:00:20 +0000] "GET /yell/footer.html HTTP/1.1" 200 4308 "-" "Java/1.6.0_24"
192.168.92.26 - - [08/Nov/2013:00:00:20 +0000] "GET /yell/search_social.html HTTP/1.1" 200 1402 "-" "Java/1.6.0_24"
192.168.92.26 - - [08/Nov/2013:00:00:20 +0000] "GET /yell/header.html HTTP/1.1" 200 1401 "-" "Java/1.6.0_24"
192.168.92.21 - - [08/Nov/2013:00:00:20 +0000] "GET /yell/footer.html HTTP/1.1" 200 4308 "-" "Java/1.6.0_24"
65.55.24.239 - - [08/Nov/2013:00:00:19 +0000] "GET /s/fireplaces-high+valleyfield.html HTTP/1.1" 200 18386 "-" "Mozilla/5.0 (compatible; bingbot/2.0; +http://www.bing.com/bingbot.htm)"
192.168.92.26 - - [08/Nov/2013:00:00:20 +0000] "GET /yell/footer.html HTTP/1.1" 200 4308 "-" "Java/1.6.0_24"
192.168.92.20 - - [08/Nov/2013:00:00:20 +0000] "GET /yell/search_social.html HTTP/1.1" 200 1402 "-" "Java/1.6.0_24"
192.168.92.20 - - [08/Nov/2013:00:00:20 +0000] "GET /yell/header.html HTTP/1.1" 200 1401 "-" "Java/1.6.0_24"
157.55.33.49 - - [08/Nov/2013:00:00:20 +0000] "GET /biz/royal-bank-of-scotland-newton-stewart-658770/?view=map HTTP/1.1" 200 3913 "-" "Mozilla/5.0 (compatible; bingbot/2.0; +http://www.bing.com/bingbot.htm)"
192.168.92.20 - - [08/Nov/2013:00:00:20 +0000] "GET /yell/footer.html HTTP/1.1" 200 4308 "-" "Java/1.6.0_24"
192.168.92.25 - - [08/Nov/2013:00:00:20 +0000] "GET /yell/footer.html HTTP/1.1" 200 4308 "-" "Java/1.6.0_24"
87.106.91.228 - - [08/Nov/2013:00:00:19 +0000] "GET /ucs/UcsSearchAction.do?startAt=10&keywords=Electrical+Appliances&location=CF3&scrambleSeed=39517908&ssm=1&showOoa=10&pageNum=3&advanced=true HTTP/1.1" 200 119343 "-" "Mozilla/5.0 (X11; Linux i686) AppleWebKit/534.34 (KHTML, like Gecko) rekonq Safari/534.342011-10-16 20:21:01"
192.168.92.26 - - [08/Nov/2013:00:00:20 +0000] "GET /yell/header.html HTTP/1.1" 200 1401 "-" "Java/1.6.0_24"
94.9.105.231 - - [08/Nov/2013:00:00:20 +0000] "GET /img/share-sprite.png HTTP/1.1" 200 8131 "http://www.yell.com/biz/stewart-associates-largs-2872590/" "Mozilla/4.0 (compatible; MSIE 7.0; Windows NT 6.1; Trident/6.0; SLCC2; .NET CLR 2.0.50727; .NET CLR 3.5.30729; .NET CLR 3.0.30729; Media Center PC 6.0; .NET4.0C; InfoPath.2)"
192.168.92.26 - - [08/Nov/2013:00:00:20 +0000] "GET /yell/search_social.html HTTP/1.1" 200 1402 "-" "Java/1.6.0_24"
192.168.92.26 - - [08/Nov/2013:00:00:20 +0000] "GET /yell/header.html HTTP/1.1" 200 1401 "-" "Java/1.6.0_24"
192.168.92.25 - - [08/Nov/2013:00:00:20 +0000] "GET /yell/search_social.html HTTP/1.1" 200 1402 "-" "Java/1.6.0_24"
192.168.92.25 - - [08/Nov/2013:00:00:20 +0000] "GET /yell/header.html HTTP/1.1" 200 1401 "-" "Java/1.6.0_24"
192.168.92.25 - - [08/Nov/2013:00:00:20 +0000] "GET /yell/footer.html HTTP/1.1" 200 4308 "-" "Java/1.6.0_24"
192.168.92.20 - - [08/Nov/2013:00:00:20 +0000] "GET /yell/header.html HTTP/1.1" 200 1401 "-" "Java/1.6.0_24"
192.168.92.26 - - [08/Nov/2013:00:00:20 +0000] "GET /yell/footer.html HTTP/1.1" 200 4308 "-" "Java/1.6.0_24"
192.168.92.25 - - [08/Nov/2013:00:00:20 +0000] "GET /yell/footer.html HTTP/1.1" 200 4308 "-" "Java/1.6.0_24"
66.249.66.110 - - [08/Nov/2013:00:00:19 +0000] "GET /s/funeral+directors-edlingham.html HTTP/1.1" 200 16737 "-" "Mozilla/5.0 (compatible; Googlebot/2.1; +http://www.google.com/bot.html)"
192.168.92.26 - - [08/Nov/2013:00:00:20 +0000] "GET /yell/footer.html HTTP/1.1" 200 4308 "-" "Java/1.6.0_24"
66.249.66.126 - - [08/Nov/2013:00:00:19 +0000] "GET /s/furniture+shops-aghyoule.html HTTP/1.1" 200 13988 "-" "Mozilla/5.0 (compatible; Googlebot/2.1; +http://www.google.com/bot.html)"
192.168.92.25 - - [08/Nov/2013:00:00:20 +0000] "GET /yell/search_social.html HTTP/1.1" 200 1402 "-" "Java/1.6.0_24"
87.106.91.228 - - [08/Nov/2013:00:00:19 +0000] "GET /ucs/UcsSearchAction.do?startAt=10&keywords=Electrical+Installation&location=CF99&scrambleSeed=39517908&ssm=1&showOoa=10&pageNum=2&advanced=true HTTP/1.1" 200 121326 "-" "Mozilla/5.0 (Windows NT 6.1; rv:5.0) Gecko/20100101 Firefox/5.02011-10-16 20:21:42"
192.168.92.20 - - [08/Nov/2013:00:00:20 +0000] "GET /yell/search_social.html HTTP/1.1" 200 1402 "-" "Java/1.6.0_24"
66.249.66.109 - - [08/Nov/2013:00:00:19 +0000] "GET /s/alexander+technique-norwich+city+council.html HTTP/1.1" 200 13376 "-" "Mozilla/5.0 (compatible; Googlebot/2.1; +http://www.google.com/bot.html)"
94.9.105.231 - - [08/Nov/2013:00:00:20 +0000] "GET /ucs/UcsSearchAction.do?keywords=ARCHITECTS&location=Largs&contentFilter=true&view=ajaxads&filter=8 HTTP/1.1" 200 623 "http://www.yell.com/biz/stewart-associates-largs-2872590/" "Mozilla/4.0 (compatible; MSIE 7.0; Windows NT 6.1; Trident/6.0; SLCC2; .NET CLR 2.0.50727; .NET CLR 3.5.30729; .NET CLR 3.0.30729; Media Center PC 6.0; .NET4.0C; InfoPath.2)"
192.168.92.20 - - [08/Nov/2013:00:00:20 +0000] "GET /yell/header.html HTTP/1.1" 200 1401 "-" "Java/1.6.0_24"
66.249.66.114 - - [08/Nov/2013:00:00:19 +0000] "GET /s/car+air+conditioning+services-cowdenbeath+station-cowdenbeath.html HTTP/1.1" 200 19772 "-" "Mozilla/5.0 (compatible; Googlebot/2.1; +http://www.google.com/bot.html)"
199.30.24.115 - - [08/Nov/2013:00:00:20 +0000] "GET /static/image/0827b88e-66a8-472e-ba0b-71242c0139f8_image_jpeg?t=tr/w:80/h:60/m:FitPad HTTP/1.1" 200 1224 "http://www.yell.com/s/football+clubs-craigavon.html" "Mozilla/5.0 (Windows NT 6.1; WOW64) AppleWebKit/534+ (KHTML, like Gecko) BingPreview/1.0b"
192.168.92.20 - - [08/Nov/2013:00:00:20 +0000] "GET /yell/footer.html HTTP/1.1" 200 4308 "-" "Java/1.6.0_24"
192.168.92.26 - - [08/Nov/2013:00:00:20 +0000] "GET /yell/header.html HTTP/1.1" 200 1401 "-" "Java/1.6.0_24"
192.168.92.26 - - [08/Nov/2013:00:00:20 +0000] "GET /yell/header.html HTTP/1.1" 200 1401 "-" "Java/1.6.0_24"
192.168.92.81 - - [08/Nov/2013:00:00:20 +0000] "GET /yell/header.html HTTP/1.1" 200 1401 "-" "Java/1.6.0_20"
192.168.92.81 - - [08/Nov/2013:00:00:20 +0000] "GET /yell/footer.html HTTP/1.1" 200 4308 "-" "Java/1.6.0_20"
192.168.92.20 - - [08/Nov/2013:00:00:20 +0000] "GET /yell/footer.html HTTP/1.1" 200 4308 "-" "Java/1.6.0_24"
192.168.92.20 - - [08/Nov/2013:00:00:20 +0000] "GET /yell/search_social.html HTTP/1.1" 200 1402 "-" "Java/1.6.0_24"
192.168.92.20 - - [08/Nov/2013:00:00:20 +0000] "GET /yell/header.html HTTP/1.1" 200 1401 "-" "Java/1.6.0_24"
192.168.92.21 - - [08/Nov/2013:00:00:20 +0000] "GET /yell/footer.html HTTP/1.1" 200 4308 "-" "Java/1.6.0_24"
192.168.92.20 - - [08/Nov/2013:00:00:20 +0000] "GET /yell/footer.html HTTP/1.1" 200 4308 "-" "Java/1.6.0_24"
139.222.236.11 - - [08/Nov/2013:00:00:20 +0000] "GET /img/2010r09_header-sprite.png HTTP/1.1" 200 10899 "http://www.yell.com/s/chinese+restaurants-norwich.html" "Mozilla/5.0 (Windows NT 6.2; WOW64) AppleWebKit/537.36 (KHTML, like Gecko) Chrome/30.0.1599.101 Safari/537.36"
- - - [08/Nov/2013:00:00:20 +0000] "GET /slbtestpage.html HTTP/1.1" 200 7 "-" "-"
87.106.91.228 - - [08/Nov/2013:00:00:20 +0000] "GET /ucs/UcsSearchAction.do?startAt=10&keywords=Family+Planning&location=CF33&scrambleSeed=39517908&ssm=1&showOoa=10&pageNum=3&advanced=true HTTP/1.1" 200 43479 "-" "Mozilla/5.0 (compatible; MSIE 9.0; Windows NT 6.1; WOW64; Trident/5.0)2011-10-16 20:21:07"
66.249.66.126 - - [08/Nov/2013:00:00:20 +0000] "GET /b/NOAKBRIDGE+CONSULTANTS-Structural+Engineers-BASILDON-SS154DE-901220271/photos-video.html HTTP/1.1" 301 376 "-" "Mozilla/5.0 (compatible; Googlebot/2.1; +http://www.google.com/bot.html)"
192.168.92.72 - - [08/Nov/2013:00:00:20 +0000] "GET /yell/header.html HTTP/1.1" 200 1401 "-" "Java/1.6.0_20"
192.168.92.26 - - [08/Nov/2013:00:00:20 +0000] "GET /yell/search_social.html HTTP/1.1" 200 1402 "-" "Java/1.6.0_24"
192.168.92.20 - - [08/Nov/2013:00:00:20 +0000] "GET /yell/header.html HTTP/1.1" 200 1401 "-" "Java/1.6.0_24"
192.168.92.25 - - [08/Nov/2013:00:00:20 +0000] "GET /yell/search_social.html HTTP/1.1" 200 1402 "-" "Java/1.6.0_24"
192.168.92.25 - - [08/Nov/2013:00:00:20 +0000] "GET /yell/header.html HTTP/1.1" 200 1401 "-" "Java/1.6.0_24"
87.106.91.228 - - [08/Nov/2013:00:00:20 +0000] "GET /ucs/UcsSearchAction.do?startAt=10&keywords=Electrolysis&location=CF24&scrambleSeed=39517908&ssm=1&showOoa=10&pageNum=4&advanced=true HTTP/1.1" 200 43434 "-" "Mozilla/5.0 (compatible; MSIE 9.0; Windows NT 6.1; WOW64; Trident/5.0)2011-10-16 20:21:07"
37.221.160.203 - - [08/Nov/2013:00:00:20 +0000] "GET http://www.yell.com/biz/jackson-electrical-services-canterbury-7278703/ HTTP/1.1" 200 28303 "-" "Mozilla/5.0 (X11; Linux x86_64) AppleWebKit/537.22 (KHTML, like Gecko) Ubuntu Chromium/25.0.1364.160 Chrome/25.0.1364.160 Safari/537.22"
87.106.91.228 - - [08/Nov/2013:00:00:19 +0000] "GET /ucs/UcsSearchAction.do?startAt=10&keywords=Garages&location=L16&scrambleSeed=39517908&ssm=1&showOoa=10&pageNum=1&advanced=true HTTP/1.1" 200 152863 "-" "Mozilla/5.0 (compatible; MSIE 9.0; Windows NT 6.1; WOW64; Trident/5.0)2011-10-16 20:21:07"
192.168.92.20 - - [08/Nov/2013:00:00:20 +0000] "GET /yell/footer.html HTTP/1.1" 200 4308 "-" "Java/1.6.0_24"
82.132.228.11 - - [08/Nov/2013:00:00:21 +0000] "GET /css/min/1.1.2013.R09.00.02/yelldotcom/simplephone/all-global.css HTTP/1.1" 200 1105 "http://www.yell.com/s/pizza+delivery+and+takeaway-leven-fife.html" "BlackBerry8520/5.0.0.681 Profile/MIDP-2.1 Configuration/CLDC-1.1 VendorID/603"
192.168.92.25 - - [08/Nov/2013:00:00:21 +0000] "GET /yell/footer.html HTTP/1.1" 200 4308 "-" "Java/1.6.0_24"
157.55.35.43 - - [08/Nov/2013:00:00:20 +0000] "GET /s/scrap+metal+merchants-yearngill.html HTTP/1.1" 200 15494 "-" "Mozilla/5.0 (compatible; bingbot/2.0; +http://www.bing.com/bingbot.htm)"
157.56.93.41 - - [08/Nov/2013:00:00:20 +0000] "GET /s/carpets+and+rugs+oriental-cowdenbeath.html HTTP/1.1" 200 15548 "-" "Mozilla/5.0 (compatible; bingbot/2.0; +http://www.bing.com/bingbot.htm)"
192.168.92.20 - - [08/Nov/2013:00:00:21 +0000] "GET /yell/search_social.html HTTP/1.1" 200 1402 "-" "Java/1.6.0_24"
192.168.92.20 - - [08/Nov/2013:00:00:21 +0000] "GET /yell/header.html HTTP/1.1" 200 1401 "-" "Java/1.6.0_24"
86.134.30.4 - - [08/Nov/2013:00:00:20 +0000] "GET /ucs/UcsSearchAction.do?browserIP=86.134.30.4&keywords=house+clearance&location=nottingham&find=Y&pageNum=2&view=ajax HTTP/1.1" 200 2599 "http://www.yell.com/s/house+clearance-nottingham.html" "Mozilla/5.0 (iPhone; CPU iPhone OS 7_0_3 like Mac OS X) AppleWebKit/537.51.1 (KHTML, like Gecko) Version/7.0 Mobile/11B511 Safari/9537.53"
192.168.92.20 - - [08/Nov/2013:00:00:21 +0000] "GET /yell/footer.html HTTP/1.1" 200 4308 "-" "Java/1.6.0_24"
192.168.92.25 - - [08/Nov/2013:00:00:21 +0000] "GET /yell/search_social.html HTTP/1.1" 200 1402 "-" "Java/1.6.0_24"
192.168.92.25 - - [08/Nov/2013:00:00:21 +0000] "GET /yell/header.html HTTP/1.1" 200 1401 "-" "Java/1.6.0_24"
66.249.66.112 - - [08/Nov/2013:00:00:20 +0000] "GET /s/giftshops-horbling+fen-sleaford.html HTTP/1.1" 200 15446 "-" "Mozilla/5.0 (compatible; Googlebot/2.1; +http://www.google.com/bot.html)"
192.168.92.25 - - [08/Nov/2013:00:00:21 +0000] "GET /yell/search_social.html HTTP/1.1" 200 1402 "-" "Java/1.6.0_24"
192.168.92.25 - - [08/Nov/2013:00:00:21 +0000] "GET /yell/header.html HTTP/1.1" 200 1401 "-" "Java/1.6.0_24"
46.233.70.206 - - [08/Nov/2013:00:00:19 +0000] "GET /s/kebabs-walton+on+thames.html HTTP/1.1" 200 4977 "http://www.google.co.uk/search?q=kebab+walton+on+thames&ie=UTF-8&oe=UTF-8&hl=en-gb&client=safari&safe=strict" "Mozilla/5.0 (iPhone; CPU iPhone OS 7_0 like Mac OS X) AppleWebKit/537.51.1 (KHTML, like Gecko) Version/7.0 Mobile/11A465 Safari/9537.53 BMID/E679DC29BC"
199.30.16.27 - - [08/Nov/2013:00:00:21 +0000] "GET /rd/inverurie/birthdayparties.htm?said=469images/image_5812_l312_c.jpg HTTP/1.1" 404 6514 "-" "msnbot-media/1.1 (+http://search.msn.com/msnbot.htm)"
192.168.92.25 - - [08/Nov/2013:00:00:21 +0000] "GET /yell/footer.html HTTP/1.1" 200 4308 "-" "Java/1.6.0_24"
