151.224.185.38 - - [08/Nov/2013:00:00:23 +0000] "GET /static/image/931a66b6-a45c-400d-bf2e-e932f4cc7e1d_image_jpeg?t=tr/w:80/h:60/m:FitPad HTTP/1.1" 200 1992 "http://www.yell.com/s/boarding+up+service-west+midlands.html" "Mozilla/5.0 (Macintosh; Intel Mac OS X 10_8_5) AppleWebKit/537.71 (KHTML, like Gecko) Version/6.1 Safari/537.71"
192.168.92.26 - - [08/Nov/2013:00:00:23 +0000] "GET /yell/footer.html HTTP/1.1" 200 4308 "-" "Java/1.6.0_24"
192.168.92.26 - - [08/Nov/2013:00:00:23 +0000] "GET /yell/header.html HTTP/1.1" 200 1401 "-" "Java/1.6.0_24"
66.249.66.137 - - [08/Nov/2013:00:00:22 +0000] "GET /s/gift+deliveries-bt18.html HTTP/1.1" 200 17654 "-" "Mozilla/5.0 (compatible; Googlebot/2.1; +http://www.google.com/bot.html)"
178.108.168.237 - - [08/Nov/2013:00:00:23 +0000] "GET /img/2010r09_advert-sprite.png HTTP/1.1" 200 310 "http://www.yell.com/s/nursery+schools-chesterfield.html" "Mozilla/5.0 (compatible; MSIE 10.0; Windows NT 6.1; Trident/6.0)"
192.168.92.25 - - [08/Nov/2013:00:00:23 +0000] "GET /yell/header.html HTTP/1.1" 200 1401 "-" "Java/1.6.0_24"
87.106.91.228 - - [08/Nov/2013:00:00:22 +0000] "GET /ucs/UcsSearchAction.do?startAt=10&keywords=Driveways&location=OL1&scrambleSeed=39517908&ssm=1&showOoa=10&pageNum=2&advanced=true HTTP/1.1" 200 111082 "-" "Mozilla/5.0 (compatible; MSIE 9.0; Windows NT 6.1; WOW64; Trident/5.0)2011-10-16 20:21:07"
192.168.92.25 - - [08/Nov/2013:00:00:23 +0000] "GET /yell/header.html HTTP/1.1" 200 1401 "-" "Java/1.6.0_24"
151.224.185.38 - - [08/Nov/2013:00:00:23 +0000] "GET /static/image/0ca8e486-9f9e-463a-9223-926277bb1757_image_jpeg?t=tr/w:80/h:60/m:FitPad HTTP/1.1" 200 1596 "http://www.yell.com/s/boarding+up+service-west+midlands.html" "Mozilla/5.0 (Macintosh; Intel Mac OS X 10_8_5) AppleWebKit/537.71 (KHTML, like Gecko) Version/6.1 Safari/537.71"
192.168.92.25 - - [08/Nov/2013:00:00:23 +0000] "GET /yell/footer.html HTTP/1.1" 200 4308 "-" "Java/1.6.0_24"
151.224.185.38 - - [08/Nov/2013:00:00:23 +0000] "GET /img/sm_000_oo.gif HTTP/1.1" 200 597 "http://www.yell.com/s/boarding+up+service-west+midlands.html" "Mozilla/5.0 (Macintosh; Intel Mac OS X 10_8_5) AppleWebKit/537.71 (KHTML, like Gecko) Version/6.1 Safari/537.71"
151.224.185.38 - - [08/Nov/2013:00:00:23 +0000] "GET /static/image/3616eaad-8d90-4430-a5a3-97a9670be3ea_image_jpeg?t=tr/w:80/h:60/m:FitPad HTTP/1.1" 200 1829 "http://www.yell.com/s/boarding+up+service-west+midlands.html" "Mozilla/5.0 (Macintosh; Intel Mac OS X 10_8_5) AppleWebKit/537.71 (KHTML, like Gecko) Version/6.1 Safari/537.71"
157.55.35.87 - - [08/Nov/2013:00:00:22 +0000] "GET /s/acoustic+engineers-ompton.html HTTP/1.1" 200 13828 "-" "Mozilla/5.0 (compatible; bingbot/2.0; +http://www.bing.com/bingbot.htm)"
192.168.92.25 - - [08/Nov/2013:00:00:23 +0000] "GET /yell/footer.html HTTP/1.1" 200 4308 "-" "Java/1.6.0_24"
151.224.185.38 - - [08/Nov/2013:00:00:23 +0000] "GET /static/image/ce74b4e9-7fbf-417c-8c6c-fd3d703932af_image_jpeg?t=tr/w:80/h:60/m:FitPad HTTP/1.1" 200 1570 "http://www.yell.com/s/boarding+up+service-west+midlands.html" "Mozilla/5.0 (Macintosh; Intel Mac OS X 10_8_5) AppleWebKit/537.71 (KHTML, like Gecko) Version/6.1 Safari/537.71"
151.224.185.38 - - [08/Nov/2013:00:00:23 +0000] "GET /img/free-listing-promo.png HTTP/1.1" 200 64442 "http://www.yell.com/s/boarding+up+service-west+midlands.html" "Mozilla/5.0 (Macintosh; Intel Mac OS X 10_8_5) AppleWebKit/537.71 (KHTML, like Gecko) Version/6.1 Safari/537.71"
157.55.32.225 - - [08/Nov/2013:00:00:22 +0000] "GET /s/portable+cabins-checkendon.html HTTP/1.1" 200 14595 "-" "Mozilla/5.0 (compatible; bingbot/2.0; +http://www.bing.com/bingbot.htm)"
192.168.92.25 - - [08/Nov/2013:00:00:23 +0000] "GET /yell/footer.html HTTP/1.1" 200 4308 "-" "Java/1.6.0_24"
192.168.92.26 - - [08/Nov/2013:00:00:23 +0000] "GET /yell/footer.html HTTP/1.1" 200 4308 "-" "Java/1.6.0_24"
94.11.6.176 - - [08/Nov/2013:00:00:22 +0000] "GET /ucs/UcsSearchAction.do?keywords=businesses&location=UK&contentFilter=true&view=ajaxads&filter=8 HTTP/1.1" 200 922 "http://www.yell.com/biz/bigboolies-t-shirts-and-hoodies-malton-901421326/" "Mozilla/5.0 (Macintosh; Intel Mac OS X 10_7_5) AppleWebKit/536.30.1 (KHTML, like Gecko) Version/6.0.5 Safari/536.30.1"
92.40.250.90 - - [08/Nov/2013:00:00:22 +0000] "GET /s/caravan+accessories-edinburgh.html HTTP/1.1" 200 16514 "http://www.google.co.uk/url?sa=t&rct=j&q=&esrc=s&source=web&cd=4&ved=0CEoQFjAD&url=http%3A%2F%2Fwww.yell.com%2Fs%2Fcaravan%2Baccessories-edinburgh.html&ei=Cyl8UtLAJsKVhQeo24DYAQ&usg=AFQjCNExAyrCf-KAiexu26GW7LMJoXeUow&sig2=Z00SK4xEbtNjDMwf5e3N-g&bvm=bv.56146854,d.ZG4" "Mozilla/5.0 (Windows NT 6.2; WOW64; rv:26.0) Gecko/20100101 Firefox/26.0"
113.235.214.125 - - [08/Nov/2013:00:00:23 +0000] "GET /biz/aa-driving-school-901273114/ HTTP/1.1" 200 25951 "http://www.yell.com/biz/901273114/" "Mozilla/4.0 (compatible; MSIE 9.0; Windows NT 6.1; 125LA; .NET CLR 2.0.50727; .NET CLR 3.0.04506.648; .NET CLR 3.5.21022)"
192.168.92.20 - - [08/Nov/2013:00:00:23 +0000] "GET /yell/search_social.html HTTP/1.1" 200 1402 "-" "Java/1.6.0_24"
192.168.92.26 - - [08/Nov/2013:00:00:23 +0000] "GET /yell/search_social.html HTTP/1.1" 200 1402 "-" "Java/1.6.0_24"
192.168.92.26 - - [08/Nov/2013:00:00:23 +0000] "GET /yell/header.html HTTP/1.1" 200 1401 "-" "Java/1.6.0_24"
192.168.92.26 - - [08/Nov/2013:00:00:23 +0000] "GET /yell/search_social.html HTTP/1.1" 200 1402 "-" "Java/1.6.0_24"
192.168.92.26 - - [08/Nov/2013:00:00:23 +0000] "GET /yell/header.html HTTP/1.1" 200 1401 "-" "Java/1.6.0_24"
192.168.92.20 - - [08/Nov/2013:00:00:23 +0000] "GET /yell/header.html HTTP/1.1" 200 1401 "-" "Java/1.6.0_24"
192.168.92.26 - - [08/Nov/2013:00:00:23 +0000] "GET /yell/search_social.html HTTP/1.1" 200 1402 "-" "Java/1.6.0_24"
192.168.92.26 - - [08/Nov/2013:00:00:23 +0000] "GET /yell/header.html HTTP/1.1" 200 1401 "-" "Java/1.6.0_24"
178.108.168.237 - - [08/Nov/2013:00:00:23 +0000] "GET /img/2012r05_switches-sprite.png HTTP/1.1" 200 5291 "http://www.yell.com/s/nursery+schools-chesterfield.html" "Mozilla/5.0 (compatible; MSIE 10.0; Windows NT 6.1; Trident/6.0)"
192.168.92.20 - - [08/Nov/2013:00:00:23 +0000] "GET /yell/footer.html HTTP/1.1" 200 4308 "-" "Java/1.6.0_24"
192.168.92.21 - - [08/Nov/2013:00:00:23 +0000] "GET /yell/header.html HTTP/1.1" 200 1401 "-" "Java/1.6.0_24"
192.168.92.26 - - [08/Nov/2013:00:00:23 +0000] "GET /yell/search_social.html HTTP/1.1" 200 1402 "-" "Java/1.6.0_24"
192.168.92.25 - - [08/Nov/2013:00:00:23 +0000] "GET /yell/search_social.html HTTP/1.1" 200 1402 "-" "Java/1.6.0_24"
192.168.92.20 - - [08/Nov/2013:00:00:23 +0000] "GET /yell/search_social.html HTTP/1.1" 200 1402 "-" "Java/1.6.0_24"
192.168.92.26 - - [08/Nov/2013:00:00:23 +0000] "GET /yell/header.html HTTP/1.1" 200 1401 "-" "Java/1.6.0_24"
192.168.92.25 - - [08/Nov/2013:00:00:23 +0000] "GET /yell/header.html HTTP/1.1" 200 1401 "-" "Java/1.6.0_24"
192.168.92.20 - - [08/Nov/2013:00:00:23 +0000] "GET /yell/header.html HTTP/1.1" 200 1401 "-" "Java/1.6.0_24"
192.168.92.25 - - [08/Nov/2013:00:00:23 +0000] "GET /yell/search_social.html HTTP/1.1" 200 1402 "-" "Java/1.6.0_24"
192.168.92.25 - - [08/Nov/2013:00:00:23 +0000] "GET /yell/header.html HTTP/1.1" 200 1401 "-" "Java/1.6.0_24"
192.168.92.21 - - [08/Nov/2013:00:00:23 +0000] "GET /yell/header.html HTTP/1.1" 200 1401 "-" "Java/1.6.0_24"
192.168.92.20 - - [08/Nov/2013:00:00:23 +0000] "GET /yell/search_social.html HTTP/1.1" 200 1402 "-" "Java/1.6.0_24"
192.168.92.20 - - [08/Nov/2013:00:00:23 +0000] "GET /yell/header.html HTTP/1.1" 200 1401 "-" "Java/1.6.0_24"
192.168.92.26 - - [08/Nov/2013:00:00:23 +0000] "GET /yell/footer.html HTTP/1.1" 200 4308 "-" "Java/1.6.0_24"
192.168.92.21 - - [08/Nov/2013:00:00:23 +0000] "GET /yell/search_social.html HTTP/1.1" 200 1402 "-" "Java/1.6.0_24"
192.168.92.21 - - [08/Nov/2013:00:00:23 +0000] "GET /yell/header.html HTTP/1.1" 200 1401 "-" "Java/1.6.0_24"
66.249.66.126 - - [08/Nov/2013:00:00:23 +0000] "GET /b/K.G.&+E.A+Turner+and+Sons--Wareham-BH205AX-144469/ HTTP/1.1" 404 6514 "-" "Mozilla/5.0 (compatible; Googlebot/2.1; +http://www.google.com/bot.html)"
192.168.92.26 - - [08/Nov/2013:00:00:23 +0000] "GET /yell/footer.html HTTP/1.1" 200 4308 "-" "Java/1.6.0_24"
192.168.92.25 - - [08/Nov/2013:00:00:23 +0000] "GET /yell/search_social.html HTTP/1.1" 200 1402 "-" "Java/1.6.0_24"
192.168.92.25 - - [08/Nov/2013:00:00:23 +0000] "GET /yell/header.html HTTP/1.1" 200 1401 "-" "Java/1.6.0_24"
192.168.92.26 - - [08/Nov/2013:00:00:23 +0000] "GET /yell/footer.html HTTP/1.1" 200 4308 "-" "Java/1.6.0_24"
192.168.92.25 - - [08/Nov/2013:00:00:23 +0000] "GET /yell/footer.html HTTP/1.1" 200 4308 "-" "Java/1.6.0_24"
157.56.92.151 - - [08/Nov/2013:00:00:22 +0000] "GET /s/leisure+centres-se4.html HTTP/1.1" 200 17301 "-" "adidxbot/2.0 (+http://search.msn.com/msnbot.htm)"
87.106.91.228 - - [08/Nov/2013:00:00:22 +0000] "GET /ucs/UcsSearchAction.do?startAt=10&keywords=Driving+Schools&location=OL95&scrambleSeed=39517908&ssm=1&showOoa=10&pageNum=1&advanced=true HTTP/1.1" 200 118779 "-" "Mozilla/4.0 (compatible; MSIE 7.0; Windows NT 5.1; InfoPath.2; .NET CLR 2.0.50727; .NET CLR 3.0.04506.648; .NET CLR 3.5.21022; .NET CLR 1.1.4322)2011-10-16 20:22:33"
192.168.92.20 - - [08/Nov/2013:00:00:23 +0000] "GET /yell/search_social.html HTTP/1.1" 200 1402 "-" "Java/1.6.0_24"
192.168.92.20 - - [08/Nov/2013:00:00:23 +0000] "GET /yell/header.html HTTP/1.1" 200 1401 "-" "Java/1.6.0_24"
66.249.66.131 - - [08/Nov/2013:00:00:23 +0000] "GET /s/fridge+freezers-habblesthorpe-retford.html HTTP/1.1" 200 17019 "-" "Mozilla/5.0 (compatible; Googlebot/2.1; +http://www.google.com/bot.html)"
66.249.66.105 - - [08/Nov/2013:00:00:23 +0000] "GET /b/NOAKBRIDGE+CONSULTANTS-Structural+Engineers-BASILDON-SS154DE-901220271/ HTTP/1.1" 404 6514 "-" "Mozilla/5.0 (compatible; Googlebot/2.1; +http://www.google.com/bot.html)"
86.27.236.197 - - [08/Nov/2013:00:00:23 +0000] "GET /biz/foster-and-heanes-ltd-fleet-7507289/ HTTP/1.1" 200 7530 "https://www.google.co.uk/" "Mozilla/5.0 (Windows NT 6.1; WOW64) AppleWebKit/537.36 (KHTML, like Gecko) Chrome/30.0.1599.101 Safari/537.36"
192.168.92.21 - - [08/Nov/2013:00:00:23 +0000] "GET /yell/header.html HTTP/1.1" 200 1401 "-" "Java/1.6.0_24"
192.168.92.25 - - [08/Nov/2013:00:00:23 +0000] "GET /yell/footer.html HTTP/1.1" 200 4308 "-" "Java/1.6.0_24"
157.56.93.63 - - [08/Nov/2013:00:00:21 +0000] "GET /s/car+valeting-worle-weston+super+mare.html HTTP/1.1" 200 18508 "-" "Mozilla/5.0 (compatible; bingbot/2.0; +http://www.bing.com/bingbot.htm)"
178.107.200.37 - - [08/Nov/2013:00:00:23 +0000] "GET /ucs/combined.js.h-1172771875.pack HTTP/1.1" 200 25019 "http://www.yell.com/s/registration+of+births+deaths+and+marriages-hornchurch.html" "Mozilla/5.0 (Windows NT 6.1) AppleWebKit/537.36 (KHTML, like Gecko) Chrome/30.0.1599.101 Safari/537.36"
192.168.92.21 - - [08/Nov/2013:00:00:23 +0000] "GET /yell/search_social.html HTTP/1.1" 200 1402 "-" "Java/1.6.0_24"
192.168.92.21 - - [08/Nov/2013:00:00:23 +0000] "GET /yell/header.html HTTP/1.1" 200 1401 "-" "Java/1.6.0_24"
86.27.236.197 - - [08/Nov/2013:00:00:23 +0000] "GET /css/min/1.1.2013.R09.00.02/yelldotcom/default/related-ads.css HTTP/1.1" 200 429 "http://www.yell.com/biz/foster-and-heanes-ltd-fleet-7507289/" "Mozilla/5.0 (Windows NT 6.1; WOW64) AppleWebKit/537.36 (KHTML, like Gecko) Chrome/30.0.1599.101 Safari/537.36"
86.27.236.197 - - [08/Nov/2013:00:00:23 +0000] "GET /css/min/1.1.2013.R09.00.02/yelldotcom/default/all-global.css HTTP/1.1" 200 4329 "http://www.yell.com/biz/foster-and-heanes-ltd-fleet-7507289/" "Mozilla/5.0 (Windows NT 6.1; WOW64) AppleWebKit/537.36 (KHTML, like Gecko) Chrome/30.0.1599.101 Safari/537.36"
87.106.91.228 - - [08/Nov/2013:00:00:23 +0000] "GET /ucs/UcsSearchAction.do?startAt=10&keywords=Furniture+Shops&location=L20&scrambleSeed=39517908&ssm=1&showOoa=10&pageNum=3&advanced=true HTTP/1.1" 200 43442 "-" "Mozilla/5.0 (Windows NT 5.1) AppleWebKit/535.19 (KHTML, like Gecko) Chrome"
86.27.236.197 - - [08/Nov/2013:00:00:23 +0000] "GET /css/min/1.1.2013.R09.00.02/yelldotcom/default/all-classic.css HTTP/1.1" 200 13800 "http://www.yell.com/biz/foster-and-heanes-ltd-fleet-7507289/" "Mozilla/5.0 (Windows NT 6.1; WOW64) AppleWebKit/537.36 (KHTML, like Gecko) Chrome/30.0.1599.101 Safari/537.36"
66.249.66.94 - - [08/Nov/2013:00:00:23 +0000] "GET /biz/mcdonald-s-restaurants-ltd-stockton-on-tees-2357630/ HTTP/1.1" 404 6514 "-" "Mozilla/5.0 (compatible; Googlebot/2.1; +http://www.google.com/bot.html)"
66.249.66.133 - - [08/Nov/2013:00:00:23 +0000] "GET /ucs/UcsSearchAction.do?keywords=fish%20%26%20chip%20shops%20%26%20restaurants&location=ng7&view=map&scrambleSeed=158768843 HTTP/1.1" 200 6570 "-" "Mozilla/5.0 (compatible; Googlebot/2.1; +http://www.google.com/bot.html)"
86.27.236.197 - - [08/Nov/2013:00:00:23 +0000] "GET /jscript/min/1.1.2013.R09.00.02/yelldotcom/default/all-classic.js HTTP/1.1" 200 8860 "http://www.yell.com/biz/foster-and-heanes-ltd-fleet-7507289/" "Mozilla/5.0 (Windows NT 6.1; WOW64) AppleWebKit/537.36 (KHTML, like Gecko) Chrome/30.0.1599.101 Safari/537.36"
86.27.236.197 - - [08/Nov/2013:00:00:23 +0000] "GET /jscript/min/1.1.2013.R09.00.02/yelldotcom/default/related-ads.js HTTP/1.1" 200 553 "http://www.yell.com/biz/foster-and-heanes-ltd-fleet-7507289/" "Mozilla/5.0 (Windows NT 6.1; WOW64) AppleWebKit/537.36 (KHTML, like Gecko) Chrome/30.0.1599.101 Safari/537.36"
86.27.236.197 - - [08/Nov/2013:00:00:23 +0000] "GET /jscript/min/1.1.2013.R09.00.02/yelldotcom/default/all-global.js HTTP/1.1" 200 83737 "http://www.yell.com/biz/foster-and-heanes-ltd-fleet-7507289/" "Mozilla/5.0 (Windows NT 6.1; WOW64) AppleWebKit/537.36 (KHTML, like Gecko) Chrome/30.0.1599.101 Safari/537.36"
86.27.236.197 - - [08/Nov/2013:00:00:23 +0000] "GET /js/omniture-H.23.8.js HTTP/1.1" 200 13228 "http://www.yell.com/biz/foster-and-heanes-ltd-fleet-7507289/" "Mozilla/5.0 (Windows NT 6.1; WOW64) AppleWebKit/537.36 (KHTML, like Gecko) Chrome/30.0.1599.101 Safari/537.36"
82.132.228.11 - - [08/Nov/2013:00:00:23 +0000] "GET /yell/smartphone/smartphonePromo.js HTTP/1.1" 200 661 "http://www.yell.com/s/pizza+delivery+and+takeaway-leven-fife.html" "BlackBerry8520/5.0.0.681 Profile/MIDP-2.1 Configuration/CLDC-1.1 VendorID/603"
79.66.95.3 - - [08/Nov/2013:00:00:24 +0000] "GET /favicon.ico HTTP/1.1" 200 200 "http://www.yell.com/biz/a-j-s-motorcycles-ltd-andover-2236089/" "Mozilla/5.0 (Linux; U; Android 4.1.2; en-gb; GT-I9300 Build/JZO54K) AppleWebKit/534.30 (KHTML, like Gecko) Version/4.0 Mobile Safari/534.30"
- - - [08/Nov/2013:00:00:24 +0000] "OPTIONS * HTTP/1.0" 200 - "-" "Apache (internal dummy connection)"
65.55.52.118 - - [08/Nov/2013:00:00:23 +0000] "GET /s/theatrical+companies-brough-north+humberside.html HTTP/1.1" 200 14118 "-" "Mozilla/5.0 (compatible; bingbot/2.0; +http://www.bing.com/bingbot.htm)"
192.168.92.20 - - [08/Nov/2013:00:00:24 +0000] "GET /yell/footer.html HTTP/1.1" 200 4308 "-" "Java/1.6.0_24"
157.55.32.225 - - [08/Nov/2013:00:00:23 +0000] "GET /s/fishing+tackle-pencader.html HTTP/1.1" 200 13890 "-" "Mozilla/5.0 (compatible; bingbot/2.0; +http://www.bing.com/bingbot.htm)"
192.168.92.20 - - [08/Nov/2013:00:00:24 +0000] "GET /yell/search_social.html HTTP/1.1" 200 1402 "-" "Java/1.6.0_24"
192.168.92.20 - - [08/Nov/2013:00:00:24 +0000] "GET /yell/header.html HTTP/1.1" 200 1401 "-" "Java/1.6.0_24"
188.29.164.69 - - [08/Nov/2013:00:00:24 +0000] "GET /css/min/1.1.2013.R09.00.02/yelldotcom/smartphone/all-bip.css HTTP/1.1" 200 11487 "http://www.yell.com/biz/1st-friends-day-nursery-ltd-gillingham-3149810/" "Mozilla/5.0 (iPhone; CPU iPhone OS 7_0_2 like Mac OS X) AppleWebKit/537.51.1 (KHTML, like Gecko) Version/7.0 Mobile/11A501 Safari/9537.53"
192.168.92.21 - - [08/Nov/2013:00:00:24 +0000] "GET /yell/search_social.html HTTP/1.1" 200 1402 "-" "Java/1.6.0_24"
192.168.92.21 - - [08/Nov/2013:00:00:24 +0000] "GET /yell/header.html HTTP/1.1" 200 1401 "-" "Java/1.6.0_24"
192.168.92.21 - - [08/Nov/2013:00:00:24 +0000] "GET /yell/search_social.html HTTP/1.1" 200 1402 "-" "Java/1.6.0_24"
86.27.236.197 - - [08/Nov/2013:00:00:24 +0000] "GET /img/2011r07_search-sprite.png HTTP/1.1" 200 29298 "http://www.yell.com/biz/foster-and-heanes-ltd-fleet-7507289/" "Mozilla/5.0 (Windows NT 6.1; WOW64) AppleWebKit/537.36 (KHTML, like Gecko) Chrome/30.0.1599.101 Safari/537.36"
86.27.236.197 - - [08/Nov/2013:00:00:24 +0000] "GET /img/2012r07_bip-cta.png?R07 HTTP/1.1" 200 2921 "http://www.yell.com/biz/foster-and-heanes-ltd-fleet-7507289/" "Mozilla/5.0 (Windows NT 6.1; WOW64) AppleWebKit/537.36 (KHTML, like Gecko) Chrome/30.0.1599.101 Safari/537.36"
86.27.236.197 - - [08/Nov/2013:00:00:24 +0000] "GET /img/2010r09_header-sprite.png HTTP/1.1" 200 10899 "http://www.yell.com/biz/foster-and-heanes-ltd-fleet-7507289/" "Mozilla/5.0 (Windows NT 6.1; WOW64) AppleWebKit/537.36 (KHTML, like Gecko) Chrome/30.0.1599.101 Safari/537.36"
86.27.236.197 - - [08/Nov/2013:00:00:24 +0000] "GET /img/sm_000_oo.gif HTTP/1.1" 200 597 "http://www.yell.com/biz/foster-and-heanes-ltd-fleet-7507289/" "Mozilla/5.0 (Windows NT 6.1; WOW64) AppleWebKit/537.36 (KHTML, like Gecko) Chrome/30.0.1599.101 Safari/537.36"
86.27.236.197 - - [08/Nov/2013:00:00:24 +0000] "GET /img/footer-sprite-2011.jpg HTTP/1.1" 200 1216 "http://www.yell.com/biz/foster-and-heanes-ltd-fleet-7507289/" "Mozilla/5.0 (Windows NT 6.1; WOW64) AppleWebKit/537.36 (KHTML, like Gecko) Chrome/30.0.1599.101 Safari/537.36"
86.27.236.197 - - [08/Nov/2013:00:00:24 +0000] "GET /fonts/responder/yelldotcom/default/yecorp5-webfont.woff HTTP/1.1" 200 23070 "http://www.yell.com/biz/foster-and-heanes-ltd-fleet-7507289/" "Mozilla/5.0 (Windows NT 6.1; WOW64) AppleWebKit/537.36 (KHTML, like Gecko) Chrome/30.0.1599.101 Safari/537.36"
66.249.66.138 - - [08/Nov/2013:00:00:23 +0000] "GET /s/golf+equipment-ng70.html HTTP/1.1" 200 17002 "-" "Mozilla/5.0 (compatible; Googlebot/2.1; +http://www.google.com/bot.html)"
192.168.92.25 - - [08/Nov/2013:00:00:24 +0000] "GET /yell/search_social.html HTTP/1.1" 200 1402 "-" "Java/1.6.0_24"
92.40.250.90 - - [08/Nov/2013:00:00:24 +0000] "GET /ucs/combined.css.h1307364814.pack HTTP/1.1" 200 4562 "http://www.yell.com/s/caravan+accessories-edinburgh.html" "Mozilla/5.0 (Windows NT 6.2; WOW64; rv:26.0) Gecko/20100101 Firefox/26.0"
92.40.250.90 - - [08/Nov/2013:00:00:24 +0000] "GET /ucs/combined.css.h-1084000735.pack HTTP/1.1" 200 15308 "http://www.yell.com/s/caravan+accessories-edinburgh.html" "Mozilla/5.0 (Windows NT 6.2; WOW64; rv:26.0) Gecko/20100101 Firefox/26.0"
92.40.250.90 - - [08/Nov/2013:00:00:24 +0000] "GET /ucs/combined.js.h-830824398.pack HTTP/1.1" 200 86122 "http://www.yell.com/s/caravan+accessories-edinburgh.html" "Mozilla/5.0 (Windows NT 6.2; WOW64; rv:26.0) Gecko/20100101 Firefox/26.0"
66.249.66.114 - - [08/Nov/2013:00:00:24 +0000] "GET /b/TSL+Heating+and+Plumbing-Boiler+Cleaning,+Servicing+and+Repair-4645683/ HTTP/1.1" 301 20 "-" "Mozilla/5.0 (compatible; Googlebot/2.1; +http://www.google.com/bot.html)"
192.168.92.21 - - [08/Nov/2013:00:00:24 +0000] "GET /yell/search_social.html HTTP/1.1" 200 1402 "-" "Java/1.6.0_24"
81.110.248.84 - - [08/Nov/2013:00:00:24 +0000] "GET /autocomplete/autoComplete.do?type=location&value=b32 HTTP/1.1" 200 51 "http://www.yell.com/" "Mozilla/5.0 (Windows NT 6.1; rv:25.0) Gecko/20100101 Firefox/25.0"
157.55.35.31 - - [08/Nov/2013:00:00:23 +0000] "GET /s/storage-churchtown-st+agnes.html HTTP/1.1" 200 20006 "-" "Mozilla/5.0 (compatible; bingbot/2.0; +http://www.bing.com/bingbot.htm)"
192.168.92.26 - - [08/Nov/2013:00:00:24 +0000] "GET /yell/footer.html HTTP/1.1" 200 4308 "-" "Java/1.6.0_24"
65.55.52.95 - - [08/Nov/2013:00:00:23 +0000] "GET /s/rubbish+tips-moreton-saundersfoot.html HTTP/1.1" 200 14818 "-" "Mozilla/5.0 (compatible; bingbot/2.0; +http://www.bing.com/bingbot.htm)"
157.55.32.223 - - [08/Nov/2013:00:00:23 +0000] "GET /s/painters-torksey-lincoln.html HTTP/1.1" 200 18923 "-" "Mozilla/5.0 (compatible; bingbot/2.0; +http://www.bing.com/bingbot.htm)"
192.168.92.26 - - [08/Nov/2013:00:00:24 +0000] "GET /yell/search_social.html HTTP/1.1" 200 1402 "-" "Java/1.6.0_24"
87.106.91.228 - - [08/Nov/2013:00:00:23 +0000] "GET /ucs/UcsSearchAction.do?startAt=10&keywords=Driveways&location=OL1&scrambleSeed=39517908&ssm=1&showOoa=10&pageNum=3&advanced=true HTTP/1.1" 200 116076 "-" "Mozilla/4.0 (compatible; MSIE 7.0; Windows NT 5.1; InfoPath.2; .NET CLR 2.0.50727; .NET CLR 3.0.04506.648; .NET CLR 3.5.21022; .NET CLR 1.1.4322)2011-10-16 20:22:33"
192.168.92.26 - - [08/Nov/2013:00:00:24 +0000] "GET /yell/header.html HTTP/1.1" 200 1401 "-" "Java/1.6.0_24"
192.168.92.20 - - [08/Nov/2013:00:00:24 +0000] "GET /yell/header.html HTTP/1.1" 200 1401 "-" "Java/1.6.0_24"
157.56.93.49 - - [08/Nov/2013:00:00:23 +0000] "GET /s/piano+removals-sudborough.html HTTP/1.1" 200 16243 "-" "Mozilla/5.0 (compatible; bingbot/2.0; +http://www.bing.com/bingbot.htm)"
192.168.92.26 - - [08/Nov/2013:00:00:24 +0000] "GET /yell/search_social.html HTTP/1.1" 200 1402 "-" "Java/1.6.0_24"
66.249.66.128 - - [08/Nov/2013:00:00:24 +0000] "GET /s/glaziers-iv4.html HTTP/1.1" 200 16537 "-" "Mozilla/5.0 (compatible; Googlebot/2.1; +http://www.google.com/bot.html)"
192.168.92.20 - - [08/Nov/2013:00:00:24 +0000] "GET /yell/header.html HTTP/1.1" 200 1401 "-" "Java/1.6.0_24"
192.168.92.25 - - [08/Nov/2013:00:00:24 +0000] "GET /yell/search_social.html HTTP/1.1" 200 1402 "-" "Java/1.6.0_24"
192.168.92.25 - - [08/Nov/2013:00:00:24 +0000] "GET /yell/header.html HTTP/1.1" 200 1401 "-" "Java/1.6.0_24"
192.168.92.25 - - [08/Nov/2013:00:00:24 +0000] "GET /yell/footer.html HTTP/1.1" 200 4308 "-" "Java/1.6.0_24"
66.249.66.96 - - [08/Nov/2013:00:00:22 +0000] "GET /s/fridges+and+freezers+retail+and+suppliers-swyncombe-henley+on+thames.html HTTP/1.1" 200 16228 "-" "Mozilla/5.0 (compatible; Googlebot/2.1; +http://www.google.com/bot.html)"
192.168.92.20 - - [08/Nov/2013:00:00:24 +0000] "GET /yell/search_social.html HTTP/1.1" 200 1402 "-" "Java/1.6.0_24"
157.56.93.41 - - [08/Nov/2013:00:00:24 +0000] "GET /b/Erics+Angling+Centre+Ltd-Fishing+Tackle-Leeds-LS157AX-6257193/ HTTP/1.1" 301 20 "-" "Mozilla/5.0 (compatible; bingbot/2.0; +http://www.bing.com/bingbot.htm)"
151.224.185.38 - - [08/Nov/2013:00:00:24 +0000] "GET /favicon.ico HTTP/1.1" 200 200 "http://www.yell.com/s/boarding+up+service-west+midlands.html" "Mozilla/5.0 (Macintosh; Intel Mac OS X 10_8_5) AppleWebKit/537.71 (KHTML, like Gecko) Version/6.1 Safari/537.71"
87.106.91.228 - - [08/Nov/2013:00:00:24 +0000] "GET /ucs/UcsSearchAction.do?startAt=10&keywords=Family+Planning&location=OL2&scrambleSeed=39517908&ssm=1&showOoa=10&pageNum=4&advanced=true HTTP/1.1" 200 43466 "-" "Mozilla/5.0 (Macintosh; Intel Mac OS X 10_7_2) AppleWebKit/535.1 (KHTML, like Gecko) Chrome/14.0.835.202 Safari/535.12011-10-16 20:21:13"
151.224.185.38 - - [08/Nov/2013:00:00:24 +0000] "GET /ucs/ListingSnippets.do?natids=4903596,901395377,901236954,5697000,901386066&keywords=boarding%20up%20service HTTP/1.1" 200 372 "http://www.yell.com/s/boarding+up+service-west+midlands.html" "Mozilla/5.0 (Macintosh; Intel Mac OS X 10_8_5) AppleWebKit/537.71 (KHTML, like Gecko) Version/6.1 Safari/537.71"
192.168.92.26 - - [08/Nov/2013:00:00:24 +0000] "GET /yell/search_social.html HTTP/1.1" 200 1402 "-" "Java/1.6.0_24"
192.168.92.26 - - [08/Nov/2013:00:00:24 +0000] "GET /yell/footer.html HTTP/1.1" 200 4308 "-" "Java/1.6.0_24"
192.168.92.26 - - [08/Nov/2013:00:00:24 +0000] "GET /yell/homepage_social.html HTTP/1.1" 200 140 "-" "Java/1.6.0_24"
81.110.248.84 - - [08/Nov/2013:00:00:24 +0000] "GET /autocomplete/autoComplete.do?type=location&value=b32 HTTP/1.1" 200 51 "http://www.yell.com/" "Mozilla/5.0 (Windows NT 6.1; rv:25.0) Gecko/20100101 Firefox/25.0"
192.168.92.21 - - [08/Nov/2013:00:00:24 +0000] "GET /yell/header.html HTTP/1.1" 200 1401 "-" "Java/1.6.0_24"
192.168.92.26 - - [08/Nov/2013:00:00:24 +0000] "GET /yell/search_social.html HTTP/1.1" 200 1402 "-" "Java/1.6.0_24"
192.168.92.26 - - [08/Nov/2013:00:00:24 +0000] "GET /yell/footer.html HTTP/1.1" 200 4308 "-" "Java/1.6.0_24"
66.249.66.105 - - [08/Nov/2013:00:00:24 +0000] "GET /b/Pete+Hart+Carpets-Carpets+and+Rugs+_+Retail+and+Repair-lancing-BN150QN-6766782/?view=map HTTP/1.1" 404 6514 "-" "Mozilla/5.0 (compatible; Googlebot/2.1; +http://www.google.com/bot.html)"
96.47.226.21 - - [08/Nov/2013:00:00:24 +0000] "GET http://www.yell.com/biz/jackson-rowe-crowborough-826598/ HTTP/1.1" 200 22752 "-" "Mozilla/5.0 (X11; Linux x86_64) AppleWebKit/537.22 (KHTML, like Gecko) Ubuntu Chromium/25.0.1364.160 Chrome/25.0.1364.160 Safari/537.22"
92.40.250.90 - - [08/Nov/2013:00:00:24 +0000] "GET /js/omniture-H.25.js HTTP/1.1" 200 14010 "http://www.yell.com/s/caravan+accessories-edinburgh.html" "Mozilla/5.0 (Windows NT 6.2; WOW64; rv:26.0) Gecko/20100101 Firefox/26.0"
96.47.226.21 - - [08/Nov/2013:00:00:24 +0000] "GET http://www.yell.com/biz/jacksons-aboricultural-consultancy-bury-6690033/ HTTP/1.1" 200 23029 "-" "Mozilla/5.0 (X11; Linux x86_64) AppleWebKit/537.22 (KHTML, like Gecko) Ubuntu Chromium/25.0.1364.160 Chrome/25.0.1364.160 Safari/537.22"
192.168.92.26 - - [08/Nov/2013:00:00:24 +0000] "GET /yell/search_social.html HTTP/1.1" 200 1402 "-" "Java/1.6.0_24"
192.168.92.26 - - [08/Nov/2013:00:00:24 +0000] "GET /yell/header.html HTTP/1.1" 200 1401 "-" "Java/1.6.0_24"
96.47.226.21 - - [08/Nov/2013:00:00:24 +0000] "GET http://www.yell.com/biz/jackson-samuel-ltd-london-5964408/ HTTP/1.1" 200 22830 "-" "Mozilla/5.0 (X11; Linux x86_64) AppleWebKit/537.22 (KHTML, like Gecko) Ubuntu Chromium/25.0.1364.160 Chrome/25.0.1364.160 Safari/537.22"
96.47.226.21 - - [08/Nov/2013:00:00:24 +0000] "GET http://www.yell.com/biz/jacksons-art-supplies-ltd-gloucester-5900843/ HTTP/1.1" 200 23826 "-" "Mozilla/5.0 (X11; Linux x86_64) AppleWebKit/537.22 (KHTML, like Gecko) Ubuntu Chromium/25.0.1364.160 Chrome/25.0.1364.160 Safari/537.22"
96.47.226.21 - - [08/Nov/2013:00:00:24 +0000] "GET http://www.yell.com/biz/jacksons-bakery-saxmundham-2432425/ HTTP/1.1" 200 22674 "-" "Mozilla/5.0 (X11; Linux x86_64) AppleWebKit/537.22 (KHTML, like Gecko) Ubuntu Chromium/25.0.1364.160 Chrome/25.0.1364.160 Safari/537.22"
192.168.92.20 - - [08/Nov/2013:00:00:25 +0000] "GET /yell/search_social.html HTTP/1.1" 200 1402 "-" "Java/1.6.0_24"
96.47.226.21 - - [08/Nov/2013:00:00:24 +0000] "GET http://www.yell.com/biz/jacksons-art-supplies-ltd-london-4330150/ HTTP/1.1" 200 34249 "-" "Mozilla/5.0 (X11; Linux x86_64) AppleWebKit/537.22 (KHTML, like Gecko) Ubuntu Chromium/25.0.1364.160 Chrome/25.0.1364.160 Safari/537.22"
- - - [08/Nov/2013:00:00:25 +0000] "OPTIONS * HTTP/1.0" 200 - "-" "Apache (internal dummy connection)"
192.168.92.26 - - [08/Nov/2013:00:00:25 +0000] "GET /yell/search_social.html HTTP/1.1" 200 1402 "-" "Java/1.6.0_24"
192.168.92.25 - - [08/Nov/2013:00:00:25 +0000] "GET /yell/search_social.html HTTP/1.1" 200 1402 "-" "Java/1.6.0_24"
92.40.250.90 - - [08/Nov/2013:00:00:25 +0000] "GET /static/image/43199fc0-dfca-4674-b74e-88e4495a91f4_image_jpeg?t=tr/w:80/h:60/m:FitPad HTTP/1.1" 200 999 "http://www.yell.com/s/caravan+accessories-edinburgh.html" "Mozilla/5.0 (Windows NT 6.2; WOW64; rv:26.0) Gecko/20100101 Firefox/26.0"
96.47.226.21 - - [08/Nov/2013:00:00:24 +0000] "GET http://www.yell.com/biz/jacksons-bistro-windermere-1193604/ HTTP/1.1" 200 22625 "-" "Mozilla/5.0 (X11; Linux x86_64) AppleWebKit/537.22 (KHTML, like Gecko) Ubuntu Chromium/25.0.1364.160 Chrome/25.0.1364.160 Safari/537.22"
96.47.226.21 - - [08/Nov/2013:00:00:24 +0000] "GET http://www.yell.com/biz/jacksons-alterations-birmingham-1519813/ HTTP/1.1" 200 22746 "-" "Mozilla/5.0 (X11; Linux x86_64) AppleWebKit/537.22 (KHTML, like Gecko) Ubuntu Chromium/25.0.1364.160 Chrome/25.0.1364.160 Safari/537.22"
66.249.66.114 - - [08/Nov/2013:00:00:25 +0000] "GET /b/Yasmin+Lowry-Dentists-Eastbourne-BN220HP-2313776/reviews.html HTTP/1.1" 301 349 "-" "Mozilla/5.0 (compatible; Googlebot/2.1; +http://www.google.com/bot.html)"
66.249.66.131 - - [08/Nov/2013:00:00:24 +0000] "GET /s/car+electrics-pegswood+station-morpeth.html HTTP/1.1" 200 20135 "-" "Mozilla/5.0 (compatible; Googlebot/2.1; +http://www.google.com/bot.html)"
87.106.91.228 - - [08/Nov/2013:00:00:23 +0000] "GET /ucs/UcsSearchAction.do?startAt=10&keywords=Electrical+Inspection&location=OL4&scrambleSeed=39517908&ssm=1&showOoa=10&pageNum=3&advanced=true HTTP/1.1" 200 122334 "-" "IE 7 ? Mozilla/4.0 (compatible; MSIE 7.0; Windows NT 5.1; .NET CLR 1.1.4322; .NET CLR 2.0.50727; .NET CLR 3.0.04506.30)2011-10-16 20:20:09"
66.249.66.104 - - [08/Nov/2013:00:00:24 +0000] "GET /s/charity+shops-bromsgrove.html HTTP/1.1" 200 18566 "-" "Mozilla/5.0 (compatible; Googlebot/2.1; +http://www.google.com/bot.html)"
66.249.66.126 - - [08/Nov/2013:00:00:24 +0000] "GET /s/floor+fitting-wennington-lancaster.html HTTP/1.1" 200 15470 "-" "Mozilla/5.0 (compatible; Googlebot/2.1; +http://www.google.com/bot.html)"
87.106.91.228 - - [08/Nov/2013:00:00:24 +0000] "GET /ucs/UcsSearchAction.do?startAt=10&keywords=Garage+Services&location=OL12&scrambleSeed=39517908&ssm=1&showOoa=10&pageNum=1&advanced=true HTTP/1.1" 200 114861 "-" "IE 7 ? Mozilla/4.0 (compatible; MSIE 7.0; Windows NT 5.1; .NET CLR 1.1.4322; .NET CLR 2.0.50727; .NET CLR 3.0.04506.30)2011-10-16 20:20:09"
87.106.91.228 - - [08/Nov/2013:00:00:24 +0000] "GET /ucs/UcsSearchAction.do?startAt=10&keywords=Garage+Conversions&location=OL5&scrambleSeed=39517908&ssm=1&showOoa=10&pageNum=2&advanced=true HTTP/1.1" 200 122320 "-" "IE 7 ? Mozilla/4.0 (compatible; MSIE 7.0; Windows NT 5.1; .NET CLR 1.1.4322; .NET CLR 2.0.50727; .NET CLR 3.0.04506.30)2011-10-16 20:20:09"
92.40.250.90 - - [08/Nov/2013:00:00:25 +0000] "GET /img/sm_000_oo.gif HTTP/1.1" 200 597 "http://www.yell.com/s/caravan+accessories-edinburgh.html" "Mozilla/5.0 (Windows NT 6.2; WOW64; rv:26.0) Gecko/20100101 Firefox/26.0"
192.168.92.25 - - [08/Nov/2013:00:00:25 +0000] "GET /yell/footer.html HTTP/1.1" 200 4308 "-" "Java/1.6.0_24"
66.249.66.129 - - [08/Nov/2013:00:00:24 +0000] "GET /s/chiropodists-motherwell.html HTTP/1.1" 200 4957 "-" "Mozilla/5.0 (iPhone; CPU iPhone OS 6_0 like Mac OS X) AppleWebKit/536.26 (KHTML, like Gecko) Version/6.0 Mobile/10A5376e Safari/8536.25 (compatible; Googlebot-Mobile/2.1; +http://www.google.com/bot.html)"
65.55.52.117 - - [08/Nov/2013:00:00:24 +0000] "GET /s/fireworks-ormskirk.html HTTP/1.1" 200 16015 "-" "Mozilla/5.0 (compatible; bingbot/2.0; +http://www.bing.com/bingbot.htm)"
92.40.250.90 - - [08/Nov/2013:00:00:25 +0000] "GET /favicon.ico HTTP/1.1" 200 200 "-" "Mozilla/5.0 (Windows NT 6.2; WOW64; rv:26.0) Gecko/20100101 Firefox/26.0"
178.109.183.157 - - [08/Nov/2013:00:00:25 +0000] "GET /autocomplete/autoComplete.do?type=keyword_2box&value=sainsburys%20charlton%20se7%207sn%20distribution%20onsi HTTP/1.1" 200 22 "http://www.yell.com/s/storage-charlton-south+east+london.html" "Mozilla/5.0 (compatible; MSIE 10.0; Windows NT 6.2; WOW64; Trident/6.0)"
188.29.164.69 - - [08/Nov/2013:00:00:25 +0000] "GET /jscript/min/1.1.2013.R09.00.02/yelldotcom/smartphone/all-bip.js HTTP/1.1" 200 322 "http://www.yell.com/biz/1st-friends-day-nursery-ltd-gillingham-3149810/" "Mozilla/5.0 (iPhone; CPU iPhone OS 7_0_2 like Mac OS X) AppleWebKit/537.51.1 (KHTML, like Gecko) Version/7.0 Mobile/11A501 Safari/9537.53"
92.23.68.230 - - [08/Nov/2013:00:00:25 +0000] "GET /biz/tgf-pizza-hatfield-2776680/ HTTP/1.1" 200 3643 "http://www.yell.com/s/pizza+delivery+and+takeaway-hatfield-hertfordshire.html" "Mozilla/5.0 (iPhone; CPU iPhone OS 7_0 like Mac OS X) AppleWebKit/546.10 (KHTML, like Gecko) Version/6.0 Mobile/7E18WD Safari/8536.25"
96.47.226.21 - - [08/Nov/2013:00:00:24 +0000] "GET http://www.yell.com/biz/jackson-ryan-associates-ltd-bedford-6122612/ HTTP/1.1" 200 22736 "-" "Mozilla/5.0 (X11; Linux x86_64) AppleWebKit/537.22 (KHTML, like Gecko) Ubuntu Chromium/25.0.1364.160 Chrome/25.0.1364.160 Safari/537.22"
87.106.91.228 - - [08/Nov/2013:00:00:24 +0000] "GET /ucs/UcsSearchAction.do?startAt=10&keywords=Electrician&location=OL05&scrambleSeed=39517908&ssm=1&showOoa=10&pageNum=2&advanced=true HTTP/1.1" 200 120376 "-" "Mozilla/4.0 (compatible; MSIE 7.0; Windows NT 5.1; InfoPath.2; .NET CLR 2.0.50727; .NET CLR 3.0.04506.648; .NET CLR 3.5.21022; .NET CLR 1.1.4322)2011-10-16 20:22:33"
66.249.66.120 - - [08/Nov/2013:00:00:25 +0000] "GET /ucs/ListingSnippets.do?natids=2835535,687506,3410285,7739062,4480645,723541,635464,528881&keywords=household%20stores HTTP/1.1" 200 222 "http://www.yell.com/s/household+stores-kinghorn+station-burntisland.html" "Mozilla/5.0 (compatible; Googlebot/2.1; +http://www.google.com/bot.html)"
66.249.66.109 - - [08/Nov/2013:00:00:24 +0000] "GET /s/friv-mangersta-lewis.html HTTP/1.1" 200 15659 "-" "Mozilla/5.0 (compatible; Googlebot/2.1; +http://www.google.com/bot.html)"
101.166.8.69 - - [08/Nov/2013:00:00:25 +0000] "GET /img/2011r08_refinement-sprite.png HTTP/1.1" 200 3086 "http://www.yell.com/s/antiques-glenelg.html" "Mozilla/5.0 (compatible; MSIE 10.0; Windows NT 6.1; WOW64; Trident/6.0; NP06)"
192.168.92.20 - - [08/Nov/2013:00:00:25 +0000] "GET /yell/search_social.html HTTP/1.1" 200 1402 "-" "Java/1.6.0_24"
192.168.92.25 - - [08/Nov/2013:00:00:25 +0000] "GET /yell/header.html HTTP/1.1" 200 1401 "-" "Java/1.6.0_24"
192.168.92.25 - - [08/Nov/2013:00:00:25 +0000] "GET /yell/footer.html HTTP/1.1" 200 4308 "-" "Java/1.6.0_24"
192.168.92.25 - - [08/Nov/2013:00:00:25 +0000] "GET /yell/header.html HTTP/1.1" 200 1401 "-" "Java/1.6.0_24"
101.166.8.69 - - [08/Nov/2013:00:00:25 +0000] "GET /img/sm_000_oo.gif HTTP/1.1" 200 597 "http://www.yell.com/s/antiques-glenelg.html" "Mozilla/5.0 (compatible; MSIE 10.0; Windows NT 6.1; WOW64; Trident/6.0; NP06)"
89.242.214.193 - - [08/Nov/2013:00:00:25 +0000] "GET /biz/barton-grange-garden-centre-bolton-bolton-1174796/ HTTP/1.1" 200 8468 "-" "Mozilla/5.0 (iPad; CPU OS 7_0_3 like Mac OS X) AppleWebKit/537.51.1 (KHTML, like Gecko) Version/7.0 Mobile/11B511 Safari/9537.53"
157.55.35.87 - - [08/Nov/2013:00:00:24 +0000] "GET /s/furniture+stores-keelpark+glebe.html HTTP/1.1" 200 14021 "-" "Mozilla/5.0 (compatible; bingbot/2.0; +http://www.bing.com/bingbot.htm)"
62.189.175.100 - - [08/Nov/2013:00:00:25 +0000] "GET /img/2012r05_switches-sprite.png HTTP/1.1" 200 5291 "http://www.yell.com/biz/howl-middlesbrough-6364201/" "Mozilla/4.0 (compatible; MSIE 6.0; Windows NT 5.1; SV1; .NET CLR 2.0.50727; .NET CLR 3.0.04506.648; .NET CLR 3.5.21022; .NET CLR 1.1.4322)"
62.189.175.100 - - [08/Nov/2013:00:00:25 +0000] "GET /img/2012r05_switches-sprite.png HTTP/1.1" 200 5291 "http://www.yell.com/biz/howl-middlesbrough-6364201/" "Mozilla/4.0 (compatible; MSIE 6.0; Windows NT 5.1; SV1; .NET CLR 2.0.50727; .NET CLR 3.0.04506.648; .NET CLR 3.5.21022; .NET CLR 1.1.4322)"
192.168.92.20 - - [08/Nov/2013:00:00:25 +0000] "GET /yell/footer.html HTTP/1.1" 200 4308 "-" "Java/1.6.0_24"
192.168.92.25 - - [08/Nov/2013:00:00:25 +0000] "GET /yell/search_social.html HTTP/1.1" 200 1402 "-" "Java/1.6.0_24"
192.168.92.25 - - [08/Nov/2013:00:00:25 +0000] "GET /yell/footer.html HTTP/1.1" 200 4308 "-" "Java/1.6.0_24"
87.106.91.228 - - [08/Nov/2013:00:00:24 +0000] "GET /ucs/UcsSearchAction.do?startAt=10&keywords=Family+Planning&location=OL14&scrambleSeed=39517908&ssm=1&showOoa=10&pageNum=1&advanced=true HTTP/1.1" 200 70752 "-" "Mozilla/5.0 (Windows; U; Windows NT 6.1; en-US; rv:1.9.2.23) Gecko/20110920 Firefox/3.6.23 SearchToolbar/1.22011-10-16 20:20:07"
192.168.92.26 - - [08/Nov/2013:00:00:25 +0000] "GET /yell/search_social.html HTTP/1.1" 200 1402 "-" "Java/1.6.0_24"
192.168.92.25 - - [08/Nov/2013:00:00:25 +0000] "GET /yell/footer.html HTTP/1.1" 200 4308 "-" "Java/1.6.0_24"
87.106.91.228 - - [08/Nov/2013:00:00:24 +0000] "GET /ucs/UcsSearchAction.do?startAt=10&keywords=Electrical+Appliances&location=OL8&scrambleSeed=39517908&ssm=1&showOoa=10&pageNum=3&advanced=true HTTP/1.1" 200 115483 "-" "Mozilla/5.0 (Windows NT 6.1; WOW64; rv:7.0.1) Gecko/20100101 Firefox/7.0.12011-10-16 20:23:00"
192.168.92.25 - - [08/Nov/2013:00:00:25 +0000] "GET /yell/footer.html HTTP/1.1" 200 4308 "-" "Java/1.6.0_24"
157.55.32.223 - - [08/Nov/2013:00:00:25 +0000] "GET /s/copying+and+duplicating+services-babingley.html HTTP/1.1" 200 16284 "-" "Mozilla/5.0 (compatible; bingbot/2.0; +http://www.bing.com/bingbot.htm)"
192.168.92.26 - - [08/Nov/2013:00:00:25 +0000] "GET /yell/search_social.html HTTP/1.1" 200 1402 "-" "Java/1.6.0_24"
192.168.92.20 - - [08/Nov/2013:00:00:25 +0000] "GET /yell/footer.html HTTP/1.1" 200 4308 "-" "Java/1.6.0_24"
192.168.92.20 - - [08/Nov/2013:00:00:25 +0000] "GET /yell/search_social.html HTTP/1.1" 200 1402 "-" "Java/1.6.0_24"
192.168.92.20 - - [08/Nov/2013:00:00:25 +0000] "GET /yell/header.html HTTP/1.1" 200 1401 "-" "Java/1.6.0_24"
192.168.92.20 - - [08/Nov/2013:00:00:25 +0000] "GET /yell/search_social.html HTTP/1.1" 200 1402 "-" "Java/1.6.0_24"
192.168.92.20 - - [08/Nov/2013:00:00:25 +0000] "GET /yell/header.html HTTP/1.1" 200 1401 "-" "Java/1.6.0_24"
192.168.92.26 - - [08/Nov/2013:00:00:25 +0000] "GET /yell/footer.html HTTP/1.1" 200 4308 "-" "Java/1.6.0_24"
192.168.92.26 - - [08/Nov/2013:00:00:25 +0000] "GET /yell/search_social.html HTTP/1.1" 200 1402 "-" "Java/1.6.0_24"
192.168.92.26 - - [08/Nov/2013:00:00:25 +0000] "GET /yell/header.html HTTP/1.1" 200 1401 "-" "Java/1.6.0_24"
192.168.92.26 - - [08/Nov/2013:00:00:25 +0000] "GET /yell/footer.html HTTP/1.1" 200 4308 "-" "Java/1.6.0_24"
192.168.92.26 - - [08/Nov/2013:00:00:25 +0000] "GET /yell/footer.html HTTP/1.1" 200 4308 "-" "Java/1.6.0_24"
192.168.92.21 - - [08/Nov/2013:00:00:25 +0000] "GET /yell/search_social.html HTTP/1.1" 200 1402 "-" "Java/1.6.0_24"
192.168.92.25 - - [08/Nov/2013:00:00:25 +0000] "GET /yell/footer.html HTTP/1.1" 200 4308 "-" "Java/1.6.0_24"
192.168.92.21 - - [08/Nov/2013:00:00:25 +0000] "GET /yell/header.html HTTP/1.1" 200 1401 "-" "Java/1.6.0_24"
65.55.52.117 - - [08/Nov/2013:00:00:25 +0000] "GET /b/Lindley+Plant+Ltd-Coal+and+Solid+Fuel-Belper-DE562BW-736236/ HTTP/1.1" 301 20 "-" "Mozilla/5.0 (compatible; bingbot/2.0; +http://www.bing.com/bingbot.htm)"
192.168.92.21 - - [08/Nov/2013:00:00:25 +0000] "GET /yell/footer.html HTTP/1.1" 200 4308 "-" "Java/1.6.0_24"
- - - [08/Nov/2013:00:00:25 +0000] "GET /slbtestpage.html HTTP/1.1" 200 7 "-" "-"
146.90.22.82 - - [08/Nov/2013:00:00:25 +0000] "GET /ucs/combined.css.h1307364814.pack HTTP/1.1" 200 4562 "http://www.yell.com/s/speech+therapists-girvan.html" "Mozilla/5.0 (Windows NT 6.1; WOW64) AppleWebKit/537.36 (KHTML, like Gecko) Chrome/30.0.1599.101 Safari/537.36"
65.55.52.95 - - [08/Nov/2013:00:00:24 +0000] "GET /s/oil+fuel+distributors+and+suppliers-manchester.html HTTP/1.1" 200 20124 "-" "Mozilla/5.0 (compatible; bingbot/2.0; +http://www.bing.com/bingbot.htm)"
89.242.214.193 - - [08/Nov/2013:00:00:25 +0000] "GET /css/min/1.1.2013.R09.00.02/yelldotcom/default/all-global.css HTTP/1.1" 200 4329 "http://www.yell.com/biz/barton-grange-garden-centre-bolton-bolton-1174796/" "Mozilla/5.0 (iPad; CPU OS 7_0_3 like Mac OS X) AppleWebKit/537.51.1 (KHTML, like Gecko) Version/7.0 Mobile/11B511 Safari/9537.53"
146.90.22.82 - - [08/Nov/2013:00:00:25 +0000] "GET /ucs/combined.css.h-1084000735.pack HTTP/1.1" 200 15308 "http://www.yell.com/s/speech+therapists-girvan.html" "Mozilla/5.0 (Windows NT 6.1; WOW64) AppleWebKit/537.36 (KHTML, like Gecko) Chrome/30.0.1599.101 Safari/537.36"
192.168.92.26 - - [08/Nov/2013:00:00:25 +0000] "GET /yell/footer.html HTTP/1.1" 200 4308 "-" "Java/1.6.0_24"
101.166.8.69 - - [08/Nov/2013:00:00:25 +0000] "GET /img/2010_global-sprite.png HTTP/1.1" 200 1289 "http://www.yell.com/s/antiques-glenelg.html" "Mozilla/5.0 (compatible; MSIE 10.0; Windows NT 6.1; WOW64; Trident/6.0; NP06)"
89.242.214.193 - - [08/Nov/2013:00:00:25 +0000] "GET /css/min/1.1.2013.R09.00.02/yelldotcom/default/all-classic.css HTTP/1.1" 200 13800 "http://www.yell.com/biz/barton-grange-garden-centre-bolton-bolton-1174796/" "Mozilla/5.0 (iPad; CPU OS 7_0_3 like Mac OS X) AppleWebKit/537.51.1 (KHTML, like Gecko) Version/7.0 Mobile/11B511 Safari/9537.53"
89.242.214.193 - - [08/Nov/2013:00:00:25 +0000] "GET /css/min/1.1.2013.R09.00.02/yelldotcom/default/related-ads.css HTTP/1.1" 200 429 "http://www.yell.com/biz/barton-grange-garden-centre-bolton-bolton-1174796/" "Mozilla/5.0 (iPad; CPU OS 7_0_3 like Mac OS X) AppleWebKit/537.51.1 (KHTML, like Gecko) Version/7.0 Mobile/11B511 Safari/9537.53"
192.168.92.20 - - [08/Nov/2013:00:00:25 +0000] "GET /yell/footer.html HTTP/1.1" 200 4308 "-" "Java/1.6.0_24"
113.235.214.125 - - [08/Nov/2013:00:00:25 +0000] "GET /biz/901273113/ HTTP/1.1" 301 - "http://www.yell.com/biz/901273113/" "Mozilla/4.0 (compatible; MSIE 9.0; Windows NT 6.1; 125LA; .NET CLR 2.0.50727; .NET CLR 3.0.04506.648; .NET CLR 3.5.21022)"
192.168.92.20 - - [08/Nov/2013:00:00:25 +0000] "GET /yell/footer.html HTTP/1.1" 200 4308 "-" "Java/1.6.0_24"
92.40.250.90 - - [08/Nov/2013:00:00:25 +0000] "GET /img/free-listing-promo.png HTTP/1.1" 200 64442 "http://www.yell.com/s/caravan+accessories-edinburgh.html" "Mozilla/5.0 (Windows NT 6.2; WOW64; rv:26.0) Gecko/20100101 Firefox/26.0"
86.27.236.197 - - [08/Nov/2013:00:00:24 +0000] "GET /ucs/UcsSearchAction.do?keywords=GARAGE+SERVICES&location=Fleet&contentFilter=true&view=ajaxads&filter=8 HTTP/1.1" 200 1008 "http://www.yell.com/biz/foster-and-heanes-ltd-fleet-7507289/" "Mozilla/5.0 (Windows NT 6.1; WOW64) AppleWebKit/537.36 (KHTML, like Gecko) Chrome/30.0.1599.101 Safari/537.36"
66.249.66.126 - - [08/Nov/2013:00:00:25 +0000] "GET /ucs/ListingSnippets.do?natids=6197805,901215772,6352769,901353454,5699605,3893384,7397563,7306372,6894089,3825968,7606070,901352807&keywords=fencing%20services HTTP/1.1" 200 406 "http://www.yell.com/s/fencing+services-killamarsh.html" "Mozilla/5.0 (compatible; Googlebot/2.1; +http://www.google.com/bot.html)"
101.166.8.69 - - [08/Nov/2013:00:00:25 +0000] "GET /img/free-listing-promo.png HTTP/1.1" 200 64442 "http://www.yell.com/s/antiques-glenelg.html" "Mozilla/5.0 (compatible; MSIE 10.0; Windows NT 6.1; WOW64; Trident/6.0; NP06)"
89.242.214.193 - - [08/Nov/2013:00:00:25 +0000] "GET /js/omniture-H.23.8.js HTTP/1.1" 200 13228 "http://www.yell.com/biz/barton-grange-garden-centre-bolton-bolton-1174796/" "Mozilla/5.0 (iPad; CPU OS 7_0_3 like Mac OS X) AppleWebKit/537.51.1 (KHTML, like Gecko) Version/7.0 Mobile/11B511 Safari/9537.53"
89.242.214.193 - - [08/Nov/2013:00:00:25 +0000] "GET /jscript/min/1.1.2013.R09.00.02/yelldotcom/default/all-classic.js HTTP/1.1" 200 8860 "http://www.yell.com/biz/barton-grange-garden-centre-bolton-bolton-1174796/" "Mozilla/5.0 (iPad; CPU OS 7_0_3 like Mac OS X) AppleWebKit/537.51.1 (KHTML, like Gecko) Version/7.0 Mobile/11B511 Safari/9537.53"
89.242.214.193 - - [08/Nov/2013:00:00:25 +0000] "GET /jscript/min/1.1.2013.R09.00.02/yelldotcom/default/all-global.js HTTP/1.1" 200 83737 "http://www.yell.com/biz/barton-grange-garden-centre-bolton-bolton-1174796/" "Mozilla/5.0 (iPad; CPU OS 7_0_3 like Mac OS X) AppleWebKit/537.51.1 (KHTML, like Gecko) Version/7.0 Mobile/11B511 Safari/9537.53"
86.8.17.102 - - [08/Nov/2013:00:00:25 +0000] "GET /img/responder/yelldotcom/default/prettyPhoto/default/sprite_prev.png HTTP/1.1" 200 1376 "http://www.yell.com/biz/party-chic-west-wickham-6465738/?view=map" "Mozilla/5.0 (iPad; CPU OS 6_1_3 like Mac OS X) AppleWebKit/536.26 (KHTML, like Gecko) Version/6.0 Mobile/10B329 Safari/8536.25"
81.110.248.84 - - [08/Nov/2013:00:00:25 +0000] "GET /autocomplete/autoComplete.do?type=location&value=b32%201 HTTP/1.1" 200 22 "http://www.yell.com/" "Mozilla/5.0 (Windows NT 6.1; rv:25.0) Gecko/20100101 Firefox/25.0"
86.27.236.197 - - [08/Nov/2013:00:00:25 +0000] "GET /static/image/6466e8a0-2763-4049-adb3-bf9c747d60e9_image_jpeg?t=tr/w:120/h:90/m:FitPad HTTP/1.1" 200 1924 "http://www.yell.com/biz/foster-and-heanes-ltd-fleet-7507289/" "Mozilla/5.0 (Windows NT 6.1; WOW64) AppleWebKit/537.36 (KHTML, like Gecko) Chrome/30.0.1599.101 Safari/537.36"
86.27.236.197 - - [08/Nov/2013:00:00:25 +0000] "GET /static/image/8fad2674-5944-402b-9347-7a5650b9b403_image_jpeg?t=tr/w:120/h:90/m:FitPad HTTP/1.1" 200 1861 "http://www.yell.com/biz/foster-and-heanes-ltd-fleet-7507289/" "Mozilla/5.0 (Windows NT 6.1; WOW64) AppleWebKit/537.36 (KHTML, like Gecko) Chrome/30.0.1599.101 Safari/537.36"
86.27.236.197 - - [08/Nov/2013:00:00:25 +0000] "GET /static/image/2cc8983b-7cba-4211-8ae9-9ba8e52b8f03_image_jpeg?t=tr/w:120/h:90/m:FitPad HTTP/1.1" 200 2390 "http://www.yell.com/biz/foster-and-heanes-ltd-fleet-7507289/" "Mozilla/5.0 (Windows NT 6.1; WOW64) AppleWebKit/537.36 (KHTML, like Gecko) Chrome/30.0.1599.101 Safari/537.36"
86.27.236.197 - - [08/Nov/2013:00:00:25 +0000] "GET /static/image/982c0bd0-0bb0-4e10-85e5-ff73908ec6c9_image_jpeg?t=tr/w:120/h:90/m:FitPad HTTP/1.1" 200 3124 "http://www.yell.com/biz/foster-and-heanes-ltd-fleet-7507289/" "Mozilla/5.0 (Windows NT 6.1; WOW64) AppleWebKit/537.36 (KHTML, like Gecko) Chrome/30.0.1599.101 Safari/537.36"
178.107.200.37 - - [08/Nov/2013:00:00:25 +0000] "GET /img/2011r07_search-sprite.png HTTP/1.1" 200 29298 "http://www.yell.com/s/registration+of+births+deaths+and+marriages-hornchurch.html" "Mozilla/5.0 (Windows NT 6.1) AppleWebKit/537.36 (KHTML, like Gecko) Chrome/30.0.1599.101 Safari/537.36"
86.27.236.197 - - [08/Nov/2013:00:00:25 +0000] "GET /img/2011r12_desktop-bip.png HTTP/1.1" 200 6390 "http://www.yell.com/biz/foster-and-heanes-ltd-fleet-7507289/" "Mozilla/5.0 (Windows NT 6.1; WOW64) AppleWebKit/537.36 (KHTML, like Gecko) Chrome/30.0.1599.101 Safari/537.36"
178.107.200.37 - - [08/Nov/2013:00:00:25 +0000] "GET /img/2010_global-sprite.png HTTP/1.1" 200 1289 "http://www.yell.com/s/registration+of+births+deaths+and+marriages-hornchurch.html" "Mozilla/5.0 (Windows NT 6.1) AppleWebKit/537.36 (KHTML, like Gecko) Chrome/30.0.1599.101 Safari/537.36"
178.107.200.37 - - [08/Nov/2013:00:00:25 +0000] "GET /img/2011r09_sort-sprite.png HTTP/1.1" 200 312 "http://www.yell.com/s/registration+of+births+deaths+and+marriages-hornchurch.html" "Mozilla/5.0 (Windows NT 6.1) AppleWebKit/537.36 (KHTML, like Gecko) Chrome/30.0.1599.101 Safari/537.36"
86.27.236.197 - - [08/Nov/2013:00:00:25 +0000] "GET /static/image/0d2767dc-b5de-4f38-8265-ef0f58f4f7d7_image_jpeg?t=tr/w:120/h:90/m:FitPad HTTP/1.1" 200 2271 "http://www.yell.com/biz/foster-and-heanes-ltd-fleet-7507289/" "Mozilla/5.0 (Windows NT 6.1; WOW64) AppleWebKit/537.36 (KHTML, like Gecko) Chrome/30.0.1599.101 Safari/537.36"
192.168.92.26 - - [08/Nov/2013:00:00:25 +0000] "GET /yell/search_social.html HTTP/1.1" 200 1402 "-" "Java/1.6.0_24"
86.27.236.197 - - [08/Nov/2013:00:00:25 +0000] "GET /static/image/c7416434-ed1e-460d-9bbe-ee1c621827ad_image_jpeg?t=tr/w:120/h:90/m:FitPad HTTP/1.1" 200 2360 "http://www.yell.com/biz/foster-and-heanes-ltd-fleet-7507289/" "Mozilla/5.0 (Windows NT 6.1; WOW64) AppleWebKit/537.36 (KHTML, like Gecko) Chrome/30.0.1599.101 Safari/537.36"
89.242.214.193 - - [08/Nov/2013:00:00:26 +0000] "GET /jscript/min/1.1.2013.R09.00.02/yelldotcom/default/related-ads.js HTTP/1.1" 200 553 "http://www.yell.com/biz/barton-grange-garden-centre-bolton-bolton-1174796/" "Mozilla/5.0 (iPad; CPU OS 7_0_3 like Mac OS X) AppleWebKit/537.51.1 (KHTML, like Gecko) Version/7.0 Mobile/11B511 Safari/9537.53"
- - - [08/Nov/2013:00:00:26 +0000] "OPTIONS * HTTP/1.0" 200 - "-" "Apache (internal dummy connection)"
192.168.92.20 - - [08/Nov/2013:00:00:26 +0000] "GET /yell/search_social.html HTTP/1.1" 200 1402 "-" "Java/1.6.0_24"
178.107.200.37 - - [08/Nov/2013:00:00:25 +0000] "GET /img/2012r11-listing-sprite.png?R08 HTTP/1.1" 200 76070 "http://www.yell.com/s/registration+of+births+deaths+and+marriages-hornchurch.html" "Mozilla/5.0 (Windows NT 6.1) AppleWebKit/537.36 (KHTML, like Gecko) Chrome/30.0.1599.101 Safari/537.36"
66.249.66.127 - - [08/Nov/2013:00:00:25 +0000] "GET /s/commercial+vehicle+recovery-hackthorn.html HTTP/1.1" 200 13261 "-" "Mozilla/5.0 (compatible; Googlebot/2.1; +http://www.google.com/bot.html)"
89.242.214.193 - - [08/Nov/2013:00:00:26 +0000] "GET /fonts/responder/yelldotcom/default/yecorp5-webfont.woff HTTP/1.1" 200 23070 "http://www.yell.com/biz/barton-grange-garden-centre-bolton-bolton-1174796/" "Mozilla/5.0 (iPad; CPU OS 7_0_3 like Mac OS X) AppleWebKit/537.51.1 (KHTML, like Gecko) Version/7.0 Mobile/11B511 Safari/9537.53"
87.106.91.228 - - [08/Nov/2013:00:00:25 +0000] "GET /ucs/UcsSearchAction.do?startAt=10&keywords=Family+Planning&location=OL14&scrambleSeed=39517908&ssm=1&showOoa=10&pageNum=2&advanced=true HTTP/1.1" 200 43479 "-" "Mozilla/5.0 (Windows NT 5.1) AppleWebKit/535.19 (KHTML, like Gecko) Chrome"
178.107.200.37 - - [08/Nov/2013:00:00:26 +0000] "GET /img/2011r08_refinement-sprite.png HTTP/1.1" 200 3086 "http://www.yell.com/s/registration+of+births+deaths+and+marriages-hornchurch.html" "Mozilla/5.0 (Windows NT 6.1) AppleWebKit/537.36 (KHTML, like Gecko) Chrome/30.0.1599.101 Safari/537.36"
192.168.92.21 - - [08/Nov/2013:00:00:26 +0000] "GET /yell/search_social.html HTTP/1.1" 200 1402 "-" "Java/1.6.0_24"
192.168.92.25 - - [08/Nov/2013:00:00:26 +0000] "GET /yell/footer.html HTTP/1.1" 200 4308 "-" "Java/1.6.0_24"
87.106.91.228 - - [08/Nov/2013:00:00:25 +0000] "GET /ucs/UcsSearchAction.do?startAt=10&keywords=Electrical+Inspection&location=OL4&scrambleSeed=39517908&ssm=1&showOoa=10&pageNum=4&advanced=true HTTP/1.1" 200 123074 "-" "Mozilla/5.0 (Windows NT 6.1; WOW64; rv:7.0.1) Gecko/20100101 Firefox/7.0.12011-10-16 20:23:00"
113.235.214.125 - - [08/Nov/2013:00:00:26 +0000] "GET /biz/aa-driving-school-901273113/ HTTP/1.1" 200 26395 "http://www.yell.com/biz/901273113/" "Mozilla/4.0 (compatible; MSIE 9.0; Windows NT 6.1; 125LA; .NET CLR 2.0.50727; .NET CLR 3.0.04506.648; .NET CLR 3.5.21022)"
192.168.92.25 - - [08/Nov/2013:00:00:26 +0000] "GET /yell/search_social.html HTTP/1.1" 200 1402 "-" "Java/1.6.0_24"
192.168.92.25 - - [08/Nov/2013:00:00:26 +0000] "GET /yell/header.html HTTP/1.1" 200 1401 "-" "Java/1.6.0_24"
192.168.92.20 - - [08/Nov/2013:00:00:26 +0000] "GET /yell/search_social.html HTTP/1.1" 200 1402 "-" "Java/1.6.0_24"
192.168.92.26 - - [08/Nov/2013:00:00:26 +0000] "GET /yell/footer.html HTTP/1.1" 200 4308 "-" "Java/1.6.0_24"
192.168.92.20 - - [08/Nov/2013:00:00:26 +0000] "GET /yell/header.html HTTP/1.1" 200 1401 "-" "Java/1.6.0_24"
192.168.92.20 - - [08/Nov/2013:00:00:26 +0000] "GET /yell/header.html HTTP/1.1" 200 1401 "-" "Java/1.6.0_24"
