157.55.35.86 - - [08/Nov/2013:00:00:13 +0000] "GET /s/vehicle+dismantlers-frampton-boston.html HTTP/1.1" 200 14043 "-" "Mozilla/5.0 (compatible; bingbot/2.0; +http://www.bing.com/bingbot.htm)"
89.241.244.213 - - [08/Nov/2013:00:00:14 +0000] "GET /img/2011r07_search-sprite.png HTTP/1.1" 200 29298 "http://www.yell.com/biz/greenheys-police-station-manchester-3186307/" "Mozilla/5.0 (Windows NT 6.1; WOW64) AppleWebKit/537.36 (KHTML, like Gecko) Chrome/30.0.1599.101 Safari/537.36"
89.241.244.213 - - [08/Nov/2013:00:00:14 +0000] "GET /img/2012r07_bip-cta.png?R07 HTTP/1.1" 200 2921 "http://www.yell.com/biz/greenheys-police-station-manchester-3186307/" "Mozilla/5.0 (Windows NT 6.1; WOW64) AppleWebKit/537.36 (KHTML, like Gecko) Chrome/30.0.1599.101 Safari/537.36"
178.104.139.230 - - [08/Nov/2013:00:00:14 +0000] "GET /img/free-listing-promo.png HTTP/1.1" 200 64442 "http://www.yell.com/s/shopping+centres-huyton.html" "Mozilla/5.0 (compatible; MSIE 10.0; Windows NT 6.2; WOW64; Trident/6.0)"
89.241.244.213 - - [08/Nov/2013:00:00:14 +0000] "GET /img/sm_000_oo.gif HTTP/1.1" 200 597 "http://www.yell.com/biz/greenheys-police-station-manchester-3186307/" "Mozilla/5.0 (Windows NT 6.1; WOW64) AppleWebKit/537.36 (KHTML, like Gecko) Chrome/30.0.1599.101 Safari/537.36"
89.241.244.213 - - [08/Nov/2013:00:00:14 +0000] "GET /img/2010r09_header-sprite.png HTTP/1.1" 200 10899 "http://www.yell.com/biz/greenheys-police-station-manchester-3186307/" "Mozilla/5.0 (Windows NT 6.1; WOW64) AppleWebKit/537.36 (KHTML, like Gecko) Chrome/30.0.1599.101 Safari/537.36"
157.56.93.49 - - [08/Nov/2013:00:00:13 +0000] "GET /s/soil+supplies-thrupp-kidlington.html HTTP/1.1" 200 19859 "-" "Mozilla/5.0 (compatible; bingbot/2.0; +http://www.bing.com/bingbot.htm)"
10.1.244.151 - - [08/Nov/2013:00:00:13 +0000] "GET /ucs/UcsSearchAction.do?keywords=solicitors&location=Rg20gx&source=mobile.yell.com HTTP/1.1" 200 143350 "-" "Lynx/2.8.4rel.1 libwww-FM/2.14"
66.249.66.137 - - [08/Nov/2013:00:00:14 +0000] "GET /ucs/UcsSearchAction.do?view=map&keywords=takeaway+food&location=pedairffordd&scrambleSeed=896721819&M=1&T=1&startOoaAt=0&pageNum=1&originalKeywords=takeaway+food&ssm=1 HTTP/1.1" 200 4235 "-" "Mozilla/5.0 (compatible; Googlebot/2.1; +http://www.google.com/bot.html)"
89.241.244.213 - - [08/Nov/2013:00:00:14 +0000] "GET /img/footer-sprite-2011.jpg HTTP/1.1" 200 1216 "http://www.yell.com/biz/greenheys-police-station-manchester-3186307/" "Mozilla/5.0 (Windows NT 6.1; WOW64) AppleWebKit/537.36 (KHTML, like Gecko) Chrome/30.0.1599.101 Safari/537.36"
89.241.244.213 - - [08/Nov/2013:00:00:14 +0000] "GET /jscript/min/1.1.2013.R09.00.02/yelldotcom/default/related-ads.js HTTP/1.1" 200 553 "http://www.yell.com/biz/greenheys-police-station-manchester-3186307/" "Mozilla/5.0 (Windows NT 6.1; WOW64) AppleWebKit/537.36 (KHTML, like Gecko) Chrome/30.0.1599.101 Safari/537.36"
89.241.244.213 - - [08/Nov/2013:00:00:14 +0000] "GET /jscript/min/1.1.2013.R09.00.02/yelldotcom/default/all-classic.js HTTP/1.1" 200 8860 "http://www.yell.com/biz/greenheys-police-station-manchester-3186307/" "Mozilla/5.0 (Windows NT 6.1; WOW64) AppleWebKit/537.36 (KHTML, like Gecko) Chrome/30.0.1599.101 Safari/537.36"
157.55.33.114 - - [08/Nov/2013:00:00:14 +0000] "GET /s/sheds+garden+buildings+and+garages-montrose.html HTTP/1.1" 200 14331 "-" "Mozilla/5.0 (compatible; bingbot/2.0; +http://www.bing.com/bingbot.htm)"
192.168.92.20 - - [08/Nov/2013:00:00:14 +0000] "GET /yell/search_social.html HTTP/1.1" 200 1402 "-" "Java/1.6.0_24"
192.168.92.20 - - [08/Nov/2013:00:00:14 +0000] "GET /yell/footer.html HTTP/1.1" 200 4308 "-" "Java/1.6.0_24"
192.168.92.25 - - [08/Nov/2013:00:00:14 +0000] "GET /yell/footer.html HTTP/1.1" 200 4308 "-" "Java/1.6.0_24"
89.241.244.213 - - [08/Nov/2013:00:00:14 +0000] "GET /js/omniture-H.23.8.js HTTP/1.1" 200 13228 "http://www.yell.com/biz/greenheys-police-station-manchester-3186307/" "Mozilla/5.0 (Windows NT 6.1; WOW64) AppleWebKit/537.36 (KHTML, like Gecko) Chrome/30.0.1599.101 Safari/537.36"
66.249.66.127 - - [08/Nov/2013:00:00:13 +0000] "GET /s/asbestos+services-picket+post.html HTTP/1.1" 200 16931 "-" "Mozilla/5.0 (compatible; Googlebot/2.1; +http://www.google.com/bot.html)"
89.241.244.213 - - [08/Nov/2013:00:00:14 +0000] "GET /fonts/responder/yelldotcom/default/yecorp5-webfont.woff HTTP/1.1" 200 23070 "http://www.yell.com/biz/greenheys-police-station-manchester-3186307/" "Mozilla/5.0 (Windows NT 6.1; WOW64) AppleWebKit/537.36 (KHTML, like Gecko) Chrome/30.0.1599.101 Safari/537.36"
199.30.20.126 - - [08/Nov/2013:00:00:14 +0000] "GET /static/image/a803100f-a750-40ef-bbef-b961e9ff0950_image_jpeg?t=tr/w:132/h:97/m:FitPad HTTP/1.1" 200 1569 "-" "msnbot-media/1.1 (+http://search.msn.com/msnbot.htm)"
124.168.115.93 - - [08/Nov/2013:00:00:13 +0000] "GET /s/massage+therapy-belgrave-leicester.html HTTP/1.1" 200 19879 "https://www.google.nl/" "Mozilla/5.0 (iPad; CPU OS 6_1_3 like Mac OS X) AppleWebKit/536.26 (KHTML, like Gecko) Version/6.0 Mobile/10B329 Safari/8536.25"
192.168.92.21 - - [08/Nov/2013:00:00:14 +0000] "GET /yell/header.html HTTP/1.1" 200 1401 "-" "Java/1.6.0_24"
192.168.92.21 - - [08/Nov/2013:00:00:14 +0000] "GET /yell/footer.html HTTP/1.1" 200 4308 "-" "Java/1.6.0_24"
37.221.160.203 - - [08/Nov/2013:00:00:14 +0000] "GET http://www.yell.com/biz/jackson-engineering-lincoln-2504168/ HTTP/1.1" 200 23313 "-" "Mozilla/5.0 (X11; Linux x86_64) AppleWebKit/537.22 (KHTML, like Gecko) Ubuntu Chromium/25.0.1364.160 Chrome/25.0.1364.160 Safari/537.22"
37.221.160.203 - - [08/Nov/2013:00:00:14 +0000] "GET http://www.yell.com/biz/jackson-electronics-ltd-newark-1455711/ HTTP/1.1" 200 22984 "-" "Mozilla/5.0 (X11; Linux x86_64) AppleWebKit/537.22 (KHTML, like Gecko) Ubuntu Chromium/25.0.1364.160 Chrome/25.0.1364.160 Safari/537.22"
192.168.92.21 - - [08/Nov/2013:00:00:14 +0000] "GET /yell/search_social.html HTTP/1.1" 200 1402 "-" "Java/1.6.0_24"
192.168.92.26 - - [08/Nov/2013:00:00:14 +0000] "GET /yell/footer.html HTTP/1.1" 200 4308 "-" "Java/1.6.0_24"
192.168.92.21 - - [08/Nov/2013:00:00:14 +0000] "GET /yell/footer.html HTTP/1.1" 200 4308 "-" "Java/1.6.0_24"
192.168.92.21 - - [08/Nov/2013:00:00:14 +0000] "GET /yell/footer.html HTTP/1.1" 200 4308 "-" "Java/1.6.0_24"
192.168.92.26 - - [08/Nov/2013:00:00:14 +0000] "GET /yell/footer.html HTTP/1.1" 200 4308 "-" "Java/1.6.0_24"
87.106.91.228 - - [08/Nov/2013:00:00:13 +0000] "GET /ucs/UcsSearchAction.do?startAt=10&keywords=Foreign+Exchange&location=BF01&scrambleSeed=39517908&ssm=1&showOoa=10&pageNum=3&advanced=true HTTP/1.1" 200 107462 "-" "IE 7 ? Mozilla/4.0 (compatible; MSIE 7.0; Windows NT 5.1; .NET CLR 1.1.4322; .NET CLR 2.0.50727; .NET CLR 3.0.04506.30)2011-10-16 20:20:09"
192.168.92.20 - - [08/Nov/2013:00:00:14 +0000] "GET /yell/footer.html HTTP/1.1" 200 4308 "-" "Java/1.6.0_24"
192.168.92.20 - - [08/Nov/2013:00:00:14 +0000] "GET /yell/footer.html HTTP/1.1" 200 4308 "-" "Java/1.6.0_24"
192.168.92.20 - - [08/Nov/2013:00:00:14 +0000] "GET /yell/header.html HTTP/1.1" 200 1401 "-" "Java/1.6.0_24"
113.235.214.125 - - [08/Nov/2013:00:00:14 +0000] "GET /biz/901273115/ HTTP/1.1" 301 - "http://www.yell.com/biz/901273115/" "Mozilla/4.0 (compatible; MSIE 9.0; Windows NT 6.1; 125LA; .NET CLR 2.0.50727; .NET CLR 3.0.04506.648; .NET CLR 3.5.21022)"
66.249.66.103 - - [08/Nov/2013:00:00:14 +0000] "GET /b/Magna+Tandoori-Restaurants+_+Indian-Arundel-BN189JH-765466/index.html HTTP/1.1" 404 6514 "-" "Mozilla/5.0 (compatible; Googlebot/2.1; +http://www.google.com/bot.html)"
199.30.20.126 - - [08/Nov/2013:00:00:14 +0000] "GET /static/image/94c384fe-aae8-4d5c-bb47-28b023b099c6_image_jpeg?t=tr/w:78/h:58/m:FitPad HTTP/1.1" 200 1593 "-" "msnbot-media/1.1 (+http://search.msn.com/msnbot.htm)"
192.168.92.20 - - [08/Nov/2013:00:00:14 +0000] "GET /yell/search_social.html HTTP/1.1" 200 1402 "-" "Java/1.6.0_24"
192.168.92.20 - - [08/Nov/2013:00:00:14 +0000] "GET /yell/header.html HTTP/1.1" 200 1401 "-" "Java/1.6.0_24"
192.168.92.20 - - [08/Nov/2013:00:00:14 +0000] "GET /yell/footer.html HTTP/1.1" 200 4308 "-" "Java/1.6.0_24"
192.168.92.20 - - [08/Nov/2013:00:00:14 +0000] "GET /yell/search_social.html HTTP/1.1" 200 1402 "-" "Java/1.6.0_24"
192.168.92.25 - - [08/Nov/2013:00:00:14 +0000] "GET /yell/search_social.html HTTP/1.1" 200 1402 "-" "Java/1.6.0_24"
192.168.92.25 - - [08/Nov/2013:00:00:14 +0000] "GET /yell/header.html HTTP/1.1" 200 1401 "-" "Java/1.6.0_24"
192.168.92.20 - - [08/Nov/2013:00:00:14 +0000] "GET /yell/header.html HTTP/1.1" 200 1401 "-" "Java/1.6.0_24"
192.168.92.20 - - [08/Nov/2013:00:00:14 +0000] "GET /yell/search_social.html HTTP/1.1" 200 1402 "-" "Java/1.6.0_24"
192.168.92.20 - - [08/Nov/2013:00:00:14 +0000] "GET /yell/header.html HTTP/1.1" 200 1401 "-" "Java/1.6.0_24"
91.125.32.171 - - [08/Nov/2013:00:00:14 +0000] "GET /ucs/UcsSearchAction.do?keywords=CAKE+MAKERS+%26+DECORATIONS&location=Stoke-On-Trent&contentFilter=true&view=ajaxads&filter=8 HTTP/1.1" 200 1025 "http://www.yell.com/biz/longton-cake-supplies-stoke-on-trent-4100247/" "Mozilla/5.0 (compatible; MSIE 10.0; Windows NT 6.1; WOW64; Trident/6.0)"
- - - [08/Nov/2013:00:00:15 +0000] "OPTIONS * HTTP/1.0" 200 - "-" "Apache (internal dummy connection)"
157.55.32.223 - - [08/Nov/2013:00:00:14 +0000] "GET /s/distribution+and+haulage-ch41.html HTTP/1.1" 200 17165 "-" "Mozilla/5.0 (compatible; bingbot/2.0; +http://www.bing.com/bingbot.htm)"
192.168.92.20 - - [08/Nov/2013:00:00:15 +0000] "GET /yell/footer.html HTTP/1.1" 200 4308 "-" "Java/1.6.0_24"
87.106.91.228 - - [08/Nov/2013:00:00:14 +0000] "GET /ucs/UcsSearchAction.do?startAt=10&keywords=Driving+Schools&location=BH10&scrambleSeed=39517908&ssm=1&showOoa=10&pageNum=2&advanced=true HTTP/1.1" 200 115312 "-" "Mozilla/5.0 (X11; Linux i686) AppleWebKit/534.34 (KHTML, like Gecko) rekonq Safari/534.342011-10-16 20:21:01"
192.168.92.21 - - [08/Nov/2013:00:00:15 +0000] "GET /yell/search_social.html HTTP/1.1" 200 1402 "-" "Java/1.6.0_24"
192.168.92.21 - - [08/Nov/2013:00:00:15 +0000] "GET /yell/search_social.html HTTP/1.1" 200 1402 "-" "Java/1.6.0_24"
2.26.235.49 - - [08/Nov/2013:00:00:14 +0000] "GET /ucs/ListingSnippets.do?natids=901335333,7340515,7410381,901275638,6584463&keywords=locksmiths HTTP/1.1" 200 368 "http://www.yell.com/s/locksmiths-lancing.html" "Mozilla/4.0 (compatible; MSIE 8.0; Windows NT 5.1; Trident/4.0; GTB7.5; .NET CLR 2.0.50727; .NET CLR 3.0.4506.2152; .NET CLR 3.5.30729; .NET4.0C; AskTbORJ/5.14.0.19709; OfficeLiveConnector.1.5; OfficeLivePatch.1.3; .NET4.0E; BRI/2)"
192.168.92.20 - - [08/Nov/2013:00:00:15 +0000] "GET /yell/footer.html HTTP/1.1" 200 4308 "-" "Java/1.6.0_24"
192.168.92.25 - - [08/Nov/2013:00:00:15 +0000] "GET /yell/search_social.html HTTP/1.1" 200 1402 "-" "Java/1.6.0_24"
192.168.92.25 - - [08/Nov/2013:00:00:15 +0000] "GET /yell/footer.html HTTP/1.1" 200 4308 "-" "Java/1.6.0_24"
66.249.66.129 - - [08/Nov/2013:00:00:14 +0000] "GET /s/company+formation-forneth-blairgowrie.html HTTP/1.1" 200 14222 "-" "Mozilla/5.0 (compatible; Googlebot/2.1; +http://www.google.com/bot.html)"
192.168.92.21 - - [08/Nov/2013:00:00:15 +0000] "GET /yell/search_social.html HTTP/1.1" 200 1402 "-" "Java/1.6.0_24"
89.241.244.213 - - [08/Nov/2013:00:00:15 +0000] "GET /img/2012r05_switches-sprite.png HTTP/1.1" 200 5291 "http://www.yell.com/biz/greenheys-police-station-manchester-3186307/" "Mozilla/5.0 (Windows NT 6.1; WOW64) AppleWebKit/537.36 (KHTML, like Gecko) Chrome/30.0.1599.101 Safari/537.36"
192.168.92.26 - - [08/Nov/2013:00:00:15 +0000] "GET /yell/footer.html HTTP/1.1" 200 4308 "-" "Java/1.6.0_24"
94.9.105.231 - - [08/Nov/2013:00:00:14 +0000] "GET /ucs/UcsSearchAction.do?keywords=architect&location=EH25&searchType=manualexpansion&ssm=1&intCam=intToolbar&filterDistance=0&pageNum=1 HTTP/1.1" 200 9958 "-" "Mozilla/4.0 (compatible; MSIE 7.0; Windows NT 6.1; Trident/6.0; SLCC2; .NET CLR 2.0.50727; .NET CLR 3.5.30729; .NET CLR 3.0.30729; Media Center PC 6.0; .NET4.0C; InfoPath.2)"
192.168.92.25 - - [08/Nov/2013:00:00:15 +0000] "GET /yell/footer.html HTTP/1.1" 200 4308 "-" "Java/1.6.0_24"
66.249.66.109 - - [08/Nov/2013:00:00:14 +0000] "GET /s/vehicle+accessories-dyke-bourne.html HTTP/1.1" 200 16513 "-" "Mozilla/5.0 (compatible; Googlebot/2.1; +http://www.google.com/bot.html)"
91.125.32.171 - - [08/Nov/2013:00:00:15 +0000] "GET /favicon.ico HTTP/1.1" 200 200 "-" "Mozilla/5.0 (compatible; MSIE 10.0; Windows NT 6.1; Win64; x64; Trident/6.0)"
81.110.248.84 - - [08/Nov/2013:00:00:15 +0000] "GET /autocomplete/autoComplete.do?type=keyword_2box&value=pree HTTP/1.1" 200 178 "http://www.yell.com/" "Mozilla/5.0 (Windows NT 6.1; rv:25.0) Gecko/20100101 Firefox/25.0"
192.168.92.21 - - [08/Nov/2013:00:00:15 +0000] "GET /yell/footer.html HTTP/1.1" 200 4308 "-" "Java/1.6.0_24"
66.249.66.120 - - [08/Nov/2013:00:00:14 +0000] "GET /s/aerial+repairs-barton+on+humber+station.html HTTP/1.1" 200 18633 "-" "Mozilla/5.0 (compatible; Googlebot/2.1; +http://www.google.com/bot.html)"
192.168.92.21 - - [08/Nov/2013:00:00:15 +0000] "GET /yell/footer.html HTTP/1.1" 200 4308 "-" "Java/1.6.0_24"
217.39.54.224 - - [08/Nov/2013:00:00:15 +0000] "GET /biz/cwmni-seren-blaenau-ffestiniog-4445674/ HTTP/1.1" 200 3434 "http://www.google.co.uk/search?q=furniture+blaenau+ffestiniog&oq=furniture+blenau+&gs_l=mobile-heirloom-serp.1.0.0i22i30j0i13i5i30l4.611161.625524.0.629535.19.12.0.7.7.0.254.2040.0j10j2.12.0....0...1c.1.24.mobile-heirloom-serp..1.18.2293.Or8qOZmhsYg" "Mozilla/5.0 (Linux; U; Android 2.2.2; en-gb; HTC Desire Build/FRG83G) AppleWebKit/533.1 (KHTML, like Gecko) Version/4.0 Mobile Safari/533.1"
192.168.92.21 - - [08/Nov/2013:00:00:15 +0000] "GET /yell/search_social.html HTTP/1.1" 200 1402 "-" "Java/1.6.0_24"
192.168.92.21 - - [08/Nov/2013:00:00:15 +0000] "GET /yell/search_social.html HTTP/1.1" 200 1402 "-" "Java/1.6.0_24"
192.168.92.21 - - [08/Nov/2013:00:00:15 +0000] "GET /yell/header.html HTTP/1.1" 200 1401 "-" "Java/1.6.0_24"
91.125.32.171 - - [08/Nov/2013:00:00:15 +0000] "GET /static/image/15c68f21-1280-4c62-9bd1-2c6b68e04ce8_image_jpeg?t=tr/w:120/h:90/m:FitPad HTTP/1.1" 200 2250 "http://www.yell.com/biz/longton-cake-supplies-stoke-on-trent-4100247/" "Mozilla/5.0 (compatible; MSIE 10.0; Windows NT 6.1; WOW64; Trident/6.0)"
192.168.92.21 - - [08/Nov/2013:00:00:15 +0000] "GET /yell/footer.html HTTP/1.1" 200 4308 "-" "Java/1.6.0_24"
91.125.32.171 - - [08/Nov/2013:00:00:15 +0000] "GET /static/image/c7a62e96-69d6-4b3a-b4c9-b297b0185960_image_png?t=tr/w:120/h:90/m:FitPad HTTP/1.1" 200 11462 "http://www.yell.com/biz/longton-cake-supplies-stoke-on-trent-4100247/" "Mozilla/5.0 (compatible; MSIE 10.0; Windows NT 6.1; WOW64; Trident/6.0)"
66.249.66.114 - - [08/Nov/2013:00:00:14 +0000] "GET /s/glass+manufacturers-balderstone.html HTTP/1.1" 200 16050 "-" "Mozilla/5.0 (compatible; Googlebot/2.1; +http://www.google.com/bot.html)"
66.249.66.118 - - [08/Nov/2013:00:00:15 +0000] "GET /b/John+E+Wright-Maps+and+Charts-Northampton-NN14AQ-900570401/index.html?otherclassification=Printers%2Band%2BLithographers HTTP/1.1" 404 6514 "-" "Mozilla/5.0 (compatible; Googlebot/2.1; +http://www.google.com/bot.html)"
113.235.214.125 - - [08/Nov/2013:00:00:15 +0000] "GET /biz/aa-driving-school-901273115/ HTTP/1.1" 200 26397 "http://www.yell.com/biz/901273115/" "Mozilla/4.0 (compatible; MSIE 9.0; Windows NT 6.1; 125LA; .NET CLR 2.0.50727; .NET CLR 3.0.04506.648; .NET CLR 3.5.21022)"
91.125.32.171 - - [08/Nov/2013:00:00:15 +0000] "GET /static/image/232ecb79-2068-4981-978e-4cfb46544006_image_png?t=tr/w:120/h:90/m:FitPad HTTP/1.1" 200 6714 "http://www.yell.com/biz/longton-cake-supplies-stoke-on-trent-4100247/" "Mozilla/5.0 (compatible; MSIE 10.0; Windows NT 6.1; WOW64; Trident/6.0)"
91.125.32.171 - - [08/Nov/2013:00:00:15 +0000] "GET /static/image/7a58eaac-7343-4899-bc27-25fe96a40919_image_jpeg?t=tr/w:120/h:90/m:FitPad HTTP/1.1" 200 1998 "http://www.yell.com/biz/longton-cake-supplies-stoke-on-trent-4100247/" "Mozilla/5.0 (compatible; MSIE 10.0; Windows NT 6.1; WOW64; Trident/6.0)"
91.125.33.192 - - [08/Nov/2013:00:00:15 +0000] "GET /ucs/combined.css.h-1084000735.pack HTTP/1.1" 200 15308 "http://www.yell.com/s/granite+suppliers-tyne+and+wear.html" "Mozilla/4.0 (compatible; MSIE 8.0; Windows NT 5.1; Trident/4.0; GTB7.5; .NET CLR 1.1.4322; .NET CLR 2.0.50727; .NET CLR 3.0.4506.2152; .NET CLR 3.5.30729; .NET4.0C; .NET4.0E)"
91.125.32.171 - - [08/Nov/2013:00:00:15 +0000] "GET /static/image/a66a0f8f-9a43-4ec1-98df-a1dbd780173c_image_jpeg?t=tr/w:120/h:90/m:FitPad HTTP/1.1" 200 3130 "http://www.yell.com/biz/longton-cake-supplies-stoke-on-trent-4100247/" "Mozilla/5.0 (compatible; MSIE 10.0; Windows NT 6.1; WOW64; Trident/6.0)"
91.125.32.171 - - [08/Nov/2013:00:00:15 +0000] "GET /static/image/15220c34-73c8-4bc3-aa32-3fcd49a6d62c_image_jpeg?t=tr/w:120/h:90/m:FitPad HTTP/1.1" 200 1859 "http://www.yell.com/biz/longton-cake-supplies-stoke-on-trent-4100247/" "Mozilla/5.0 (compatible; MSIE 10.0; Windows NT 6.1; WOW64; Trident/6.0)"
91.125.32.171 - - [08/Nov/2013:00:00:15 +0000] "GET /img/share-sprite.png HTTP/1.1" 200 8131 "http://www.yell.com/biz/longton-cake-supplies-stoke-on-trent-4100247/" "Mozilla/5.0 (compatible; MSIE 10.0; Windows NT 6.1; WOW64; Trident/6.0)"
157.55.32.222 - - [08/Nov/2013:00:00:14 +0000] "GET /s/agricultural+supplies-shortlands.html HTTP/1.1" 200 17177 "-" "Mozilla/5.0 (compatible; bingbot/2.0; +http://www.bing.com/bingbot.htm)"
157.55.34.74 - - [08/Nov/2013:00:00:15 +0000] "GET /b/F.D.H+Church+and+Son-Upholsterers-Station+Road-DA157DN-901286895/ HTTP/1.1" 301 20 "-" "Mozilla/5.0 (compatible; bingbot/2.0; +http://www.bing.com/bingbot.htm)"
66.249.66.94 - - [08/Nov/2013:00:00:15 +0000] "GET /s/glasswork-burcott-leighton+buzzard.html HTTP/1.1" 200 15362 "-" "Mozilla/5.0 (compatible; Googlebot/2.1; +http://www.google.com/bot.html)"
91.125.32.171 - - [08/Nov/2013:00:00:15 +0000] "GET /img/2011r12_desktop-bip.png HTTP/1.1" 200 6390 "http://www.yell.com/biz/longton-cake-supplies-stoke-on-trent-4100247/" "Mozilla/5.0 (compatible; MSIE 10.0; Windows NT 6.1; WOW64; Trident/6.0)"
- - - [08/Nov/2013:00:00:15 +0000] "GET /slbtestpage.html HTTP/1.1" 200 7 "-" "-"
192.168.92.20 - - [08/Nov/2013:00:00:15 +0000] "GET /yell/search_social.html HTTP/1.1" 200 1402 "-" "Java/1.6.0_24"
66.249.66.126 - - [08/Nov/2013:00:00:14 +0000] "GET /s/car+dealers+new-nailwell.html HTTP/1.1" 200 18527 "-" "Mozilla/5.0 (compatible; Googlebot/2.1; +http://www.google.com/bot.html)"
192.168.92.20 - - [08/Nov/2013:00:00:15 +0000] "GET /yell/header.html HTTP/1.1" 200 1401 "-" "Java/1.6.0_24"
86.180.101.210 - - [08/Nov/2013:00:00:15 +0000] "GET /biz/roseberry-house-restoration-london-3993366/?view=map HTTP/1.1" 200 4414 "http://www.yell.com/s/furniture+repair+and+restoration-new+cross-south+east+london.html" "Mozilla/5.0 (compatible; MSIE 9.0; Windows NT 6.0; Trident/5.0; BOIE9;ENGB)"
192.168.92.20 - - [08/Nov/2013:00:00:15 +0000] "GET /yell/homePromo.html HTTP/1.1" 200 2003 "-" "Java/1.6.0_24"
192.168.92.20 - - [08/Nov/2013:00:00:15 +0000] "GET /yell/footer.html HTTP/1.1" 200 4308 "-" "Java/1.6.0_24"
192.168.92.20 - - [08/Nov/2013:00:00:15 +0000] "GET /yell/homepage_social.html HTTP/1.1" 200 140 "-" "Java/1.6.0_24"
124.168.115.93 - - [08/Nov/2013:00:00:15 +0000] "GET /static/image/3e8914c9-b057-422a-b8b6-fb1a4d17cabe_image_jpeg?t=tr/w:80/h:60/m:FitPad HTTP/1.1" 200 2044 "http://www.yell.com/s/massage+therapy-belgrave-leicester.html" "Mozilla/5.0 (iPad; CPU OS 6_1_3 like Mac OS X) AppleWebKit/536.26 (KHTML, like Gecko) Version/6.0 Mobile/10B329 Safari/8536.25"
124.168.115.93 - - [08/Nov/2013:00:00:15 +0000] "GET /static/image/b184f260-dd08-4160-82f5-7b8c2f7c9b55_image_jpeg?t=tr/w:80/h:60/m:FitPad HTTP/1.1" 200 1298 "http://www.yell.com/s/massage+therapy-belgrave-leicester.html" "Mozilla/5.0 (iPad; CPU OS 6_1_3 like Mac OS X) AppleWebKit/536.26 (KHTML, like Gecko) Version/6.0 Mobile/10B329 Safari/8536.25"
124.168.115.93 - - [08/Nov/2013:00:00:15 +0000] "GET /static/image/402373c7-97b6-4eae-ab66-7eaae9f04582_image_jpeg?t=tr/w:80/h:60/m:FitPad HTTP/1.1" 200 916 "http://www.yell.com/s/massage+therapy-belgrave-leicester.html" "Mozilla/5.0 (iPad; CPU OS 6_1_3 like Mac OS X) AppleWebKit/536.26 (KHTML, like Gecko) Version/6.0 Mobile/10B329 Safari/8536.25"
157.55.35.97 - - [08/Nov/2013:00:00:15 +0000] "GET /s/media+companies-glass.html HTTP/1.1" 200 18228 "-" "Mozilla/5.0 (compatible; bingbot/2.0; +http://www.bing.com/bingbot.htm)"
91.125.32.171 - - [08/Nov/2013:00:00:15 +0000] "GET /img/deals-red-small.png HTTP/1.1" 200 50227 "http://www.yell.com/biz/longton-cake-supplies-stoke-on-trent-4100247/" "Mozilla/5.0 (compatible; MSIE 10.0; Windows NT 6.1; WOW64; Trident/6.0)"
124.168.115.93 - - [08/Nov/2013:00:00:15 +0000] "GET /static/image/9b8d547e-ed76-44f1-8dd8-65841f5608b4_image_jpeg?t=tr/w:80/h:60/m:FitPad HTTP/1.1" 200 1536 "http://www.yell.com/s/massage+therapy-belgrave-leicester.html" "Mozilla/5.0 (iPad; CPU OS 6_1_3 like Mac OS X) AppleWebKit/536.26 (KHTML, like Gecko) Version/6.0 Mobile/10B329 Safari/8536.25"
192.168.92.20 - - [08/Nov/2013:00:00:15 +0000] "GET /yell/search_social.html HTTP/1.1" 200 1402 "-" "Java/1.6.0_24"
192.168.92.20 - - [08/Nov/2013:00:00:15 +0000] "GET /yell/footer.html HTTP/1.1" 200 4308 "-" "Java/1.6.0_24"
192.168.92.20 - - [08/Nov/2013:00:00:15 +0000] "GET /yell/header.html HTTP/1.1" 200 1401 "-" "Java/1.6.0_24"
192.168.92.20 - - [08/Nov/2013:00:00:16 +0000] "GET /yell/search_social.html HTTP/1.1" 200 1402 "-" "Java/1.6.0_24"
124.168.115.93 - - [08/Nov/2013:00:00:16 +0000] "GET /static/image/a59d53a5-2de3-4c39-882b-c3c5126dc3cc_image_jpeg?t=tr/w:80/h:60/m:FitPad HTTP/1.1" 200 1287 "http://www.yell.com/s/massage+therapy-belgrave-leicester.html" "Mozilla/5.0 (iPad; CPU OS 6_1_3 like Mac OS X) AppleWebKit/536.26 (KHTML, like Gecko) Version/6.0 Mobile/10B329 Safari/8536.25"
124.168.115.93 - - [08/Nov/2013:00:00:16 +0000] "GET /static/image/348b69fe-f99b-47fc-b697-2785e58803e4_image_jpeg?t=tr/w:80/h:60/m:FitPad HTTP/1.1" 200 1638 "http://www.yell.com/s/massage+therapy-belgrave-leicester.html" "Mozilla/5.0 (iPad; CPU OS 6_1_3 like Mac OS X) AppleWebKit/536.26 (KHTML, like Gecko) Version/6.0 Mobile/10B329 Safari/8536.25"
124.168.115.93 - - [08/Nov/2013:00:00:16 +0000] "GET /static/image/399ba95a-8bf7-4421-8767-aeae4150e23e_image_jpeg?t=tr/w:80/h:60/m:FitPad HTTP/1.1" 200 1411 "http://www.yell.com/s/massage+therapy-belgrave-leicester.html" "Mozilla/5.0 (iPad; CPU OS 6_1_3 like Mac OS X) AppleWebKit/536.26 (KHTML, like Gecko) Version/6.0 Mobile/10B329 Safari/8536.25"
87.106.91.228 - - [08/Nov/2013:00:00:15 +0000] "GET /ucs/UcsSearchAction.do?startAt=10&keywords=Electrical+Installation&location=BH3&scrambleSeed=39517908&ssm=1&showOoa=10&pageNum=3&advanced=true HTTP/1.1" 200 119932 "-" "Mozilla/5.0 (X11; Linux i686) AppleWebKit/534.34 (KHTML, like Gecko) rekonq Safari/534.342011-10-16 20:21:01"
87.106.91.228 - - [08/Nov/2013:00:00:14 +0000] "GET /ucs/UcsSearchAction.do?startAt=10&keywords=Garage+Conversions&location=BH4&scrambleSeed=39517908&ssm=1&showOoa=10&pageNum=3&advanced=true HTTP/1.1" 200 123278 "-" "Mozilla/4.0 (compatible; MSIE 7.0; Windows NT 5.1; InfoPath.2; .NET CLR 2.0.50727; .NET CLR 3.0.04506.648; .NET CLR 3.5.21022; .NET CLR 1.1.4322)2011-10-16 20:22:33"
87.106.91.228 - - [08/Nov/2013:00:00:15 +0000] "GET /ucs/UcsSearchAction.do?startAt=10&keywords=Eating+Out&location=BH16&scrambleSeed=39517908&ssm=1&showOoa=10&pageNum=3&advanced=true HTTP/1.1" 200 43397 "-" "Mozilla/5.0 (Windows NT 6.1; rv:5.0) Gecko/20100101 Firefox/5.02011-10-16 20:21:42"
157.55.33.114 - - [08/Nov/2013:00:00:14 +0000] "GET /s/pet+grooming-balsall+common.html HTTP/1.1" 200 19340 "-" "Mozilla/5.0 (compatible; bingbot/2.0; +http://www.bing.com/bingbot.htm)"
66.249.66.127 - - [08/Nov/2013:00:00:15 +0000] "GET /s/car+audio+and+entertainment+systems-penderleath.html HTTP/1.1" 200 13545 "-" "Mozilla/5.0 (compatible; Googlebot/2.1; +http://www.google.com/bot.html)"
37.221.160.203 - - [08/Nov/2013:00:00:16 +0000] "GET http://www.yell.com/biz/jackson-mcconnell-ltd-devizes-5901825/ HTTP/1.1" 200 22830 "-" "Mozilla/5.0 (X11; Linux x86_64) AppleWebKit/537.22 (KHTML, like Gecko) Ubuntu Chromium/25.0.1364.160 Chrome/25.0.1364.160 Safari/537.22"
92.4.234.229 - - [08/Nov/2013:00:00:16 +0000] "GET /biz/pets-matter-belfast-7019307/ HTTP/1.1" 200 8770 "http://www.yell.com/s/dog+walking-lisburn.html" "Mozilla/5.0 (Windows NT 6.2; WOW64) AppleWebKit/537.1 (KHTML, like Gecko) Chrome/21.0.1180.0 AOL/9.7 AOLBuild/4343.2039.US Safari/537.1"
87.106.91.228 - - [08/Nov/2013:00:00:15 +0000] "GET /ucs/UcsSearchAction.do?startAt=10&keywords=Foreign+Exchange&location=BF01&scrambleSeed=39517908&ssm=1&showOoa=10&pageNum=4&advanced=true HTTP/1.1" 200 108788 "-" "Mozilla/5.0 (Macintosh; Intel Mac OS X 10_7_2) AppleWebKit/535.1 (KHTML, like Gecko) Chrome/14.0.835.202 Safari/535.12011-10-16 20:21:13"
87.106.91.228 - - [08/Nov/2013:00:00:15 +0000] "GET /ucs/UcsSearchAction.do?startAt=10&keywords=Furniture+Shops&location=BH11&scrambleSeed=39517908&ssm=1&showOoa=10&pageNum=4&advanced=true HTTP/1.1" 200 43455 "-" "Mozilla/5.0 (Macintosh; Intel Mac OS X 10_7_2) AppleWebKit/535.1 (KHTML, like Gecko) Chrome/14.0.835.202 Safari/535.12011-10-16 20:21:13"
87.106.91.228 - - [08/Nov/2013:00:00:14 +0000] "GET /ucs/UcsSearchAction.do?startAt=10&keywords=Garages&location=BH12&scrambleSeed=39517908&ssm=1&showOoa=10&pageNum=2&advanced=true HTTP/1.1" 200 145112 "-" "Mozilla/5.0 (Windows; U; Windows NT 6.1; en-US; rv:1.9.2.23) Gecko/20110920 Firefox/3.6.23 SearchToolbar/1.22011-10-16 20:20:07"
89.241.244.213 - - [08/Nov/2013:00:00:14 +0000] "GET /ucs/UcsSearchAction.do?keywords=POLICE&location=Manchester&contentFilter=true&view=ajaxads&filter=8 HTTP/1.1" 500 6704 "http://www.yell.com/biz/greenheys-police-station-manchester-3186307/" "Mozilla/5.0 (Windows NT 6.1; WOW64) AppleWebKit/537.36 (KHTML, like Gecko) Chrome/30.0.1599.101 Safari/537.36"
66.249.66.137 - - [08/Nov/2013:00:00:15 +0000] "GET /s/glass+decorators-lintmill.html HTTP/1.1" 200 14734 "-" "Mozilla/5.0 (compatible; Googlebot/2.1; +http://www.google.com/bot.html)"
37.221.160.203 - - [08/Nov/2013:00:00:16 +0000] "GET http://www.yell.com/biz/jackson-media-services-ltd-high-wycombe-6137197/ HTTP/1.1" 200 22895 "-" "Mozilla/5.0 (X11; Linux x86_64) AppleWebKit/537.22 (KHTML, like Gecko) Ubuntu Chromium/25.0.1364.160 Chrome/25.0.1364.160 Safari/537.22"
178.104.139.230 - - [08/Nov/2013:00:00:16 +0000] "GET /ucs/ListingSnippets.do?natids=1139764,1240293,1220725,1125241,1235995,1230226,6361593,1176518,2246429,1166432,4342522,1196306,1696979,7069393,6651136&keywords=shopping%20centres HTTP/1.1" 200 271 "http://www.yell.com/s/shopping+centres-huyton.html" "Mozilla/5.0 (compatible; MSIE 10.0; Windows NT 6.2; WOW64; Trident/6.0)"
62.25.109.197 - - [08/Nov/2013:00:00:14 +0000] "GET /ucs/UcsSearchAction.do?keywords=crompton+and+harris&location=bury&scrambleSeed=50927092&searchType=&M=&bandedclarifyResults=&ssm=1 HTTP/1.1" 200 61841 "http://www.yell.com/" "Mozilla/4.0 (compatible; MSIE 6.0; Windows NT 5.1; SV1; .NET CLR 1.1.4322; .NET CLR 2.0.50727; .NET CLR 3.0.4506.2152; .NET CLR 3.5.30729; .NET4.0C; .NET4.0E)"
92.4.234.229 - - [08/Nov/2013:00:00:16 +0000] "GET /static/image/a6262f83-bc12-4671-ab7b-ab7749e53fdd_image_png?t=tr/w:132/h:97/m:FitPad HTTP/1.1" 200 9126 "http://www.yell.com/biz/pets-matter-belfast-7019307/" "Mozilla/5.0 (Windows NT 6.2; WOW64) AppleWebKit/537.1 (KHTML, like Gecko) Chrome/21.0.1180.0 AOL/9.7 AOLBuild/4343.2039.US Safari/537.1"
217.155.154.206 - - [08/Nov/2013:00:00:15 +0000] "GET /s/massage+therapy-lymington.html HTTP/1.1" 200 5622 "https://www.google.co.uk/" "Mozilla/5.0 (iPhone; CPU iPhone OS 6_1_4 like Mac OS X) AppleWebKit/536.26 (KHTML, like Gecko) Version/6.0 Mobile/10B350 Safari/8536.25"
92.4.234.229 - - [08/Nov/2013:00:00:16 +0000] "GET /static/image/a3928a33-4783-48c3-83fd-2924f7b81bc0_image_jpeg?t=tr/w:132/h:97/m:FitPad HTTP/1.1" 200 3486 "http://www.yell.com/biz/pets-matter-belfast-7019307/" "Mozilla/5.0 (Windows NT 6.2; WOW64) AppleWebKit/537.1 (KHTML, like Gecko) Chrome/21.0.1180.0 AOL/9.7 AOLBuild/4343.2039.US Safari/537.1"
81.110.248.84 - - [08/Nov/2013:00:00:16 +0000] "GET /autocomplete/autoComplete.do?type=keyword_2box&value=pree%20s HTTP/1.1" 200 60 "http://www.yell.com/" "Mozilla/5.0 (Windows NT 6.1; rv:25.0) Gecko/20100101 Firefox/25.0"
124.168.115.93 - - [08/Nov/2013:00:00:16 +0000] "GET /js/omniture-H.25.js HTTP/1.1" 200 14010 "http://www.yell.com/s/massage+therapy-belgrave-leicester.html" "Mozilla/5.0 (iPad; CPU OS 6_1_3 like Mac OS X) AppleWebKit/536.26 (KHTML, like Gecko) Version/6.0 Mobile/10B329 Safari/8536.25"
92.4.234.229 - - [08/Nov/2013:00:00:16 +0000] "GET /img/2011_socialfavicons.png HTTP/1.1" 200 1201 "http://www.yell.com/biz/pets-matter-belfast-7019307/" "Mozilla/5.0 (Windows NT 6.2; WOW64) AppleWebKit/537.1 (KHTML, like Gecko) Chrome/21.0.1180.0 AOL/9.7 AOLBuild/4343.2039.US Safari/537.1"
217.155.154.206 - - [08/Nov/2013:00:00:16 +0000] "GET /css/min/1.1.2013.R09.00.02/yelldotcom/smartphone/all-global.css HTTP/1.1" 200 16943 "http://www.yell.com/s/massage+therapy-lymington.html" "Mozilla/5.0 (iPhone; CPU iPhone OS 6_1_4 like Mac OS X) AppleWebKit/536.26 (KHTML, like Gecko) Version/6.0 Mobile/10B350 Safari/8536.25"
217.155.154.206 - - [08/Nov/2013:00:00:16 +0000] "GET /css/min/1.1.2013.R09.00.02/yelldotcom/smartphone/all-results.css HTTP/1.1" 200 5667 "http://www.yell.com/s/massage+therapy-lymington.html" "Mozilla/5.0 (iPhone; CPU iPhone OS 6_1_4 like Mac OS X) AppleWebKit/536.26 (KHTML, like Gecko) Version/6.0 Mobile/10B350 Safari/8536.25"
66.249.66.129 - - [08/Nov/2013:00:00:15 +0000] "GET /s/agricultural+merchants-ramsey+huntingdon.html HTTP/1.1" 200 17069 "-" "Mozilla/5.0 (compatible; Googlebot/2.1; +http://www.google.com/bot.html)"
192.168.92.21 - - [08/Nov/2013:00:00:16 +0000] "GET /yell/footer.html HTTP/1.1" 200 4308 "-" "Java/1.6.0_24"
192.168.92.21 - - [08/Nov/2013:00:00:16 +0000] "GET /yell/footer.html HTTP/1.1" 200 4308 "-" "Java/1.6.0_24"
81.131.107.203 - - [08/Nov/2013:00:00:16 +0000] "GET /ucs/UcsSearchAction.do?keywords=MAKE-UP+ARTISTS&location=Dungannon&contentFilter=true&view=ajaxads&filter=8 HTTP/1.1" 200 639 "http://www.yell.com/biz/beauty-angel-dungannon-6862041/" "Mozilla/5.0 (iPad; CPU OS 7_0_3 like Mac OS X) AppleWebKit/537.51.1 (KHTML, like Gecko) Mobile/11B511"
192.168.92.21 - - [08/Nov/2013:00:00:16 +0000] "GET /yell/search_social.html HTTP/1.1" 200 1402 "-" "Java/1.6.0_24"
217.155.154.206 - - [08/Nov/2013:00:00:16 +0000] "GET /jscript/min/1.1.2013.R09.00.02/yelldotcom/smartphone/all-global.js HTTP/1.1" 200 7944 "http://www.yell.com/s/massage+therapy-lymington.html" "Mozilla/5.0 (iPhone; CPU iPhone OS 6_1_4 like Mac OS X) AppleWebKit/536.26 (KHTML, like Gecko) Version/6.0 Mobile/10B350 Safari/8536.25"
89.241.244.213 - - [08/Nov/2013:00:00:16 +0000] "GET /favicon.ico HTTP/1.1" 200 200 "-" "Mozilla/5.0 (Windows NT 6.1; WOW64) AppleWebKit/537.36 (KHTML, like Gecko) Chrome/30.0.1599.101 Safari/537.36"
199.30.24.162 - - [08/Nov/2013:00:00:16 +0000] "GET /static/image/1f326868-336a-4fc9-a78c-543421f481ba_image_jpeg?t=tr/w:80/h:60/m:FitPad HTTP/1.1" 200 1494 "http://www.yell.com/s/carpet+and+upholstery+cleaners-sevenoaks.html" "Mozilla/5.0 (Windows NT 6.1; WOW64) AppleWebKit/534+ (KHTML, like Gecko) BingPreview/1.0b"
217.155.154.206 - - [08/Nov/2013:00:00:16 +0000] "GET /jscript/min/1.1.2013.R09.00.02/yelldotcom/smartphone/all-results.js HTTP/1.1" 200 965 "http://www.yell.com/s/massage+therapy-lymington.html" "Mozilla/5.0 (iPhone; CPU iPhone OS 6_1_4 like Mac OS X) AppleWebKit/536.26 (KHTML, like Gecko) Version/6.0 Mobile/10B350 Safari/8536.25"
188.29.164.152 - - [08/Nov/2013:00:00:15 +0000] "GET /s/fried+chicken-bedfont-feltham.html HTTP/1.1" 200 4968 "https://www.google.co.uk/" "Mozilla/5.0 (iPhone; CPU iPhone OS 7_0_3 like Mac OS X) AppleWebKit/537.51.1 (KHTML, like Gecko) Version/7.0 Mobile/11B511 Safari/9537.53"
217.155.154.206 - - [08/Nov/2013:00:00:17 +0000] "GET /js/Omniture.H.22.1.js HTTP/1.1" 200 10068 "http://www.yell.com/s/massage+therapy-lymington.html" "Mozilla/5.0 (iPhone; CPU iPhone OS 6_1_4 like Mac OS X) AppleWebKit/536.26 (KHTML, like Gecko) Version/6.0 Mobile/10B350 Safari/8536.25"
192.168.92.25 - - [08/Nov/2013:00:00:17 +0000] "GET /yell/footer.html HTTP/1.1" 200 4308 "-" "Java/1.6.0_24"
65.55.24.239 - - [08/Nov/2013:00:00:15 +0000] "GET /s/massage+therapy-owslebury.html HTTP/1.1" 200 20463 "-" "Mozilla/5.0 (compatible; bingbot/2.0; +http://www.bing.com/bingbot.htm)"
87.106.91.228 - - [08/Nov/2013:00:00:16 +0000] "GET /ucs/UcsSearchAction.do?startAt=10&keywords=Electrolysis&location=BH17&scrambleSeed=39517908&ssm=1&showOoa=10&pageNum=3&advanced=true HTTP/1.1" 200 43434 "-" "Mozilla/5.0 (Macintosh; Intel Mac OS X 10_7_2) AppleWebKit/535.1 (KHTML, like Gecko) Chrome/14.0.835.202 Safari/535.12011-10-16 20:21:13"
66.249.66.126 - - [08/Nov/2013:00:00:16 +0000] "GET /s/glasswork-kilburn-belper.html HTTP/1.1" 200 14878 "-" "Mozilla/5.0 (compatible; Googlebot/2.1; +http://www.google.com/bot.html)"
192.168.92.26 - - [08/Nov/2013:00:00:17 +0000] "GET /yell/footer.html HTTP/1.1" 200 4308 "-" "Java/1.6.0_24"
192.168.92.26 - - [08/Nov/2013:00:00:17 +0000] "GET /yell/footer.html HTTP/1.1" 200 4308 "-" "Java/1.6.0_24"
178.105.118.185 - - [08/Nov/2013:00:00:17 +0000] "GET /static/image/a47a7911-e7ff-4d39-922e-56f7cdd0417d_image_png?t=tr/w:160/h:120 HTTP/1.1" 200 6007 "-" "Dalvik/1.6.0 (Linux; U; Android 4.1.2; GT-I9300 Build/JZO54K)"
192.168.92.26 - - [08/Nov/2013:00:00:17 +0000] "GET /yell/footer.html HTTP/1.1" 200 4308 "-" "Java/1.6.0_24"
192.168.92.25 - - [08/Nov/2013:00:00:17 +0000] "GET /yell/search_social.html HTTP/1.1" 200 1402 "-" "Java/1.6.0_24"
192.168.92.25 - - [08/Nov/2013:00:00:17 +0000] "GET /yell/header.html HTTP/1.1" 200 1401 "-" "Java/1.6.0_24"
192.168.92.20 - - [08/Nov/2013:00:00:17 +0000] "GET /yell/search_social.html HTTP/1.1" 200 1402 "-" "Java/1.6.0_24"
192.168.92.25 - - [08/Nov/2013:00:00:17 +0000] "GET /yell/search_social.html HTTP/1.1" 200 1402 "-" "Java/1.6.0_24"
192.168.92.25 - - [08/Nov/2013:00:00:17 +0000] "GET /yell/header.html HTTP/1.1" 200 1401 "-" "Java/1.6.0_24"
5.70.218.22 - - [08/Nov/2013:00:00:16 +0000] "GET /ucs/UcsSearchAction.do?keywords=+rombus&location=+benton&scrambleSeed=755382928&pageNum=2&view=ajax HTTP/1.1" 200 3068 "http://www.yell.com/ucs/UcsSearchAction.do?keywords=+rombus&location=+benton&scrambleSeed=755382928" "Mozilla/5.0 (Linux; U; Android 4.2.2; en-gb; HTC_One_mini/1.33.161.2 Build/JDQ39) AppleWebKit/534.30 (KHTML, like Gecko) Version/4.0 Mobile Safari/534.30"
192.168.92.26 - - [08/Nov/2013:00:00:17 +0000] "GET /yell/footer.html HTTP/1.1" 200 4308 "-" "Java/1.6.0_24"
192.168.92.20 - - [08/Nov/2013:00:00:17 +0000] "GET /yell/search_social.html HTTP/1.1" 200 1402 "-" "Java/1.6.0_24"
192.168.92.26 - - [08/Nov/2013:00:00:17 +0000] "GET /yell/search_social.html HTTP/1.1" 200 1402 "-" "Java/1.6.0_24"
192.168.92.20 - - [08/Nov/2013:00:00:17 +0000] "GET /yell/search_social.html HTTP/1.1" 200 1402 "-" "Java/1.6.0_24"
192.168.92.26 - - [08/Nov/2013:00:00:17 +0000] "GET /yell/header.html HTTP/1.1" 200 1401 "-" "Java/1.6.0_24"
192.168.92.20 - - [08/Nov/2013:00:00:17 +0000] "GET /yell/header.html HTTP/1.1" 200 1401 "-" "Java/1.6.0_24"
192.168.92.20 - - [08/Nov/2013:00:00:17 +0000] "GET /yell/footer.html HTTP/1.1" 200 4308 "-" "Java/1.6.0_24"
157.56.92.151 - - [08/Nov/2013:00:00:17 +0000] "GET /biz/motion-plus-ltd-milton-keynes-7360609/ HTTP/1.1" 200 7547 "-" "adidxbot/2.0 (+http://search.msn.com/msnbot.htm)"
188.29.164.152 - - [08/Nov/2013:00:00:15 +0000] "GET /s/fried+chicken-bedfont-feltham.html HTTP/1.1" 200 4954 "https://www.google.co.uk/" "Mozilla/5.0 (iPhone; CPU iPhone OS 7_0_3 like Mac OS X) AppleWebKit/537.51.1 (KHTML, like Gecko) Version/7.0 Mobile/11B511 Safari/9537.53"
192.168.92.26 - - [08/Nov/2013:00:00:17 +0000] "GET /yell/footer.html HTTP/1.1" 200 4308 "-" "Java/1.6.0_24"
188.29.164.152 - - [08/Nov/2013:00:00:15 +0000] "GET /s/fried+chicken-bedfont-feltham.html HTTP/1.1" 200 4955 "https://www.google.co.uk/" "Mozilla/5.0 (iPhone; CPU iPhone OS 7_0_3 like Mac OS X) AppleWebKit/537.51.1 (KHTML, like Gecko) Version/7.0 Mobile/11B511 Safari/9537.53"
192.168.92.26 - - [08/Nov/2013:00:00:17 +0000] "GET /yell/header.html HTTP/1.1" 200 1401 "-" "Java/1.6.0_24"
192.168.92.26 - - [08/Nov/2013:00:00:17 +0000] "GET /yell/homePromo.html HTTP/1.1" 200 2003 "-" "Java/1.6.0_24"
192.168.92.26 - - [08/Nov/2013:00:00:17 +0000] "GET /yell/homepage_social.html HTTP/1.1" 200 140 "-" "Java/1.6.0_24"
157.55.35.31 - - [08/Nov/2013:00:00:15 +0000] "GET /s/motor+dealership-maidenhead.html HTTP/1.1" 200 19185 "-" "Mozilla/5.0 (compatible; bingbot/2.0; +http://www.bing.com/bingbot.htm)"
192.168.92.26 - - [08/Nov/2013:00:00:17 +0000] "GET /yell/search_social.html HTTP/1.1" 200 1402 "-" "Java/1.6.0_24"
192.168.92.26 - - [08/Nov/2013:00:00:17 +0000] "GET /yell/search_social.html HTTP/1.1" 200 1402 "-" "Java/1.6.0_24"
192.168.92.26 - - [08/Nov/2013:00:00:17 +0000] "GET /yell/header.html HTTP/1.1" 200 1401 "-" "Java/1.6.0_24"
188.29.164.152 - - [08/Nov/2013:00:00:17 +0000] "GET /css/min/1.1.2013.R09.00.02/yelldotcom/smartphone/all-results.css HTTP/1.1" 200 5667 "http://www.yell.com/s/fried+chicken-bedfont-feltham.html" "Mozilla/5.0 (iPhone; CPU iPhone OS 7_0_3 like Mac OS X) AppleWebKit/537.51.1 (KHTML, like Gecko) Version/7.0 Mobile/11B511 Safari/9537.53"
192.168.92.20 - - [08/Nov/2013:00:00:17 +0000] "GET /yell/header.html HTTP/1.1" 200 1401 "-" "Java/1.6.0_24"
86.8.17.102 - - [08/Nov/2013:00:00:17 +0000] "GET /img/responder/yelldotcom/default/prettyPhoto/default/sprite_x.png HTTP/1.1" 200 1097 "http://www.yell.com/biz/party-chic-west-wickham-6465738/?view=map" "Mozilla/5.0 (iPad; CPU OS 6_1_3 like Mac OS X) AppleWebKit/536.26 (KHTML, like Gecko) Version/6.0 Mobile/10B329 Safari/8536.25"
192.168.92.26 - - [08/Nov/2013:00:00:17 +0000] "GET /yell/search_social.html HTTP/1.1" 200 1402 "-" "Java/1.6.0_24"
192.168.92.26 - - [08/Nov/2013:00:00:17 +0000] "GET /yell/header.html HTTP/1.1" 200 1401 "-" "Java/1.6.0_24"
86.8.17.102 - - [08/Nov/2013:00:00:17 +0000] "GET /img/responder/yelldotcom/default/prettyPhoto/default/loader.gif HTTP/1.1" 200 6331 "http://www.yell.com/biz/party-chic-west-wickham-6465738/?view=map" "Mozilla/5.0 (iPad; CPU OS 6_1_3 like Mac OS X) AppleWebKit/536.26 (KHTML, like Gecko) Version/6.0 Mobile/10B329 Safari/8536.25"
86.8.17.102 - - [08/Nov/2013:00:00:17 +0000] "GET /img/responder/yelldotcom/default/prettyPhoto/default/sprite_y.png HTTP/1.1" 200 1162 "http://www.yell.com/biz/party-chic-west-wickham-6465738/?view=map" "Mozilla/5.0 (iPad; CPU OS 6_1_3 like Mac OS X) AppleWebKit/536.26 (KHTML, like Gecko) Version/6.0 Mobile/10B329 Safari/8536.25"
86.8.17.102 - - [08/Nov/2013:00:00:17 +0000] "GET /img/responder/yelldotcom/default/prettyPhoto/default/sprite.png HTTP/1.1" 200 6682 "http://www.yell.com/biz/party-chic-west-wickham-6465738/?view=map" "Mozilla/5.0 (iPad; CPU OS 6_1_3 like Mac OS X) AppleWebKit/536.26 (KHTML, like Gecko) Version/6.0 Mobile/10B329 Safari/8536.25"
192.168.92.26 - - [08/Nov/2013:00:00:17 +0000] "GET /yell/search_social.html HTTP/1.1" 200 1402 "-" "Java/1.6.0_24"
192.168.92.26 - - [08/Nov/2013:00:00:17 +0000] "GET /yell/header.html HTTP/1.1" 200 1401 "-" "Java/1.6.0_24"
192.168.92.20 - - [08/Nov/2013:00:00:17 +0000] "GET /yell/footer.html HTTP/1.1" 200 4308 "-" "Java/1.6.0_24"
188.29.164.69 - - [08/Nov/2013:00:00:16 +0000] "GET /s/day+nurseries-gillingham-kent.html HTTP/1.1" 200 4999 "https://www.google.co.uk/" "Mozilla/5.0 (iPhone; CPU iPhone OS 7_0_2 like Mac OS X) AppleWebKit/537.51.1 (KHTML, like Gecko) Version/7.0 Mobile/11A501 Safari/9537.53"
192.168.92.20 - - [08/Nov/2013:00:00:17 +0000] "GET /yell/footer.html HTTP/1.1" 200 4308 "-" "Java/1.6.0_24"
192.168.92.20 - - [08/Nov/2013:00:00:17 +0000] "GET /yell/footer.html HTTP/1.1" 200 4308 "-" "Java/1.6.0_24"
192.168.92.57 - - [08/Nov/2013:00:00:17 +0000] "GET /yell/footer.html HTTP/1.1" 200 4308 "-" "Java/1.6.0_20"
192.168.92.21 - - [08/Nov/2013:00:00:17 +0000] "GET /yell/search_social.html HTTP/1.1" 200 1402 "-" "Java/1.6.0_24"
192.168.92.21 - - [08/Nov/2013:00:00:17 +0000] "GET /yell/header.html HTTP/1.1" 200 1401 "-" "Java/1.6.0_24"
188.29.164.152 - - [08/Nov/2013:00:00:17 +0000] "GET /jscript/min/1.1.2013.R09.00.02/yelldotcom/smartphone/all-results.js HTTP/1.1" 200 965 "http://www.yell.com/s/fried+chicken-bedfont-feltham.html" "Mozilla/5.0 (iPhone; CPU iPhone OS 7_0_3 like Mac OS X) AppleWebKit/537.51.1 (KHTML, like Gecko) Version/7.0 Mobile/11B511 Safari/9537.53"
157.56.92.146 - - [08/Nov/2013:00:00:17 +0000] "GET /biz/city-cows-ltd-london-7616405/ HTTP/1.1" 200 7513 "-" "Mozilla/5.0 (compatible; bingbot/2.0; +http://www.bing.com/bingbot.htm)"
192.168.92.20 - - [08/Nov/2013:00:00:17 +0000] "GET /yell/header.html HTTP/1.1" 200 1401 "-" "Java/1.6.0_24"
87.106.91.228 - - [08/Nov/2013:00:00:16 +0000] "GET /ucs/UcsSearchAction.do?startAt=10&keywords=Driving+Instructors&location=BH14&scrambleSeed=39517908&ssm=1&showOoa=10&pageNum=3&advanced=true HTTP/1.1" 200 116420 "-" "Mozilla/4.0 (compatible; MSIE 8.0; Windows NT 6.1; Trident/4.0; GTB6; SLCC2; .NET CLR 2.0.50727; .NET CLR 3.5.30729; .NET CLR 3.0.30729; Media Center PC 6.0; OfficeLiveConnector.1.4; OfficeLivePatch.1.3)2011-10-16 20:20:48"
66.249.66.131 - - [08/Nov/2013:00:00:16 +0000] "GET /s/florists-gubblecote.html HTTP/1.1" 200 19362 "-" "Mozilla/5.0 (compatible; Googlebot/2.1; +http://www.google.com/bot.html)"
192.168.92.25 - - [08/Nov/2013:00:00:17 +0000] "GET /yell/footer.html HTTP/1.1" 200 4308 "-" "Java/1.6.0_24"
192.168.92.25 - - [08/Nov/2013:00:00:17 +0000] "GET /yell/header.html HTTP/1.1" 200 1401 "-" "Java/1.6.0_24"
157.55.35.35 - - [08/Nov/2013:00:00:16 +0000] "GET /s/gay+bars-ayr.html HTTP/1.1" 200 18203 "-" "Mozilla/5.0 (compatible; bingbot/2.0; +http://www.bing.com/bingbot.htm)"
86.8.17.102 - - [08/Nov/2013:00:00:17 +0000] "GET /static/image/2c084573-df8b-437c-97df-00dd9d1eadcc_image_jpeg?t=tr/w:550/h:412/m:FitPad HTTP/1.1" 200 19499 "http://www.yell.com/biz/party-chic-west-wickham-6465738/?view=map" "Mozilla/5.0 (iPad; CPU OS 6_1_3 like Mac OS X) AppleWebKit/536.26 (KHTML, like Gecko) Version/6.0 Mobile/10B329 Safari/8536.25"
92.4.234.229 - - [08/Nov/2013:00:00:16 +0000] "GET /ucs/UcsSearchAction.do?keywords=businesses&location=UK&contentFilter=true&view=ajaxads&filter=8 HTTP/1.1" 200 957 "http://www.yell.com/biz/pets-matter-belfast-7019307/" "Mozilla/5.0 (Windows NT 6.2; WOW64) AppleWebKit/537.1 (KHTML, like Gecko) Chrome/21.0.1180.0 AOL/9.7 AOLBuild/4343.2039.US Safari/537.1"
86.8.17.102 - - [08/Nov/2013:00:00:17 +0000] "GET /static/image/032de47e-2c6e-4640-8619-c80214dd9498_image_jpeg?t=tr/w:550/h:412/m:FitPad HTTP/1.1" 200 36327 "http://www.yell.com/biz/party-chic-west-wickham-6465738/?view=map" "Mozilla/5.0 (iPad; CPU OS 6_1_3 like Mac OS X) AppleWebKit/536.26 (KHTML, like Gecko) Version/6.0 Mobile/10B329 Safari/8536.25"
192.168.92.26 - - [08/Nov/2013:00:00:17 +0000] "GET /yell/footer.html HTTP/1.1" 200 4308 "-" "Java/1.6.0_24"
157.56.93.41 - - [08/Nov/2013:00:00:16 +0000] "GET /s/baby+products-cornwood.html HTTP/1.1" 200 16925 "-" "Mozilla/5.0 (compatible; bingbot/2.0; +http://www.bing.com/bingbot.htm)"
192.168.92.21 - - [08/Nov/2013:00:00:17 +0000] "GET /yell/search_social.html HTTP/1.1" 200 1402 "-" "Java/1.6.0_24"
192.168.92.21 - - [08/Nov/2013:00:00:17 +0000] "GET /yell/footer.html HTTP/1.1" 200 4308 "-" "Java/1.6.0_24"
66.249.66.139 - - [08/Nov/2013:00:00:16 +0000] "GET /s/car+engine+tuning+and+conversion-campton-shefford.html HTTP/1.1" 200 19037 "-" "Mozilla/5.0 (compatible; Googlebot/2.1; +http://www.google.com/bot.html)"
66.249.66.117 - - [08/Nov/2013:00:00:17 +0000] "GET /biz/sophies-craft-ltd-oldham-901334788/ HTTP/1.1" 200 3395 "-" "SAMSUNG-SGH-E250/1.0 Profile/MIDP-2.0 Configuration/CLDC-1.1 UP.Browser/6.2.3.3.c.1.101 (GUI) MMP/2.0 (compatible; Googlebot-Mobile/2.1; +http://www.google.com/bot.html)"
157.56.93.63 - - [08/Nov/2013:00:00:17 +0000] "GET /rd/dundee/hedging-fencingservices.htm?bfid=1000000308&said=294 HTTP/1.1" 404 6514 "-" "Mozilla/5.0 (compatible; bingbot/2.0; +http://www.bing.com/bingbot.htm)"
188.29.164.69 - - [08/Nov/2013:00:00:17 +0000] "GET /css/min/1.1.2013.R09.00.02/yelldotcom/smartphone/all-global.css HTTP/1.1" 200 16943 "http://www.yell.com/s/day+nurseries-gillingham-kent.html" "Mozilla/5.0 (iPhone; CPU iPhone OS 7_0_2 like Mac OS X) AppleWebKit/537.51.1 (KHTML, like Gecko) Version/7.0 Mobile/11A501 Safari/9537.53"
81.110.248.84 - - [08/Nov/2013:00:00:17 +0000] "GET /autocomplete/autoComplete.do?type=keyword_2box&value=pree%20sh HTTP/1.1" 200 22 "http://www.yell.com/" "Mozilla/5.0 (Windows NT 6.1; rv:25.0) Gecko/20100101 Firefox/25.0"
81.131.107.203 - - [08/Nov/2013:00:00:17 +0000] "GET /static/image/48e440d0-988c-4f61-a8f9-f517081e8071_image_jpeg?t=tr/w:120/h:90/m:FitPad HTTP/1.1" 200 1817 "http://www.yell.com/biz/beauty-angel-dungannon-6862041/" "Mozilla/5.0 (iPad; CPU OS 7_0_3 like Mac OS X) AppleWebKit/537.51.1 (KHTML, like Gecko) Mobile/11B511"
192.168.92.21 - - [08/Nov/2013:00:00:17 +0000] "GET /yell/search_social.html HTTP/1.1" 200 1402 "-" "Java/1.6.0_24"
192.168.92.21 - - [08/Nov/2013:00:00:17 +0000] "GET /yell/header.html HTTP/1.1" 200 1401 "-" "Java/1.6.0_24"
81.131.107.203 - - [08/Nov/2013:00:00:17 +0000] "GET /static/image/7031055c-c319-4a87-ac62-28003521f40b_image_png?t=tr/w:120/h:90/m:FitPad HTTP/1.1" 200 16116 "http://www.yell.com/biz/beauty-angel-dungannon-6862041/" "Mozilla/5.0 (iPad; CPU OS 7_0_3 like Mac OS X) AppleWebKit/537.51.1 (KHTML, like Gecko) Mobile/11B511"
188.29.164.69 - - [08/Nov/2013:00:00:17 +0000] "GET /css/min/1.1.2013.R09.00.02/yelldotcom/smartphone/all-results.css HTTP/1.1" 200 5667 "http://www.yell.com/s/day+nurseries-gillingham-kent.html" "Mozilla/5.0 (iPhone; CPU iPhone OS 7_0_2 like Mac OS X) AppleWebKit/537.51.1 (KHTML, like Gecko) Version/7.0 Mobile/11A501 Safari/9537.53"
81.131.107.203 - - [08/Nov/2013:00:00:17 +0000] "GET /static/image/6dca6054-2f89-4009-976a-c5a96bdf4f85_image_jpeg?t=tr/w:120/h:90/m:FitPad HTTP/1.1" 200 2043 "http://www.yell.com/biz/beauty-angel-dungannon-6862041/" "Mozilla/5.0 (iPad; CPU OS 7_0_3 like Mac OS X) AppleWebKit/537.51.1 (KHTML, like Gecko) Mobile/11B511"
157.56.93.63 - - [08/Nov/2013:00:00:17 +0000] "GET /biz/huws-gray-ltd-flint-900152192/ HTTP/1.1" 200 8819 "-" "Mozilla/5.0 (compatible; bingbot/2.0; +http://www.bing.com/bingbot.htm)"
66.249.66.112 - - [08/Nov/2013:00:00:17 +0000] "GET /s/computer+consultancy-bethlehem-llandeilo.html HTTP/1.1" 200 17358 "-" "Mozilla/5.0 (compatible; Googlebot/2.1; +http://www.google.com/bot.html)"
66.249.66.109 - - [08/Nov/2013:00:00:17 +0000] "GET /s/chinese+takeaways-ockley.html HTTP/1.1" 200 4422 "-" "Mozilla/5.0 (iPhone; CPU iPhone OS 6_0 like Mac OS X) AppleWebKit/536.26 (KHTML, like Gecko) Version/6.0 Mobile/10A5376e Safari/8536.25 (compatible; Googlebot-Mobile/2.1; +http://www.google.com/bot.html)"
157.55.35.43 - - [08/Nov/2013:00:00:17 +0000] "GET /s/coach+holidays-doldowlod.html HTTP/1.1" 200 13979 "-" "Mozilla/5.0 (compatible; bingbot/2.0; +http://www.bing.com/bingbot.htm)"
192.168.92.21 - - [08/Nov/2013:00:00:17 +0000] "GET /yell/header.html HTTP/1.1" 200 1401 "-" "Java/1.6.0_24"
157.55.34.180 - - [08/Nov/2013:00:00:17 +0000] "GET /s/cctv+installers-allington-grantham.html HTTP/1.1" 200 17272 "-" "Mozilla/5.0 (compatible; bingbot/2.0; +http://www.bing.com/bingbot.htm)"
192.168.92.25 - - [08/Nov/2013:00:00:17 +0000] "GET /yell/search_social.html HTTP/1.1" 200 1402 "-" "Java/1.6.0_24"
192.168.92.25 - - [08/Nov/2013:00:00:17 +0000] "GET /yell/header.html HTTP/1.1" 200 1401 "-" "Java/1.6.0_24"
192.168.92.25 - - [08/Nov/2013:00:00:17 +0000] "GET /yell/search_social.html HTTP/1.1" 200 1402 "-" "Java/1.6.0_24"
192.168.92.25 - - [08/Nov/2013:00:00:17 +0000] "GET /yell/header.html HTTP/1.1" 200 1401 "-" "Java/1.6.0_24"
192.168.92.21 - - [08/Nov/2013:00:00:17 +0000] "GET /yell/footer.html HTTP/1.1" 200 4308 "-" "Java/1.6.0_24"
65.55.24.239 - - [08/Nov/2013:00:00:17 +0000] "GET /s/hearing+aids-lochearnhead.html HTTP/1.1" 200 14480 "-" "Mozilla/5.0 (compatible; bingbot/2.0; +http://www.bing.com/bingbot.htm)"
199.30.20.126 - - [08/Nov/2013:00:00:17 +0000] "GET /static/image/c10515f9-163e-478c-b4f2-6451a0cf0327_image_jpeg?t=tr/w:132/h:97/m:FitPad HTTP/1.1" 200 2164 "-" "msnbot-media/1.1 (+http://search.msn.com/msnbot.htm)"
157.55.35.35 - - [08/Nov/2013:00:00:17 +0000] "GET /biz/frankie-and-benny-s-eastleigh-6129601/?view=map HTTP/1.1" 200 4467 "-" "Mozilla/5.0 (compatible; bingbot/2.0; +http://www.bing.com/bingbot.htm)"
37.221.160.203 - - [08/Nov/2013:00:00:17 +0000] "GET http://www.yell.com/biz/jackson-lloyd-ltd-manchester-6080075/ HTTP/1.1" 200 23036 "-" "Mozilla/5.0 (X11; Linux x86_64) AppleWebKit/537.22 (KHTML, like Gecko) Ubuntu Chromium/25.0.1364.160 Chrome/25.0.1364.160 Safari/537.22"
192.168.92.25 - - [08/Nov/2013:00:00:18 +0000] "GET /yell/footer.html HTTP/1.1" 200 4308 "-" "Java/1.6.0_24"
84.13.195.69 - - [08/Nov/2013:00:00:18 +0000] "GET /img/apple-touch-icon.png HTTP/1.1" 200 2602 "-" "Mozilla/5.0 (Linux; U; Android 4.2.2; en-gb; GT-P3110 Build/JDQ39) AppleWebKit/534.30 (KHTML, like Gecko) Version/4.0 Safari/534.30"
192.168.92.21 - - [08/Nov/2013:00:00:18 +0000] "GET /yell/search_social.html HTTP/1.1" 200 1402 "-" "Java/1.6.0_24"
87.106.91.228 - - [08/Nov/2013:00:00:17 +0000] "GET /ucs/UcsSearchAction.do?startAt=10&keywords=Driving+Lesson&location=CF14&scrambleSeed=39517908&ssm=1&showOoa=10&pageNum=1&advanced=true HTTP/1.1" 200 119472 "-" "Mozilla/5.0 (Windows NT 6.1; WOW64; rv:7.0.1) Gecko/20100101 Firefox/7.0.12011-10-16 20:21:05"
86.8.17.102 - - [08/Nov/2013:00:00:18 +0000] "GET /img/responder/yelldotcom/default/prettyPhoto/light_rounded/btnNext.png HTTP/1.1" 200 1411 "http://www.yell.com/biz/party-chic-west-wickham-6465738/?view=map" "Mozilla/5.0 (iPad; CPU OS 6_1_3 like Mac OS X) AppleWebKit/536.26 (KHTML, like Gecko) Version/6.0 Mobile/10B329 Safari/8536.25"
