192.168.92.21 - - [08/Nov/2013:00:00:11 +0000] "GET /yell/footer.html HTTP/1.1" 200 4308 "-" "Java/1.6.0_24"
192.168.92.26 - - [08/Nov/2013:00:00:11 +0000] "GET /yell/search_social.html HTTP/1.1" 200 1402 "-" "Java/1.6.0_24"
192.168.92.26 - - [08/Nov/2013:00:00:11 +0000] "GET /yell/header.html HTTP/1.1" 200 1401 "-" "Java/1.6.0_24"
192.168.92.20 - - [08/Nov/2013:00:00:11 +0000] "GET /yell/search_social.html HTTP/1.1" 200 1402 "-" "Java/1.6.0_24"
157.55.33.49 - - [08/Nov/2013:00:00:11 +0000] "GET /ucs/ListingSnippets.do?natids=6901000,5714940,901227341,901353553,2408387,7470875,6063115,901098808,7392770,345834,4191318,3380417,6480857&keywords=osteopaths HTTP/1.1" 200 650 "-" "Mozilla/5.0 (compatible; bingbot/2.0; +http://www.bing.com/bingbot.htm)"
192.168.92.20 - - [08/Nov/2013:00:00:11 +0000] "GET /yell/header.html HTTP/1.1" 200 1401 "-" "Java/1.6.0_24"
192.168.92.26 - - [08/Nov/2013:00:00:11 +0000] "GET /yell/search_social.html HTTP/1.1" 200 1402 "-" "Java/1.6.0_24"
66.249.66.114 - - [08/Nov/2013:00:00:10 +0000] "GET /s/giftshops-bouth-ulverston.html HTTP/1.1" 200 17477 "-" "Mozilla/5.0 (compatible; Googlebot/2.1; +http://www.google.com/bot.html)"
192.168.92.26 - - [08/Nov/2013:00:00:11 +0000] "GET /yell/search_social.html HTTP/1.1" 200 1402 "-" "Java/1.6.0_24"
192.168.92.21 - - [08/Nov/2013:00:00:11 +0000] "GET /yell/footer.html HTTP/1.1" 200 4308 "-" "Java/1.6.0_24"
192.168.92.20 - - [08/Nov/2013:00:00:11 +0000] "GET /yell/search_social.html HTTP/1.1" 200 1402 "-" "Java/1.6.0_24"
192.168.92.20 - - [08/Nov/2013:00:00:11 +0000] "GET /yell/header.html HTTP/1.1" 200 1401 "-" "Java/1.6.0_24"
157.56.93.49 - - [08/Nov/2013:00:00:10 +0000] "GET /s/relocatable+buildings-mottistone.html HTTP/1.1" 200 18458 "-" "Mozilla/5.0 (compatible; bingbot/2.0; +http://www.bing.com/bingbot.htm)"
192.168.92.20 - - [08/Nov/2013:00:00:11 +0000] "GET /yell/search_social.html HTTP/1.1" 200 1402 "-" "Java/1.6.0_24"
192.168.92.20 - - [08/Nov/2013:00:00:11 +0000] "GET /yell/header.html HTTP/1.1" 200 1401 "-" "Java/1.6.0_24"
192.168.92.20 - - [08/Nov/2013:00:00:11 +0000] "GET /yell/footer.html HTTP/1.1" 200 4308 "-" "Java/1.6.0_24"
192.168.92.21 - - [08/Nov/2013:00:00:11 +0000] "GET /yell/search_social.html HTTP/1.1" 200 1402 "-" "Java/1.6.0_24"
192.168.92.21 - - [08/Nov/2013:00:00:11 +0000] "GET /yell/header.html HTTP/1.1" 200 1401 "-" "Java/1.6.0_24"
192.168.92.20 - - [08/Nov/2013:00:00:11 +0000] "GET /yell/footer.html HTTP/1.1" 200 4308 "-" "Java/1.6.0_24"
192.168.92.20 - - [08/Nov/2013:00:00:11 +0000] "GET /yell/header.html HTTP/1.1" 200 1401 "-" "Java/1.6.0_24"
192.168.92.20 - - [08/Nov/2013:00:00:11 +0000] "GET /yell/header.html HTTP/1.1" 200 1401 "-" "Java/1.6.0_24"
192.168.92.20 - - [08/Nov/2013:00:00:11 +0000] "GET /yell/footer.html HTTP/1.1" 200 4308 "-" "Java/1.6.0_24"
66.249.66.99 - - [08/Nov/2013:00:00:11 +0000] "GET /s/consumer+organisations-dyke-bourne.html HTTP/1.1" 200 14158 "-" "Mozilla/5.0 (compatible; Googlebot/2.1; +http://www.google.com/bot.html)"
192.168.92.21 - - [08/Nov/2013:00:00:11 +0000] "GET /yell/search_social.html HTTP/1.1" 200 1402 "-" "Java/1.6.0_24"
199.30.20.126 - - [08/Nov/2013:00:00:11 +0000] "GET /static/image/a37aae76-c555-4464-ac79-ba73e0f4a8dd_image_jpeg?t=tr/w:132/h:97/m:FitPad HTTP/1.1" 200 2430 "-" "msnbot-media/1.1 (+http://search.msn.com/msnbot.htm)"
86.27.63.242 - - [08/Nov/2013:00:00:11 +0000] "GET /biz/alexandra-dental-practice-hemel-hempstead-1314780/ HTTP/1.1" 200 3693 "http://www.yell.com/s/emergency+dentists-st+albans.html" "Mozilla/5.0 (Linux; U; Android 4.1.1; en-gb; GT-I8190 Build/JRO03H) AppleWebKit/534.30 (KHTML, like Gecko) Version/4.0 Mobile Safari/534.30"
192.168.92.20 - - [08/Nov/2013:00:00:11 +0000] "GET /yell/search_social.html HTTP/1.1" 200 1402 "-" "Java/1.6.0_24"
192.168.92.20 - - [08/Nov/2013:00:00:11 +0000] "GET /yell/footer.html HTTP/1.1" 200 4308 "-" "Java/1.6.0_24"
87.106.91.228 - - [08/Nov/2013:00:00:11 +0000] "GET /ucs/UcsSearchAction.do?startAt=10&keywords=Driving+Lesson&location=BD24&scrambleSeed=39517908&ssm=1&showOoa=10&pageNum=3&advanced=true HTTP/1.1" 200 43442 "-" "IE 7 ? Mozilla/4.0 (compatible; MSIE 7.0; Windows NT 5.1; .NET CLR 1.1.4322; .NET CLR 2.0.50727; .NET CLR 3.0.04506.30)2011-10-16 20:20:09"
192.168.92.20 - - [08/Nov/2013:00:00:11 +0000] "GET /yell/header.html HTTP/1.1" 200 1401 "-" "Java/1.6.0_24"
192.168.92.20 - - [08/Nov/2013:00:00:11 +0000] "GET /yell/search_social.html HTTP/1.1" 200 1402 "-" "Java/1.6.0_24"
192.168.92.20 - - [08/Nov/2013:00:00:11 +0000] "GET /yell/header.html HTTP/1.1" 200 1401 "-" "Java/1.6.0_24"
87.106.91.228 - - [08/Nov/2013:00:00:10 +0000] "GET /ucs/UcsSearchAction.do?startAt=10&keywords=Foreign+Exchange&location=BF01&scrambleSeed=39517908&ssm=1&showOoa=10&pageNum=1&advanced=true HTTP/1.1" 200 117663 "-" "Mozilla/5.0 (Windows NT 6.1; rv:5.0) Gecko/20100101 Firefox/5.02011-10-16 20:21:42"
192.168.92.20 - - [08/Nov/2013:00:00:11 +0000] "GET /yell/footer.html HTTP/1.1" 200 4308 "-" "Java/1.6.0_24"
192.168.92.21 - - [08/Nov/2013:00:00:11 +0000] "GET /yell/search_social.html HTTP/1.1" 200 1402 "-" "Java/1.6.0_24"
192.168.92.21 - - [08/Nov/2013:00:00:11 +0000] "GET /yell/header.html HTTP/1.1" 200 1401 "-" "Java/1.6.0_24"
10.1.244.53 - - [08/Nov/2013:00:00:11 +0000] "GET /jscript/mbox.js HTTP/1.1" 200 26243 "http://www.yell.com/" "BMC Transaction Management Application Response Time Central/3.9.0+simulating+Mozilla/4.0 (compatible; MSIE 8.0; Windows NT 5.2; Trident/4.0; .NET CLR 1.1.4322; .NET CLR 2.0.50727)"
192.168.92.21 - - [08/Nov/2013:00:00:11 +0000] "GET /yell/search_social.html HTTP/1.1" 200 1402 "-" "Java/1.6.0_24"
192.168.92.21 - - [08/Nov/2013:00:00:11 +0000] "GET /yell/search_social.html HTTP/1.1" 200 1402 "-" "Java/1.6.0_24"
86.27.63.242 - - [08/Nov/2013:00:00:11 +0000] "GET /css/min/1.1.2013.R09.00.02/yelldotcom/smartphone/all-bip.css HTTP/1.1" 200 11487 "http://www.yell.com/biz/alexandra-dental-practice-hemel-hempstead-1314780/" "Mozilla/5.0 (Linux; U; Android 4.1.1; en-gb; GT-I8190 Build/JRO03H) AppleWebKit/534.30 (KHTML, like Gecko) Version/4.0 Mobile Safari/534.30"
192.168.92.20 - - [08/Nov/2013:00:00:11 +0000] "GET /yell/footer.html HTTP/1.1" 200 4308 "-" "Java/1.6.0_24"
87.106.91.228 - - [08/Nov/2013:00:00:11 +0000] "GET /ucs/UcsSearchAction.do?startAt=10&keywords=Electrician&location=WR9&scrambleSeed=39517908&ssm=1&showOoa=10&pageNum=3&advanced=true HTTP/1.1" 200 117051 "-" "Mozilla/5.0 (Windows NT 6.1; rv:5.0) Gecko/20100101 Firefox/5.02011-10-16 20:21:42"
86.27.63.242 - - [08/Nov/2013:00:00:11 +0000] "GET /jscript/min/1.1.2013.R09.00.02/yelldotcom/smartphone/all-bip.js HTTP/1.1" 200 322 "http://www.yell.com/biz/alexandra-dental-practice-hemel-hempstead-1314780/" "Mozilla/5.0 (Linux; U; Android 4.1.1; en-gb; GT-I8190 Build/JRO03H) AppleWebKit/534.30 (KHTML, like Gecko) Version/4.0 Mobile Safari/534.30"
66.249.66.109 - - [08/Nov/2013:00:00:10 +0000] "GET /s/printers+supplies-market+street+station-manchester.html HTTP/1.1" 200 18325 "-" "Mozilla/5.0 (compatible; Googlebot/2.1; +http://www.google.com/bot.html)"
66.249.66.133 - - [08/Nov/2013:00:00:11 +0000] "GET /s/computer+leasing-pennant-llanon.html HTTP/1.1" 200 15318 "-" "Mozilla/5.0 (compatible; Googlebot/2.1; +http://www.google.com/bot.html)"
87.106.91.228 - - [08/Nov/2013:00:00:11 +0000] "GET /ucs/UcsSearchAction.do?startAt=10&keywords=Eating+Out&location=BH01&scrambleSeed=39517908&ssm=1&showOoa=10&pageNum=1&advanced=true HTTP/1.1" 200 91432 "-" "Mozilla/5.0 (X11; Linux i686) AppleWebKit/534.34 (KHTML, like Gecko) rekonq Safari/534.342011-10-16 20:21:01"
87.106.91.228 - - [08/Nov/2013:00:00:11 +0000] "GET /ucs/UcsSearchAction.do?startAt=10&keywords=Function+Rooms&location=BD23&scrambleSeed=39517908&ssm=1&showOoa=10&pageNum=4&advanced=true HTTP/1.1" 200 43454 "-" "Mozilla/5.0 (Windows NT 6.1; WOW64; rv:7.0.1) Gecko/20100101 Firefox/7.0.12011-10-16 20:23:00"
92.23.68.230 - - [08/Nov/2013:00:00:12 +0000] "GET /biz/domino-s-pizza-hatfield-6493707/ HTTP/1.1" 200 3727 "http://www.yell.com/s/pizza+delivery+and+takeaway-hatfield-hertfordshire.html" "Mozilla/5.0 (iPhone; CPU iPhone OS 7_0 like Mac OS X) AppleWebKit/546.10 (KHTML, like Gecko) Version/6.0 Mobile/7E18WD Safari/8536.25"
87.106.91.228 - - [08/Nov/2013:00:00:11 +0000] "GET /ucs/UcsSearchAction.do?startAt=10&keywords=Driveways&location=WR6&scrambleSeed=39517908&ssm=1&showOoa=10&pageNum=4&advanced=true HTTP/1.1" 200 119200 "-" "Mozilla/5.0 (Windows NT 5.1) AppleWebKit/535.19 (KHTML, like Gecko) Chrome"
192.168.92.26 - - [08/Nov/2013:00:00:12 +0000] "GET /yell/search_social.html HTTP/1.1" 200 1402 "-" "Java/1.6.0_24"
192.168.92.21 - - [08/Nov/2013:00:00:12 +0000] "GET /yell/search_social.html HTTP/1.1" 200 1402 "-" "Java/1.6.0_24"
192.168.92.21 - - [08/Nov/2013:00:00:12 +0000] "GET /yell/search_social.html HTTP/1.1" 200 1402 "-" "Java/1.6.0_24"
157.55.32.113 - - [08/Nov/2013:00:00:12 +0000] "GET /editbusiness/2743076/description HTTP/1.1" 302 20 "-" "Mozilla/5.0 (compatible; bingbot/2.0; +http://www.bing.com/bingbot.htm)"
192.168.92.21 - - [08/Nov/2013:00:00:12 +0000] "GET /yell/header.html HTTP/1.1" 200 1401 "-" "Java/1.6.0_24"
66.249.66.94 - - [08/Nov/2013:00:00:11 +0000] "GET /s/flying+schools-achnasheen+station-achnasheen.html HTTP/1.1" 200 13539 "-" "Mozilla/5.0 (compatible; Googlebot/2.1; +http://www.google.com/bot.html)"
192.168.92.26 - - [08/Nov/2013:00:00:12 +0000] "GET /yell/search_social.html HTTP/1.1" 200 1402 "-" "Java/1.6.0_24"
192.168.92.26 - - [08/Nov/2013:00:00:12 +0000] "GET /yell/header.html HTTP/1.1" 200 1401 "-" "Java/1.6.0_24"
192.168.92.26 - - [08/Nov/2013:00:00:12 +0000] "GET /yell/footer.html HTTP/1.1" 200 4308 "-" "Java/1.6.0_24"
192.168.92.21 - - [08/Nov/2013:00:00:12 +0000] "GET /yell/footer.html HTTP/1.1" 200 4308 "-" "Java/1.6.0_24"
157.55.35.97 - - [08/Nov/2013:00:00:11 +0000] "GET /s/damp+proofing-tievenavarnog.html HTTP/1.1" 200 15853 "-" "Mozilla/5.0 (compatible; bingbot/2.0; +http://www.bing.com/bingbot.htm)"
192.168.92.25 - - [08/Nov/2013:00:00:12 +0000] "GET /yell/search_social.html HTTP/1.1" 200 1402 "-" "Java/1.6.0_24"
65.55.52.95 - - [08/Nov/2013:00:00:12 +0000] "GET /biz/dr-paul-davis-halstead-3824981/?view=map HTTP/1.1" 200 3709 "-" "Mozilla/5.0 (compatible; bingbot/2.0; +http://www.bing.com/bingbot.htm)"
192.168.92.25 - - [08/Nov/2013:00:00:12 +0000] "GET /yell/search_social.html HTTP/1.1" 200 1402 "-" "Java/1.6.0_24"
192.168.92.26 - - [08/Nov/2013:00:00:12 +0000] "GET /yell/search_social.html HTTP/1.1" 200 1402 "-" "Java/1.6.0_24"
192.168.92.26 - - [08/Nov/2013:00:00:12 +0000] "GET /yell/header.html HTTP/1.1" 200 1401 "-" "Java/1.6.0_24"
192.168.92.25 - - [08/Nov/2013:00:00:12 +0000] "GET /yell/footer.html HTTP/1.1" 200 4308 "-" "Java/1.6.0_24"
157.56.92.141 - - [08/Nov/2013:00:00:12 +0000] "GET /biz/the-blue-wizard-harleston-901315453/?view=map HTTP/1.1" 200 4741 "-" "Mozilla/5.0 (compatible; bingbot/2.0; +http://www.bing.com/bingbot.htm)"
- - - [08/Nov/2013:00:00:11 +0000] "GET /ucs/UcsSearchAction.do?keywords=restaurants&companyName=&location=London&scrambleSeed=68419256&searchType=advance&M=0&lastKeyword=restuartants&lastClarifyIndex=&lastClarifyOptions=&lastSearchall=&lastSearchallTax=&lastbandedclarifyR HTTP/1.1" 200 161593 "-" "Lynx/2.8.4rel.1 libwww-FM/2.14"
192.168.92.26 - - [08/Nov/2013:00:00:12 +0000] "GET /yell/header.html HTTP/1.1" 200 1401 "-" "Java/1.6.0_24"
86.149.145.114 - - [08/Nov/2013:00:00:12 +0000] "GET /ucs/combined.css.h1307364814.pack HTTP/1.1" 200 4562 "http://www.yell.com/s/skip+hire-newport-gwent.html" "Mozilla/5.0 (Windows NT 6.1; WOW64) AppleWebKit/537.36 (KHTML, like Gecko) Chrome/30.0.1599.101 Safari/537.36"
157.55.34.74 - - [08/Nov/2013:00:00:11 +0000] "GET /s/washing+machines+repair-n8.html HTTP/1.1" 200 20631 "-" "Mozilla/5.0 (compatible; bingbot/2.0; +http://www.bing.com/bingbot.htm)"
66.249.66.125 - - [08/Nov/2013:00:00:12 +0000] "GET /b/Lumphanan+Stores-Grocers+and+Convenience+Stores-Banchory-AB314TE-6656940/map-directions.html HTTP/1.1" 301 380 "-" "Mozilla/5.0 (compatible; Googlebot/2.1; +http://www.google.com/bot.html)"
192.168.92.20 - - [08/Nov/2013:00:00:12 +0000] "GET /yell/footer.html HTTP/1.1" 200 4308 "-" "Java/1.6.0_24"
192.168.92.26 - - [08/Nov/2013:00:00:12 +0000] "GET /yell/footer.html HTTP/1.1" 200 4308 "-" "Java/1.6.0_24"
192.168.92.25 - - [08/Nov/2013:00:00:12 +0000] "GET /yell/search_social.html HTTP/1.1" 200 1402 "-" "Java/1.6.0_24"
192.168.92.21 - - [08/Nov/2013:00:00:12 +0000] "GET /yell/footer.html HTTP/1.1" 200 4308 "-" "Java/1.6.0_24"
192.168.92.25 - - [08/Nov/2013:00:00:12 +0000] "GET /yell/search_social.html HTTP/1.1" 200 1402 "-" "Java/1.6.0_24"
192.168.92.25 - - [08/Nov/2013:00:00:12 +0000] "GET /yell/header.html HTTP/1.1" 200 1401 "-" "Java/1.6.0_24"
192.168.92.25 - - [08/Nov/2013:00:00:12 +0000] "GET /yell/footer.html HTTP/1.1" 200 4308 "-" "Java/1.6.0_24"
192.168.92.25 - - [08/Nov/2013:00:00:12 +0000] "GET /yell/footer.html HTTP/1.1" 200 4308 "-" "Java/1.6.0_24"
66.249.66.136 - - [08/Nov/2013:00:00:12 +0000] "GET /static/image/8f096bb1-bc4b-41bc-a55d-e59ce035c26b_image_png?t=tr/w:132/h:97/m:fitcrop HTTP/1.1" 200 35864 "-" "Googlebot-Image/1.0"
81.131.107.203 - - [08/Nov/2013:00:00:12 +0000] "GET /biz/beauty-angel-dungannon-6862041/ HTTP/1.1" 200 7623 "http://www.google.co.uk/url?sa=t&rct=j&q=angel%20beauty%20dungannon&source=web&cd=2&ved=0CCoQFjAB&url=http%3A%2F%2Fwww.yell.com%2Fbiz%2Fbeauty-angel-dungannon-6862041%2F&ei=Zyl8UpiHLoLT7AaX-YHQCA&usg=AFQjCNFTHziGAVKWPGOOCR2U2Xc1NB721A&bvm=bv.56146854,d.Yms" "Mozilla/5.0 (iPad; CPU OS 7_0_3 like Mac OS X) AppleWebKit/537.51.1 (KHTML, like Gecko) Mobile/11B511"
192.168.92.25 - - [08/Nov/2013:00:00:12 +0000] "GET /yell/footer.html HTTP/1.1" 200 4308 "-" "Java/1.6.0_24"
157.55.33.114 - - [08/Nov/2013:00:00:11 +0000] "GET /s/shipping+agents-po5.html HTTP/1.1" 200 18114 "-" "Mozilla/5.0 (compatible; bingbot/2.0; +http://www.bing.com/bingbot.htm)"
157.55.35.35 - - [08/Nov/2013:00:00:11 +0000] "GET /s/vets-walgherton.html HTTP/1.1" 200 20888 "-" "Mozilla/5.0 (compatible; bingbot/2.0; +http://www.bing.com/bingbot.htm)"
192.168.92.26 - - [08/Nov/2013:00:00:12 +0000] "GET /yell/footer.html HTTP/1.1" 200 4308 "-" "Java/1.6.0_24"
65.55.24.239 - - [08/Nov/2013:00:00:11 +0000] "GET /s/internet+cafes-wv7.html HTTP/1.1" 200 13721 "-" "Mozilla/5.0 (compatible; bingbot/2.0; +http://www.bing.com/bingbot.htm)"
192.168.92.20 - - [08/Nov/2013:00:00:12 +0000] "GET /yell/footer.html HTTP/1.1" 200 4308 "-" "Java/1.6.0_24"
66.249.66.109 - - [08/Nov/2013:00:00:12 +0000] "GET /b/Manchester+Line+Marking+Ltd-Asphalt+and+Macadam+Laying-901254354/index.html HTTP/1.1" 404 6514 "-" "Mozilla/5.0 (compatible; Googlebot/2.1; +http://www.google.com/bot.html)"
178.104.139.230 - - [08/Nov/2013:00:00:11 +0000] "GET /s/shopping+centres-huyton.html HTTP/1.1" 200 17212 "http://www.google.co.uk/url?sa=t&rct=j&q=&esrc=s&frm=1&source=web&cd=11&ved=0CIYBEBYwCg&url=http%3A%2F%2Fwww.yell.com%2Fs%2Fshopping%2Bcentres-huyton.html&ei=dCl8Up70MYiphAfwvID4Dw&usg=AFQjCNEytKwOu67lWbnUxr9xprMdtaPBbQ&bvm=bv.56146854,d.Yms" "Mozilla/5.0 (compatible; MSIE 10.0; Windows NT 6.2; WOW64; Trident/6.0)"
192.168.92.20 - - [08/Nov/2013:00:00:12 +0000] "GET /yell/search_social.html HTTP/1.1" 200 1402 "-" "Java/1.6.0_24"
157.56.92.141 - - [08/Nov/2013:00:00:12 +0000] "GET /biz/rapid-fit-westbury-5037948/ HTTP/1.1" 200 7496 "-" "Mozilla/5.0 (compatible; bingbot/2.0; +http://www.bing.com/bingbot.htm)"
192.168.92.21 - - [08/Nov/2013:00:00:12 +0000] "GET /yell/header.html HTTP/1.1" 200 1401 "-" "Java/1.6.0_24"
192.168.92.20 - - [08/Nov/2013:00:00:12 +0000] "GET /yell/footer.html HTTP/1.1" 200 4308 "-" "Java/1.6.0_24"
192.168.92.20 - - [08/Nov/2013:00:00:12 +0000] "GET /yell/search_social.html HTTP/1.1" 200 1402 "-" "Java/1.6.0_24"
192.168.92.20 - - [08/Nov/2013:00:00:12 +0000] "GET /yell/header.html HTTP/1.1" 200 1401 "-" "Java/1.6.0_24"
66.249.66.94 - - [08/Nov/2013:00:00:12 +0000] "GET /b/MW+Tiling+and+Plastering-Plastering+and+Screeding-edinburgh-EH74GB-901335425/index.html HTTP/1.1" 404 6514 "-" "Mozilla/5.0 (compatible; Googlebot/2.1; +http://www.google.com/bot.html)"
192.168.92.26 - - [08/Nov/2013:00:00:12 +0000] "GET /yell/search_social.html HTTP/1.1" 200 1402 "-" "Java/1.6.0_24"
192.168.92.25 - - [08/Nov/2013:00:00:12 +0000] "GET /yell/search_social.html HTTP/1.1" 200 1402 "-" "Java/1.6.0_24"
192.168.92.26 - - [08/Nov/2013:00:00:12 +0000] "GET /yell/header.html HTTP/1.1" 200 1401 "-" "Java/1.6.0_24"
113.235.214.125 - - [08/Nov/2013:00:00:12 +0000] "GET /biz/901273116/ HTTP/1.1" 301 - "http://www.yell.com/biz/901273116/" "Mozilla/4.0 (compatible; MSIE 9.0; Windows NT 6.1; 125LA; .NET CLR 2.0.50727; .NET CLR 3.0.04506.648; .NET CLR 3.5.21022)"
157.55.33.49 - - [08/Nov/2013:00:00:12 +0000] "GET /biz/waltwood-grass-cutting-services-newport-7311904/ HTTP/1.1" 200 7461 "-" "Mozilla/5.0 (compatible; bingbot/2.0; +http://www.bing.com/bingbot.htm)"
81.131.107.203 - - [08/Nov/2013:00:00:12 +0000] "GET /css/min/1.1.2013.R09.00.02/yelldotcom/default/all-global.css HTTP/1.1" 200 4329 "http://www.yell.com/biz/beauty-angel-dungannon-6862041/" "Mozilla/5.0 (iPad; CPU OS 7_0_3 like Mac OS X) AppleWebKit/537.51.1 (KHTML, like Gecko) Mobile/11B511"
94.9.105.231 - - [08/Nov/2013:00:00:12 +0000] "GET /ucs/UcsSearchAction.do?keywords=architect&location=EH24&searchType=manualexpansion&ssm=1&intCam=intToolbar&filterDistance=0&pageNum=1 HTTP/1.1" 200 13345 "-" "Mozilla/4.0 (compatible; MSIE 7.0; Windows NT 6.1; Trident/6.0; SLCC2; .NET CLR 2.0.50727; .NET CLR 3.5.30729; .NET CLR 3.0.30729; Media Center PC 6.0; .NET4.0C; InfoPath.2)"
192.168.92.21 - - [08/Nov/2013:00:00:12 +0000] "GET /yell/header.html HTTP/1.1" 200 1401 "-" "Java/1.6.0_24"
157.55.35.87 - - [08/Nov/2013:00:00:11 +0000] "GET /s/electrical+appliance+repair-wainscott.html HTTP/1.1" 200 19503 "-" "Mozilla/5.0 (compatible; bingbot/2.0; +http://www.bing.com/bingbot.htm)"
192.168.92.20 - - [08/Nov/2013:00:00:12 +0000] "GET /yell/search_social.html HTTP/1.1" 200 1402 "-" "Java/1.6.0_24"
192.168.92.20 - - [08/Nov/2013:00:00:12 +0000] "GET /yell/footer.html HTTP/1.1" 200 4308 "-" "Java/1.6.0_24"
5.10.83.41 - - [08/Nov/2013:00:00:12 +0000] "GET /biz/bensons-for-beds-glasgow-3553756/?view=map HTTP/1.1" 200 4793 "-" "Mozilla/5.0 (compatible; AhrefsBot/5.0; +http://ahrefs.com/robot/)"
192.168.92.20 - - [08/Nov/2013:00:00:12 +0000] "GET /yell/header.html HTTP/1.1" 200 1401 "-" "Java/1.6.0_24"
192.168.92.20 - - [08/Nov/2013:00:00:12 +0000] "GET /yell/footer.html HTTP/1.1" 200 4308 "-" "Java/1.6.0_24"
192.168.92.20 - - [08/Nov/2013:00:00:12 +0000] "GET /yell/search_social.html HTTP/1.1" 200 1402 "-" "Java/1.6.0_24"
192.168.92.20 - - [08/Nov/2013:00:00:12 +0000] "GET /yell/header.html HTTP/1.1" 200 1401 "-" "Java/1.6.0_24"
192.168.92.20 - - [08/Nov/2013:00:00:12 +0000] "GET /yell/footer.html HTTP/1.1" 200 4308 "-" "Java/1.6.0_24"
81.131.107.203 - - [08/Nov/2013:00:00:12 +0000] "GET /css/min/1.1.2013.R09.00.02/yelldotcom/default/related-ads.css HTTP/1.1" 200 429 "http://www.yell.com/biz/beauty-angel-dungannon-6862041/" "Mozilla/5.0 (iPad; CPU OS 7_0_3 like Mac OS X) AppleWebKit/537.51.1 (KHTML, like Gecko) Mobile/11B511"
192.168.92.26 - - [08/Nov/2013:00:00:12 +0000] "GET /yell/search_social.html HTTP/1.1" 200 1402 "-" "Java/1.6.0_24"
157.55.34.74 - - [08/Nov/2013:00:00:12 +0000] "GET /b/Colin+Khalid+Electrical+Ltd-Electrical+Supplies-Manchester-M88JF-1244018/ HTTP/1.1" 301 20 "-" "Mozilla/5.0 (compatible; bingbot/2.0; +http://www.bing.com/bingbot.htm)"
81.131.107.203 - - [08/Nov/2013:00:00:12 +0000] "GET /css/min/1.1.2013.R09.00.02/yelldotcom/default/all-classic.css HTTP/1.1" 200 13800 "http://www.yell.com/biz/beauty-angel-dungannon-6862041/" "Mozilla/5.0 (iPad; CPU OS 7_0_3 like Mac OS X) AppleWebKit/537.51.1 (KHTML, like Gecko) Mobile/11B511"
192.168.92.21 - - [08/Nov/2013:00:00:12 +0000] "GET /yell/footer.html HTTP/1.1" 200 4308 "-" "Java/1.6.0_24"
192.168.92.25 - - [08/Nov/2013:00:00:12 +0000] "GET /yell/search_social.html HTTP/1.1" 200 1402 "-" "Java/1.6.0_24"
178.104.139.230 - - [08/Nov/2013:00:00:12 +0000] "GET /js/omniture-H.25.js HTTP/1.1" 200 14010 "http://www.yell.com/s/shopping+centres-huyton.html" "Mozilla/5.0 (compatible; MSIE 10.0; Windows NT 6.2; WOW64; Trident/6.0)"
86.10.169.167 - - [08/Nov/2013:00:00:12 +0000] "GET /responder_classic/combined.css.h1053246043.pack HTTP/1.1" 200 9839 "http://www.yell.com/" "Mozilla/5.0 (iPad; CPU OS 7_0_3 like Mac OS X) AppleWebKit/537.51.1 (KHTML, like Gecko) Version/7.0 Mobile/11B511 Safari/9537.53"
192.168.92.20 - - [08/Nov/2013:00:00:12 +0000] "GET /yell/search_social.html HTTP/1.1" 200 1402 "-" "Java/1.6.0_24"
81.131.107.203 - - [08/Nov/2013:00:00:12 +0000] "GET /jscript/min/1.1.2013.R09.00.02/yelldotcom/default/all-global.js HTTP/1.1" 200 83737 "http://www.yell.com/biz/beauty-angel-dungannon-6862041/" "Mozilla/5.0 (iPad; CPU OS 7_0_3 like Mac OS X) AppleWebKit/537.51.1 (KHTML, like Gecko) Mobile/11B511"
178.104.139.230 - - [08/Nov/2013:00:00:12 +0000] "GET /ucs/combined.js.h-1172771875.pack HTTP/1.1" 200 25019 "http://www.yell.com/s/shopping+centres-huyton.html" "Mozilla/5.0 (compatible; MSIE 10.0; Windows NT 6.2; WOW64; Trident/6.0)"
192.168.92.20 - - [08/Nov/2013:00:00:12 +0000] "GET /yell/footer.html HTTP/1.1" 200 4308 "-" "Java/1.6.0_24"
81.131.107.203 - - [08/Nov/2013:00:00:12 +0000] "GET /jscript/min/1.1.2013.R09.00.02/yelldotcom/default/all-classic.js HTTP/1.1" 200 8860 "http://www.yell.com/biz/beauty-angel-dungannon-6862041/" "Mozilla/5.0 (iPad; CPU OS 7_0_3 like Mac OS X) AppleWebKit/537.51.1 (KHTML, like Gecko) Mobile/11B511"
192.168.92.20 - - [08/Nov/2013:00:00:12 +0000] "GET /yell/search_social.html HTTP/1.1" 200 1402 "-" "Java/1.6.0_24"
192.168.92.20 - - [08/Nov/2013:00:00:12 +0000] "GET /yell/header.html HTTP/1.1" 200 1401 "-" "Java/1.6.0_24"
81.131.107.203 - - [08/Nov/2013:00:00:12 +0000] "GET /jscript/min/1.1.2013.R09.00.02/yelldotcom/default/related-ads.js HTTP/1.1" 200 553 "http://www.yell.com/biz/beauty-angel-dungannon-6862041/" "Mozilla/5.0 (iPad; CPU OS 7_0_3 like Mac OS X) AppleWebKit/537.51.1 (KHTML, like Gecko) Mobile/11B511"
192.168.92.20 - - [08/Nov/2013:00:00:12 +0000] "GET /yell/search_social.html HTTP/1.1" 200 1402 "-" "Java/1.6.0_24"
192.168.92.20 - - [08/Nov/2013:00:00:12 +0000] "GET /yell/header.html HTTP/1.1" 200 1401 "-" "Java/1.6.0_24"
81.131.107.203 - - [08/Nov/2013:00:00:12 +0000] "GET /js/omniture-H.23.8.js HTTP/1.1" 200 13228 "http://www.yell.com/biz/beauty-angel-dungannon-6862041/" "Mozilla/5.0 (iPad; CPU OS 7_0_3 like Mac OS X) AppleWebKit/537.51.1 (KHTML, like Gecko) Mobile/11B511"
- - - [08/Nov/2013:00:00:12 +0000] "GET /ucs/UcsSearchAction.do?searchType=advance&keywords=beer+garden&companyName=&location=&x=54&y=18 HTTP/1.1" 200 112865 "-" "Lynx/2.8.4rel.1 libwww-FM/2.14"
192.168.92.21 - - [08/Nov/2013:00:00:12 +0000] "GET /yell/search_social.html HTTP/1.1" 200 1402 "-" "Java/1.6.0_24"
192.168.92.26 - - [08/Nov/2013:00:00:12 +0000] "GET /yell/search_social.html HTTP/1.1" 200 1402 "-" "Java/1.6.0_24"
192.168.92.26 - - [08/Nov/2013:00:00:12 +0000] "GET /yell/header.html HTTP/1.1" 200 1401 "-" "Java/1.6.0_24"
192.168.92.20 - - [08/Nov/2013:00:00:12 +0000] "GET /yell/footer.html HTTP/1.1" 200 4308 "-" "Java/1.6.0_24"
192.168.92.25 - - [08/Nov/2013:00:00:12 +0000] "GET /yell/header.html HTTP/1.1" 200 1401 "-" "Java/1.6.0_24"
192.168.92.20 - - [08/Nov/2013:00:00:12 +0000] "GET /yell/header.html HTTP/1.1" 200 1401 "-" "Java/1.6.0_24"
192.168.92.25 - - [08/Nov/2013:00:00:12 +0000] "GET /yell/footer.html HTTP/1.1" 200 4308 "-" "Java/1.6.0_24"
192.168.92.20 - - [08/Nov/2013:00:00:12 +0000] "GET /yell/footer.html HTTP/1.1" 200 4308 "-" "Java/1.6.0_24"
192.168.92.26 - - [08/Nov/2013:00:00:12 +0000] "GET /yell/footer.html HTTP/1.1" 200 4308 "-" "Java/1.6.0_24"
87.106.91.228 - - [08/Nov/2013:00:00:12 +0000] "GET /ucs/UcsSearchAction.do?startAt=10&keywords=Electrical+Inspection&location=BH8&scrambleSeed=39517908&ssm=1&showOoa=10&pageNum=1&advanced=true HTTP/1.1" 200 114103 "-" "Mozilla/5.0 (compatible; MSIE 9.0; Windows NT 6.1; WOW64; Trident/5.0)2011-10-16 20:21:07"
192.168.92.26 - - [08/Nov/2013:00:00:13 +0000] "GET /yell/footer.html HTTP/1.1" 200 4308 "-" "Java/1.6.0_24"
81.110.248.84 - - [08/Nov/2013:00:00:13 +0000] "GET /autocomplete/autoComplete.do?type=keyword_2box&value=pree HTTP/1.1" 200 178 "http://www.yell.com/" "Mozilla/5.0 (Windows NT 6.1; rv:25.0) Gecko/20100101 Firefox/25.0"
192.168.92.21 - - [08/Nov/2013:00:00:13 +0000] "GET /yell/search_social.html HTTP/1.1" 200 1402 "-" "Java/1.6.0_24"
192.168.92.21 - - [08/Nov/2013:00:00:13 +0000] "GET /yell/header.html HTTP/1.1" 200 1401 "-" "Java/1.6.0_24"
192.168.92.25 - - [08/Nov/2013:00:00:13 +0000] "GET /yell/header.html HTTP/1.1" 200 1401 "-" "Java/1.6.0_24"
113.235.214.125 - - [08/Nov/2013:00:00:13 +0000] "GET /biz/aa-driving-school-901273116/ HTTP/1.1" 200 26349 "http://www.yell.com/biz/901273116/" "Mozilla/4.0 (compatible; MSIE 9.0; Windows NT 6.1; 125LA; .NET CLR 2.0.50727; .NET CLR 3.0.04506.648; .NET CLR 3.5.21022)"
192.168.92.25 - - [08/Nov/2013:00:00:13 +0000] "GET /yell/search_social.html HTTP/1.1" 200 1402 "-" "Java/1.6.0_24"
192.168.92.25 - - [08/Nov/2013:00:00:13 +0000] "GET /yell/header.html HTTP/1.1" 200 1401 "-" "Java/1.6.0_24"
192.168.92.21 - - [08/Nov/2013:00:00:13 +0000] "GET /yell/header.html HTTP/1.1" 200 1401 "-" "Java/1.6.0_24"
37.221.160.203 - - [08/Nov/2013:00:00:13 +0000] "GET http://www.yell.com/biz/jackson-grundy-estate-agents-northampton-3651515/ HTTP/1.1" 200 23129 "-" "Mozilla/5.0 (X11; Linux x86_64) AppleWebKit/537.22 (KHTML, like Gecko) Ubuntu Chromium/25.0.1364.160 Chrome/25.0.1364.160 Safari/537.22"
192.168.92.26 - - [08/Nov/2013:00:00:13 +0000] "GET /yell/search_social.html HTTP/1.1" 200 1402 "-" "Java/1.6.0_24"
192.168.92.25 - - [08/Nov/2013:00:00:13 +0000] "GET /yell/header.html HTTP/1.1" 200 1401 "-" "Java/1.6.0_24"
192.168.92.21 - - [08/Nov/2013:00:00:13 +0000] "GET /yell/footer.html HTTP/1.1" 200 4308 "-" "Java/1.6.0_24"
37.221.160.203 - - [08/Nov/2013:00:00:13 +0000] "GET http://www.yell.com/biz/jackson-grundy-estate-agents-northampton-2329650/ HTTP/1.1" 200 23728 "-" "Mozilla/5.0 (X11; Linux x86_64) AppleWebKit/537.22 (KHTML, like Gecko) Ubuntu Chromium/25.0.1364.160 Chrome/25.0.1364.160 Safari/537.22"
192.168.92.25 - - [08/Nov/2013:00:00:13 +0000] "GET /yell/footer.html HTTP/1.1" 200 4308 "-" "Java/1.6.0_24"
87.106.91.228 - - [08/Nov/2013:00:00:12 +0000] "GET /ucs/UcsSearchAction.do?startAt=10&keywords=Family+Planning&location=BH2&scrambleSeed=39517908&ssm=1&showOoa=10&pageNum=2&advanced=true HTTP/1.1" 200 43466 "-" "Mozilla/5.0 (Windows NT 6.1; WOW64; rv:7.0.1) Gecko/20100101 Firefox/7.0.12011-10-16 20:23:00"
87.106.91.228 - - [08/Nov/2013:00:00:12 +0000] "GET /ucs/UcsSearchAction.do?startAt=10&keywords=Driveways&location=BH9&scrambleSeed=39517908&ssm=1&showOoa=10&pageNum=1&advanced=true HTTP/1.1" 200 130909 "-" "Mozilla/5.0 (Windows NT 6.1; WOW64; rv:7.0.1) Gecko/20100101 Firefox/7.0.12011-10-16 20:21:05"
192.168.92.26 - - [08/Nov/2013:00:00:13 +0000] "GET /yell/search_social.html HTTP/1.1" 200 1402 "-" "Java/1.6.0_24"
157.55.34.180 - - [08/Nov/2013:00:00:12 +0000] "GET /s/farm+shops-kilmartin.html HTTP/1.1" 200 14760 "-" "Mozilla/5.0 (compatible; bingbot/2.0; +http://www.bing.com/bingbot.htm)"
91.125.32.171 - - [08/Nov/2013:00:00:13 +0000] "GET /biz/longton-cake-supplies-stoke-on-trent-4100247/ HTTP/1.1" 200 8133 "http://www.google.co.uk/url?sa=t&rct=j&q=&esrc=s&frm=1&source=web&cd=3&ved=0CEMQFjAC&url=http%3A%2F%2Fwww.yell.com%2Fbiz%2Flongton-cake-supplies-stoke-on-trent-4100247%2F&ei=Pyh8UoDqCOiL0AXdkYG4Dw&usg=AFQjCNGRmN8f9KoKJSKEOUT_K8kn-rD2XA&sig2=u6RdpbCzvh3f_N8ilhtukQ" "Mozilla/5.0 (compatible; MSIE 10.0; Windows NT 6.1; WOW64; Trident/6.0)"
37.221.160.203 - - [08/Nov/2013:00:00:13 +0000] "GET http://www.yell.com/biz/jackson-guy-productions-london-6113702/ HTTP/1.1" 200 22820 "-" "Mozilla/5.0 (X11; Linux x86_64) AppleWebKit/537.22 (KHTML, like Gecko) Ubuntu Chromium/25.0.1364.160 Chrome/25.0.1364.160 Safari/537.22"
37.221.160.203 - - [08/Nov/2013:00:00:13 +0000] "GET http://www.yell.com/biz/jackson-hanraty-ltd-burgess-hill-6495494/ HTTP/1.1" 200 26637 "-" "Mozilla/5.0 (X11; Linux x86_64) AppleWebKit/537.22 (KHTML, like Gecko) Ubuntu Chromium/25.0.1364.160 Chrome/25.0.1364.160 Safari/537.22"
199.30.20.126 - - [08/Nov/2013:00:00:13 +0000] "GET /static/image/c87875ff-b68e-4a14-b4c0-cc0e81a852bf_image_jpeg?t=tr/w:132/h:97/m:FitPad HTTP/1.1" 200 2661 "-" "msnbot-media/1.1 (+http://search.msn.com/msnbot.htm)"
87.106.91.228 - - [08/Nov/2013:00:00:12 +0000] "GET /ucs/UcsSearchAction.do?startAt=10&keywords=Garages&location=WR7&scrambleSeed=39517908&ssm=1&showOoa=10&pageNum=4&advanced=true HTTP/1.1" 200 132884 "-" "Mozilla/5.0 (Windows NT 6.1; WOW64; rv:7.0.1) Gecko/20100101 Firefox/7.0.12011-10-16 20:23:00"
91.125.32.171 - - [08/Nov/2013:00:00:13 +0000] "GET /css/min/1.1.2013.R09.00.02/yelldotcom/default/all-global.css HTTP/1.1" 200 4329 "http://www.yell.com/biz/longton-cake-supplies-stoke-on-trent-4100247/" "Mozilla/5.0 (compatible; MSIE 10.0; Windows NT 6.1; WOW64; Trident/6.0)"
192.168.92.26 - - [08/Nov/2013:00:00:13 +0000] "GET /yell/footer.html HTTP/1.1" 200 4308 "-" "Java/1.6.0_24"
157.55.35.35 - - [08/Nov/2013:00:00:12 +0000] "GET /s/coal+and+solid+fuel-north+norfolk+d+c.html HTTP/1.1" 200 14602 "-" "Mozilla/5.0 (compatible; bingbot/2.0; +http://www.bing.com/bingbot.htm)"
192.168.92.26 - - [08/Nov/2013:00:00:13 +0000] "GET /yell/header.html HTTP/1.1" 200 1401 "-" "Java/1.6.0_24"
37.221.160.203 - - [08/Nov/2013:00:00:13 +0000] "GET http://www.yell.com/biz/jackson-grundy-residential-lettings-daventry-5129103/ HTTP/1.1" 200 23120 "-" "Mozilla/5.0 (X11; Linux x86_64) AppleWebKit/537.22 (KHTML, like Gecko) Ubuntu Chromium/25.0.1364.160 Chrome/25.0.1364.160 Safari/537.22"
87.106.91.228 - - [08/Nov/2013:00:00:12 +0000] "GET /ucs/UcsSearchAction.do?startAt=10&keywords=Driving+Lesson&location=BH7&scrambleSeed=39517908&ssm=1&showOoa=10&pageNum=1&advanced=true HTTP/1.1" 200 125160 "-" "Mozilla/5.0 (Windows NT 5.1) AppleWebKit/535.19 (KHTML, like Gecko) Chrome"
192.168.92.26 - - [08/Nov/2013:00:00:13 +0000] "GET /yell/footer.html HTTP/1.1" 200 4308 "-" "Java/1.6.0_24"
91.125.32.171 - - [08/Nov/2013:00:00:13 +0000] "GET /css/min/1.1.2013.R09.00.02/yelldotcom/default/related-ads.css HTTP/1.1" 200 429 "http://www.yell.com/biz/longton-cake-supplies-stoke-on-trent-4100247/" "Mozilla/5.0 (compatible; MSIE 10.0; Windows NT 6.1; WOW64; Trident/6.0)"
91.125.32.171 - - [08/Nov/2013:00:00:13 +0000] "GET /css/min/1.1.2013.R09.00.02/yelldotcom/default/all-classic.css HTTP/1.1" 200 13800 "http://www.yell.com/biz/longton-cake-supplies-stoke-on-trent-4100247/" "Mozilla/5.0 (compatible; MSIE 10.0; Windows NT 6.1; WOW64; Trident/6.0)"
192.168.92.26 - - [08/Nov/2013:00:00:13 +0000] "GET /yell/footer.html HTTP/1.1" 200 4308 "-" "Java/1.6.0_24"
192.168.92.20 - - [08/Nov/2013:00:00:13 +0000] "GET /yell/search_social.html HTTP/1.1" 200 1402 "-" "Java/1.6.0_24"
192.168.92.20 - - [08/Nov/2013:00:00:13 +0000] "GET /yell/header.html HTTP/1.1" 200 1401 "-" "Java/1.6.0_24"
192.168.92.26 - - [08/Nov/2013:00:00:13 +0000] "GET /yell/search_social.html HTTP/1.1" 200 1402 "-" "Java/1.6.0_24"
192.168.92.20 - - [08/Nov/2013:00:00:13 +0000] "GET /yell/search_social.html HTTP/1.1" 200 1402 "-" "Java/1.6.0_24"
192.168.92.20 - - [08/Nov/2013:00:00:13 +0000] "GET /yell/search_social.html HTTP/1.1" 200 1402 "-" "Java/1.6.0_24"
37.221.160.203 - - [08/Nov/2013:00:00:13 +0000] "GET http://www.yell.com/biz/jackson-homes-scopwick-ltd-lincoln-4230494/ HTTP/1.1" 200 21075 "-" "Mozilla/5.0 (X11; Linux x86_64) AppleWebKit/537.22 (KHTML, like Gecko) Ubuntu Chromium/25.0.1364.160 Chrome/25.0.1364.160 Safari/537.22"
192.168.92.20 - - [08/Nov/2013:00:00:13 +0000] "GET /yell/search_social.html HTTP/1.1" 200 1402 "-" "Java/1.6.0_24"
192.168.92.20 - - [08/Nov/2013:00:00:13 +0000] "GET /yell/header.html HTTP/1.1" 200 1401 "-" "Java/1.6.0_24"
91.125.32.171 - - [08/Nov/2013:00:00:13 +0000] "GET /jscript/min/1.1.2013.R09.00.02/yelldotcom/default/all-classic.js HTTP/1.1" 200 8860 "http://www.yell.com/biz/longton-cake-supplies-stoke-on-trent-4100247/" "Mozilla/5.0 (compatible; MSIE 10.0; Windows NT 6.1; WOW64; Trident/6.0)"
91.125.32.171 - - [08/Nov/2013:00:00:13 +0000] "GET /jscript/min/1.1.2013.R09.00.02/yelldotcom/default/related-ads.js HTTP/1.1" 200 553 "http://www.yell.com/biz/longton-cake-supplies-stoke-on-trent-4100247/" "Mozilla/5.0 (compatible; MSIE 10.0; Windows NT 6.1; WOW64; Trident/6.0)"
192.168.92.20 - - [08/Nov/2013:00:00:13 +0000] "GET /yell/footer.html HTTP/1.1" 200 4308 "-" "Java/1.6.0_24"
91.125.32.171 - - [08/Nov/2013:00:00:13 +0000] "GET /js/omniture-H.23.8.js HTTP/1.1" 200 13228 "http://www.yell.com/biz/longton-cake-supplies-stoke-on-trent-4100247/" "Mozilla/5.0 (compatible; MSIE 10.0; Windows NT 6.1; WOW64; Trident/6.0)"
37.221.160.203 - - [08/Nov/2013:00:00:13 +0000] "GET http://www.yell.com/biz/jackson-howes-high-wycombe-4123395/ HTTP/1.1" 200 22865 "-" "Mozilla/5.0 (X11; Linux x86_64) AppleWebKit/537.22 (KHTML, like Gecko) Ubuntu Chromium/25.0.1364.160 Chrome/25.0.1364.160 Safari/537.22"
37.221.160.203 - - [08/Nov/2013:00:00:13 +0000] "GET http://www.yell.com/biz/jackson-hips-stanley-6545659/ HTTP/1.1" 200 22540 "-" "Mozilla/5.0 (X11; Linux x86_64) AppleWebKit/537.22 (KHTML, like Gecko) Ubuntu Chromium/25.0.1364.160 Chrome/25.0.1364.160 Safari/537.22"
37.221.160.203 - - [08/Nov/2013:00:00:13 +0000] "GET http://www.yell.com/biz/jackson-heights-aeriels-atherstone-4965512/ HTTP/1.1" 200 22907 "-" "Mozilla/5.0 (X11; Linux x86_64) AppleWebKit/537.22 (KHTML, like Gecko) Ubuntu Chromium/25.0.1364.160 Chrome/25.0.1364.160 Safari/537.22"
192.168.92.20 - - [08/Nov/2013:00:00:13 +0000] "GET /yell/header.html HTTP/1.1" 200 1401 "-" "Java/1.6.0_24"
66.249.66.99 - - [08/Nov/2013:00:00:12 +0000] "GET /s/livery+companies-benfleet.html HTTP/1.1" 200 3818 "-" "Mozilla/5.0 (iPhone; CPU iPhone OS 6_0 like Mac OS X) AppleWebKit/536.26 (KHTML, like Gecko) Version/6.0 Mobile/10A5376e Safari/8536.25 (compatible; Googlebot-Mobile/2.1; +http://www.google.com/bot.html)"
37.221.160.203 - - [08/Nov/2013:00:00:13 +0000] "GET http://www.yell.com/biz/jackson-immigration-advisory-service-ltd-croydon-7175478/ HTTP/1.1" 200 23205 "-" "Mozilla/5.0 (X11; Linux x86_64) AppleWebKit/537.22 (KHTML, like Gecko) Ubuntu Chromium/25.0.1364.160 Chrome/25.0.1364.160 Safari/537.22"
66.249.66.98 - - [08/Nov/2013:00:00:12 +0000] "GET /s/chinese+restaurants-sw6.html HTTP/1.1" 200 4717 "-" "Mozilla/5.0 (iPhone; CPU iPhone OS 6_0 like Mac OS X) AppleWebKit/536.26 (KHTML, like Gecko) Version/6.0 Mobile/10A5376e Safari/8536.25 (compatible; Googlebot-Mobile/2.1; +http://www.google.com/bot.html)"
37.221.160.203 - - [08/Nov/2013:00:00:13 +0000] "GET http://www.yell.com/biz/jackson-howes-beaconsfield-3929184/ HTTP/1.1" 200 22791 "-" "Mozilla/5.0 (X11; Linux x86_64) AppleWebKit/537.22 (KHTML, like Gecko) Ubuntu Chromium/25.0.1364.160 Chrome/25.0.1364.160 Safari/537.22"
66.249.66.99 - - [08/Nov/2013:00:00:12 +0000] "GET /s/car+air+conditioning-curborough.html HTTP/1.1" 200 20268 "-" "Mozilla/5.0 (compatible; Googlebot/2.1; +http://www.google.com/bot.html)"
91.125.32.171 - - [08/Nov/2013:00:00:13 +0000] "GET /img/2011r07_search-sprite.png HTTP/1.1" 200 29298 "http://www.yell.com/biz/longton-cake-supplies-stoke-on-trent-4100247/" "Mozilla/5.0 (compatible; MSIE 10.0; Windows NT 6.1; WOW64; Trident/6.0)"
192.168.92.21 - - [08/Nov/2013:00:00:13 +0000] "GET /yell/footer.html HTTP/1.1" 200 4308 "-" "Java/1.6.0_24"
91.125.32.171 - - [08/Nov/2013:00:00:13 +0000] "GET /fonts/responder/yelldotcom/default/yecorp5-webfont.eot? HTTP/1.1" 200 19792 "http://www.yell.com/biz/longton-cake-supplies-stoke-on-trent-4100247/" "Mozilla/5.0 (compatible; MSIE 10.0; Windows NT 6.1; WOW64; Trident/6.0)"
81.149.121.64 - - [08/Nov/2013:00:00:13 +0000] "GET /autocomplete/autoComplete.do?type=location&value=County%20Down HTTP/1.1" 200 59 "http://www.yell.com/ucs/UcsSearchAction.do?keywords=mechanical+and+electrical+contractors&location=county+down&scrambleSeed=48791540&searchType=&M=&bandedclarifyResults=&ssm=1&autocomplete=lo_recent" "Mozilla/5.0 (iPad; CPU OS 6_1_3 like Mac OS X) AppleWebKit/536.26 (KHTML, like Gecko) Version/6.0 Mobile/10B329 Safari/8536.25"
37.221.160.203 - - [08/Nov/2013:00:00:13 +0000] "GET http://www.yell.com/biz/jackson-jeffrey-financial-services-ltd-warwick-6109162/ HTTP/1.1" 200 23166 "-" "Mozilla/5.0 (X11; Linux x86_64) AppleWebKit/537.22 (KHTML, like Gecko) Ubuntu Chromium/25.0.1364.160 Chrome/25.0.1364.160 Safari/537.22"
91.125.32.171 - - [08/Nov/2013:00:00:13 +0000] "GET /img/2012r07_bip-cta.png?R07 HTTP/1.1" 200 2921 "http://www.yell.com/biz/longton-cake-supplies-stoke-on-trent-4100247/" "Mozilla/5.0 (compatible; MSIE 10.0; Windows NT 6.1; WOW64; Trident/6.0)"
81.131.107.203 - - [08/Nov/2013:00:00:13 +0000] "GET /img/2011r07_search-sprite.png HTTP/1.1" 200 29298 "http://www.yell.com/biz/beauty-angel-dungannon-6862041/" "Mozilla/5.0 (iPad; CPU OS 7_0_3 like Mac OS X) AppleWebKit/537.51.1 (KHTML, like Gecko) Mobile/11B511"
192.168.92.21 - - [08/Nov/2013:00:00:13 +0000] "GET /yell/search_social.html HTTP/1.1" 200 1402 "-" "Java/1.6.0_24"
81.131.107.203 - - [08/Nov/2013:00:00:13 +0000] "GET /img/2012r07_bip-cta.png?R07 HTTP/1.1" 200 2921 "http://www.yell.com/biz/beauty-angel-dungannon-6862041/" "Mozilla/5.0 (iPad; CPU OS 7_0_3 like Mac OS X) AppleWebKit/537.51.1 (KHTML, like Gecko) Mobile/11B511"
157.55.35.86 - - [08/Nov/2013:00:00:12 +0000] "GET /s/car+salvage-nether+padley.html HTTP/1.1" 200 20009 "-" "Mozilla/5.0 (compatible; bingbot/2.0; +http://www.bing.com/bingbot.htm)"
91.125.32.171 - - [08/Nov/2013:00:00:13 +0000] "GET /img/sm_000_oo.gif HTTP/1.1" 200 597 "http://www.yell.com/biz/longton-cake-supplies-stoke-on-trent-4100247/" "Mozilla/5.0 (compatible; MSIE 10.0; Windows NT 6.1; WOW64; Trident/6.0)"
87.106.91.228 - - [08/Nov/2013:00:00:13 +0000] "GET /ucs/UcsSearchAction.do?startAt=10&keywords=Family+Planning&location=BH2&scrambleSeed=39517908&ssm=1&showOoa=10&pageNum=3&advanced=true HTTP/1.1" 200 43466 "-" "Mozilla/5.0 (compatible; MSIE 9.0; Windows NT 6.1; WOW64; Trident/5.0)2011-10-16 20:21:07"
91.125.32.171 - - [08/Nov/2013:00:00:13 +0000] "GET /img/2010r09_header-sprite.png HTTP/1.1" 200 10899 "http://www.yell.com/biz/longton-cake-supplies-stoke-on-trent-4100247/" "Mozilla/5.0 (compatible; MSIE 10.0; Windows NT 6.1; WOW64; Trident/6.0)"
66.249.66.94 - - [08/Nov/2013:00:00:12 +0000] "GET /s/livery+companies-hazel+grove+hu17.html?view=map HTTP/1.1" 200 3632 "-" "Mozilla/5.0 (iPhone; CPU iPhone OS 6_0 like Mac OS X) AppleWebKit/536.26 (KHTML, like Gecko) Version/6.0 Mobile/10A5376e Safari/8536.25 (compatible; Googlebot-Mobile/2.1; +http://www.google.com/bot.html)"
192.168.92.26 - - [08/Nov/2013:00:00:13 +0000] "GET /yell/footer.html HTTP/1.1" 200 4308 "-" "Java/1.6.0_24"
91.125.32.171 - - [08/Nov/2013:00:00:13 +0000] "GET /img/footer-sprite-2011.jpg HTTP/1.1" 200 1216 "http://www.yell.com/biz/longton-cake-supplies-stoke-on-trent-4100247/" "Mozilla/5.0 (compatible; MSIE 10.0; Windows NT 6.1; WOW64; Trident/6.0)"
91.125.32.171 - - [08/Nov/2013:00:00:13 +0000] "GET /jscript/min/1.1.2013.R09.00.02/yelldotcom/default/all-global.js HTTP/1.1" 200 83737 "http://www.yell.com/biz/longton-cake-supplies-stoke-on-trent-4100247/" "Mozilla/5.0 (compatible; MSIE 10.0; Windows NT 6.1; WOW64; Trident/6.0)"
87.106.91.228 - - [08/Nov/2013:00:00:12 +0000] "GET /ucs/UcsSearchAction.do?startAt=10&keywords=Electrical+Contractors&location=BD19&scrambleSeed=39517908&ssm=1&showOoa=10&pageNum=3&advanced=true HTTP/1.1" 200 121160 "-" "Mozilla/5.0 (Windows; U; Windows NT 6.1; en-US; rv:1.9.2.23) Gecko/20110920 Firefox/3.6.23 SearchToolbar/1.22011-10-16 20:20:07"
37.221.160.203 - - [08/Nov/2013:00:00:13 +0000] "GET http://www.yell.com/biz/jackson-lee-underwriting-totnes-5349302/ HTTP/1.1" 200 22976 "-" "Mozilla/5.0 (X11; Linux x86_64) AppleWebKit/537.22 (KHTML, like Gecko) Ubuntu Chromium/25.0.1364.160 Chrome/25.0.1364.160 Safari/537.22"
192.168.92.20 - - [08/Nov/2013:00:00:13 +0000] "GET /yell/footer.html HTTP/1.1" 200 4308 "-" "Java/1.6.0_24"
192.168.92.21 - - [08/Nov/2013:00:00:13 +0000] "GET /yell/footer.html HTTP/1.1" 200 4308 "-" "Java/1.6.0_24"
192.168.92.25 - - [08/Nov/2013:00:00:13 +0000] "GET /yell/search_social.html HTTP/1.1" 200 1402 "-" "Java/1.6.0_24"
192.168.92.25 - - [08/Nov/2013:00:00:13 +0000] "GET /yell/header.html HTTP/1.1" 200 1401 "-" "Java/1.6.0_24"
192.168.92.26 - - [08/Nov/2013:00:00:13 +0000] "GET /yell/search_social.html HTTP/1.1" 200 1402 "-" "Java/1.6.0_24"
192.168.92.26 - - [08/Nov/2013:00:00:13 +0000] "GET /yell/header.html HTTP/1.1" 200 1401 "-" "Java/1.6.0_24"
192.168.92.21 - - [08/Nov/2013:00:00:13 +0000] "GET /yell/header.html HTTP/1.1" 200 1401 "-" "Java/1.6.0_24"
157.56.92.151 - - [08/Nov/2013:00:00:13 +0000] "GET /biz/edward-watts-opticians-brentwood-1287854/ HTTP/1.1" 200 7463 "-" "adidxbot/2.0 (+http://search.msn.com/msnbot.htm)"
192.168.92.26 - - [08/Nov/2013:00:00:13 +0000] "GET /yell/footer.html HTTP/1.1" 200 4308 "-" "Java/1.6.0_24"
192.168.92.26 - - [08/Nov/2013:00:00:13 +0000] "GET /yell/footer.html HTTP/1.1" 200 4308 "-" "Java/1.6.0_24"
192.168.92.20 - - [08/Nov/2013:00:00:13 +0000] "GET /yell/header.html HTTP/1.1" 200 1401 "-" "Java/1.6.0_24"
81.131.107.203 - - [08/Nov/2013:00:00:13 +0000] "GET /fonts/responder/yelldotcom/default/yecorp5-webfont.woff HTTP/1.1" 200 23070 "http://www.yell.com/biz/beauty-angel-dungannon-6862041/" "Mozilla/5.0 (iPad; CPU OS 7_0_3 like Mac OS X) AppleWebKit/537.51.1 (KHTML, like Gecko) Mobile/11B511"
192.168.92.20 - - [08/Nov/2013:00:00:13 +0000] "GET /yell/search_social.html HTTP/1.1" 200 1402 "-" "Java/1.6.0_24"
192.168.92.20 - - [08/Nov/2013:00:00:13 +0000] "GET /yell/header.html HTTP/1.1" 200 1401 "-" "Java/1.6.0_24"
192.168.92.25 - - [08/Nov/2013:00:00:13 +0000] "GET /yell/search_social.html HTTP/1.1" 200 1402 "-" "Java/1.6.0_24"
192.168.92.25 - - [08/Nov/2013:00:00:13 +0000] "GET /yell/header.html HTTP/1.1" 200 1401 "-" "Java/1.6.0_24"
192.168.92.20 - - [08/Nov/2013:00:00:13 +0000] "GET /yell/footer.html HTTP/1.1" 200 4308 "-" "Java/1.6.0_24"
192.168.92.25 - - [08/Nov/2013:00:00:13 +0000] "GET /yell/search_social.html HTTP/1.1" 200 1402 "-" "Java/1.6.0_24"
192.168.92.25 - - [08/Nov/2013:00:00:13 +0000] "GET /yell/header.html HTTP/1.1" 200 1401 "-" "Java/1.6.0_24"
192.168.92.21 - - [08/Nov/2013:00:00:13 +0000] "GET /yell/footer.html HTTP/1.1" 200 4308 "-" "Java/1.6.0_24"
89.241.244.213 - - [08/Nov/2013:00:00:13 +0000] "GET /biz/greenheys-police-station-manchester-3186307/ HTTP/1.1" 200 7445 "https://www.google.co.uk/" "Mozilla/5.0 (Windows NT 6.1; WOW64) AppleWebKit/537.36 (KHTML, like Gecko) Chrome/30.0.1599.101 Safari/537.36"
37.221.160.203 - - [08/Nov/2013:00:00:13 +0000] "GET http://www.yell.com/biz/jackson-joinery-manufacturing-ltd-salford-6137431/ HTTP/1.1" 200 23073 "-" "Mozilla/5.0 (X11; Linux x86_64) AppleWebKit/537.22 (KHTML, like Gecko) Ubuntu Chromium/25.0.1364.160 Chrome/25.0.1364.160 Safari/537.22"
157.55.34.74 - - [08/Nov/2013:00:00:12 +0000] "GET /s/car+body+repairs-reading.html HTTP/1.1" 200 19657 "-" "Mozilla/5.0 (compatible; bingbot/2.0; +http://www.bing.com/bingbot.htm)"
192.168.92.21 - - [08/Nov/2013:00:00:13 +0000] "GET /yell/header.html HTTP/1.1" 200 1401 "-" "Java/1.6.0_24"
199.30.20.126 - - [08/Nov/2013:00:00:13 +0000] "GET /static/image/0b4db415-b382-4df2-8ae3-fb1bdbe17636_image_jpeg?t=tr/w:132/h:97/m:FitPad HTTP/1.1" 200 2654 "-" "msnbot-media/1.1 (+http://search.msn.com/msnbot.htm)"
66.249.66.97 - - [08/Nov/2013:00:00:11 +0000] "GET /s/pilates-temple+mills-east+london.html HTTP/1.1" 200 18622 "-" "Mozilla/5.0 (compatible; Googlebot/2.1; +http://www.google.com/bot.html)"
62.25.109.197 - - [08/Nov/2013:00:00:13 +0000] "GET /autocomplete/autoComplete.do?type=location&value=bury HTTP/1.1" 200 488 "http://www.yell.com/" "Mozilla/4.0 (compatible; MSIE 6.0; Windows NT 5.1; SV1; .NET CLR 1.1.4322; .NET CLR 2.0.50727; .NET CLR 3.0.4506.2152; .NET CLR 3.5.30729; .NET4.0C; .NET4.0E)"
192.168.92.21 - - [08/Nov/2013:00:00:13 +0000] "GET /yell/search_social.html HTTP/1.1" 200 1402 "-" "Java/1.6.0_24"
66.249.66.102 - - [08/Nov/2013:00:00:13 +0000] "GET /s/gold+buyers-quarter.html HTTP/1.1" 200 19455 "-" "Mozilla/5.0 (compatible; Googlebot/2.1; +http://www.google.com/bot.html)"
192.168.92.26 - - [08/Nov/2013:00:00:13 +0000] "GET /yell/header.html HTTP/1.1" 200 1401 "-" "Java/1.6.0_24"
192.168.92.21 - - [08/Nov/2013:00:00:13 +0000] "GET /yell/header.html HTTP/1.1" 200 1401 "-" "Java/1.6.0_24"
192.168.92.26 - - [08/Nov/2013:00:00:13 +0000] "GET /yell/header.html HTTP/1.1" 200 1401 "-" "Java/1.6.0_24"
192.168.92.20 - - [08/Nov/2013:00:00:14 +0000] "GET /yell/search_social.html HTTP/1.1" 200 1402 "-" "Java/1.6.0_24"
66.249.66.126 - - [08/Nov/2013:00:00:13 +0000] "GET /b/Legacy+Service+Station-Battery+Servicing-Wrexham-LL141EH-268233/index.html HTTP/1.1" 404 6514 "-" "Mozilla/5.0 (compatible; Googlebot/2.1; +http://www.google.com/bot.html)"
89.241.244.213 - - [08/Nov/2013:00:00:14 +0000] "GET /css/min/1.1.2013.R09.00.02/yelldotcom/default/all-global.css HTTP/1.1" 200 4329 "http://www.yell.com/biz/greenheys-police-station-manchester-3186307/" "Mozilla/5.0 (Windows NT 6.1; WOW64) AppleWebKit/537.36 (KHTML, like Gecko) Chrome/30.0.1599.101 Safari/537.36"
192.168.92.20 - - [08/Nov/2013:00:00:14 +0000] "GET /yell/footer.html HTTP/1.1" 200 4308 "-" "Java/1.6.0_24"
192.168.92.26 - - [08/Nov/2013:00:00:14 +0000] "GET /yell/search_social.html HTTP/1.1" 200 1402 "-" "Java/1.6.0_24"
- - - [08/Nov/2013:00:00:14 +0000] "OPTIONS * HTTP/1.0" 200 - "-" "Apache (internal dummy connection)"
192.168.92.26 - - [08/Nov/2013:00:00:14 +0000] "GET /yell/header.html HTTP/1.1" 200 1401 "-" "Java/1.6.0_24"
89.241.244.213 - - [08/Nov/2013:00:00:14 +0000] "GET /css/min/1.1.2013.R09.00.02/yelldotcom/default/related-ads.css HTTP/1.1" 200 429 "http://www.yell.com/biz/greenheys-police-station-manchester-3186307/" "Mozilla/5.0 (Windows NT 6.1; WOW64) AppleWebKit/537.36 (KHTML, like Gecko) Chrome/30.0.1599.101 Safari/537.36"
89.241.244.213 - - [08/Nov/2013:00:00:14 +0000] "GET /css/min/1.1.2013.R09.00.02/yelldotcom/default/all-classic.css HTTP/1.1" 200 13800 "http://www.yell.com/biz/greenheys-police-station-manchester-3186307/" "Mozilla/5.0 (Windows NT 6.1; WOW64) AppleWebKit/537.36 (KHTML, like Gecko) Chrome/30.0.1599.101 Safari/537.36"
192.168.92.20 - - [08/Nov/2013:00:00:14 +0000] "GET /yell/footer.html HTTP/1.1" 200 4308 "-" "Java/1.6.0_24"
192.168.92.26 - - [08/Nov/2013:00:00:14 +0000] "GET /yell/footer.html HTTP/1.1" 200 4308 "-" "Java/1.6.0_24"
192.168.92.26 - - [08/Nov/2013:00:00:14 +0000] "GET /yell/search_social.html HTTP/1.1" 200 1402 "-" "Java/1.6.0_24"
192.168.92.26 - - [08/Nov/2013:00:00:14 +0000] "GET /yell/header.html HTTP/1.1" 200 1401 "-" "Java/1.6.0_24"
192.168.92.26 - - [08/Nov/2013:00:00:14 +0000] "GET /yell/footer.html HTTP/1.1" 200 4308 "-" "Java/1.6.0_24"
192.168.92.26 - - [08/Nov/2013:00:00:14 +0000] "GET /yell/footer.html HTTP/1.1" 200 4308 "-" "Java/1.6.0_24"
89.241.244.213 - - [08/Nov/2013:00:00:14 +0000] "GET /jscript/min/1.1.2013.R09.00.02/yelldotcom/default/all-global.js HTTP/1.1" 200 83737 "http://www.yell.com/biz/greenheys-police-station-manchester-3186307/" "Mozilla/5.0 (Windows NT 6.1; WOW64) AppleWebKit/537.36 (KHTML, like Gecko) Chrome/30.0.1599.101 Safari/537.36"
192.168.92.60 - - [08/Nov/2013:00:00:14 +0000] "GET /yell/header.html HTTP/1.1" 200 1401 "-" "Java/1.6.0_20"
192.168.92.20 - - [08/Nov/2013:00:00:14 +0000] "GET /yell/header.html HTTP/1.1" 200 1401 "-" "Java/1.6.0_24"
192.168.92.20 - - [08/Nov/2013:00:00:14 +0000] "GET /yell/footer.html HTTP/1.1" 200 4308 "-" "Java/1.6.0_24"
192.168.92.20 - - [08/Nov/2013:00:00:14 +0000] "GET /yell/search_social.html HTTP/1.1" 200 1402 "-" "Java/1.6.0_24"
81.131.107.203 - - [08/Nov/2013:00:00:14 +0000] "GET /img/2010r09_header-sprite.png HTTP/1.1" 200 10899 "http://www.yell.com/biz/beauty-angel-dungannon-6862041/" "Mozilla/5.0 (iPad; CPU OS 7_0_3 like Mac OS X) AppleWebKit/537.51.1 (KHTML, like Gecko) Mobile/11B511"
192.168.92.26 - - [08/Nov/2013:00:00:14 +0000] "GET /yell/footer.html HTTP/1.1" 200 4308 "-" "Java/1.6.0_24"
81.131.107.203 - - [08/Nov/2013:00:00:14 +0000] "GET /img/sm_000_oo.gif HTTP/1.1" 200 597 "http://www.yell.com/biz/beauty-angel-dungannon-6862041/" "Mozilla/5.0 (iPad; CPU OS 7_0_3 like Mac OS X) AppleWebKit/537.51.1 (KHTML, like Gecko) Mobile/11B511"
192.168.92.57 - - [08/Nov/2013:00:00:14 +0000] "GET /yell/footer.html HTTP/1.1" 200 4308 "-" "Java/1.6.0_20"
81.131.107.203 - - [08/Nov/2013:00:00:14 +0000] "GET /img/footer-sprite-2011.jpg HTTP/1.1" 200 1216 "http://www.yell.com/biz/beauty-angel-dungannon-6862041/" "Mozilla/5.0 (iPad; CPU OS 7_0_3 like Mac OS X) AppleWebKit/537.51.1 (KHTML, like Gecko) Mobile/11B511"
66.249.66.101 - - [08/Nov/2013:00:00:13 +0000] "GET /s/golf+lessons-allerton+bywater-castleford.html HTTP/1.1" 200 15529 "-" "Mozilla/5.0 (compatible; Googlebot/2.1; +http://www.google.com/bot.html)"
91.125.32.171 - - [08/Nov/2013:00:00:14 +0000] "GET /img/2012r07_bip-subnav.png HTTP/1.1" 200 2161 "http://www.yell.com/biz/longton-cake-supplies-stoke-on-trent-4100247/" "Mozilla/5.0 (compatible; MSIE 10.0; Windows NT 6.1; WOW64; Trident/6.0)"
66.249.66.109 - - [08/Nov/2013:00:00:12 +0000] "GET /s/asbestos+services-earlswood+station-solihull.html HTTP/1.1" 200 18690 "-" "Mozilla/5.0 (compatible; Googlebot/2.1; +http://www.google.com/bot.html)"
157.55.34.180 - - [08/Nov/2013:00:00:13 +0000] "GET /s/cosmetic+surgery-cf10.html HTTP/1.1" 200 17692 "-" "Mozilla/5.0 (compatible; bingbot/2.0; +http://www.bing.com/bingbot.htm)"
66.249.66.133 - - [08/Nov/2013:00:00:14 +0000] "GET /b/Lumphanan+Stores-Grocers+and+Convenience+Stores-Banchory-AB314TE-6656940/ HTTP/1.1" 404 6514 "-" "Mozilla/5.0 (compatible; Googlebot/2.1; +http://www.google.com/bot.html)"
